run_DIAGCAUCHY_231757 rc=0 3.7s
run_DIAGGUARD2_233403 rc=0 3.1s
run_E4R2-GOFF-D10-LODOM_100819 rc=0 3.2s
run_E4R2-GOFF-D10_095056 rc=0 2.2s
run_E4R2-GOFF-D30-I125_103836 rc=0 0.9s
run_E4R2-GOFF-D30_102511 rc=0 2.2s
run_E4R2-GOFF-D60_103420 rc=0 2.3s
run_E4R2-GON-D10_095654 rc=0 2.3s
run_E4R2-GON-D30_101723 rc=0 3.2s
run_E4R2-REGRESS_104334 rc=0 2.4s
run_E4_GOFF_D10_193039 rc=0 2.8s
run_E4_GOFF_D10_R2_194927 rc=0 2.8s
run_F3-P1B_095639 rc=0 3.7s
run_F3B10_154733 rc=0 1.5s
run_F3B12_160420 rc=0 2.8s
run_F3B13_161000 rc=0 1.5s
run_F3B14_163613 rc=0 1.9s
run_F3B15_190535 rc=0 2.8s
run_F3B2_035213 rc=0 2.3s
run_F3B3_042444 rc=0 0.7s
run_F3B4_043658 rc=0 0.7s
run_F3B5_092608 rc=0 1.5s
run_F3B6_093203 rc=0 2.1s
run_F3B7_093720 rc=0 1.6s
run_F3B8_094417 rc=0 1.7s
run_F3B9_094909 rc=0 1.5s
run_HVNET1_050936 rc=0 1.4s
run_HVNET2_051401 rc=0 1.3s
run_RAREP1_051826 rc=0 1.3s
run_SUPHV2a_230310 rc=0 3.1s
run_SUPHV2b_230920 rc=0 3.9s
run_SUPHV3a_001611 rc=0 1.8s
run_SUPHV3b_001918 rc=0 1.8s
run_SUPHVa_224750 rc=0 2.0s
run_SUPP2A_234133 rc=0 3.1s
run_SUPP2Av2_235010 rc=0 3.5s
run_SUPP2Av3_235735 rc=0 3.1s
run_SUPP3INJ_000528 rc=0 3.1s
run_SUPX1b_224122 rc=0 3.8s
run_SUPX2a_225543 rc=0 1.6s
run_SUPX2b_230005 rc=0 1.4s
run_T2BL1_201552 rc=0 0.7s
run_T2BL2_201729 rc=0 4.7s
run_T2BL3_202549 rc=0 0.8s
run_T2BL4_202722 rc=0 3.9s
run_T2BL5_203404 rc=0 3.0s
run_T2BL6_203956 rc=0 2.0s
run_T2BL7_204325 rc=0 3.4s
run_T2BL8_204921 rc=0 1.7s
run_T2BL9_205405 rc=0 3.4s
run_T2M0_010259 rc=0 2.4s
run_T2MACH10_020846 rc=0 4.2s
run_T2MACH11_021559 rc=0 4.2s
run_T2MACH12_022312 rc=0 4.3s
run_T2MACH1_010832 rc=0 2.9s
run_T2MACH2_011343 rc=0 2.4s
run_T2MACH4_012523 rc=0 4.2s
run_T2MACH5_013233 rc=0 4.2s
run_T2MACH6_013944 rc=0 4.2s
run_T2MACH7_014657 rc=0 4.3s
run_T2MACH9_020133 rc=0 4.3s
run_T2RA10_132515 rc=0 7.8s
run_T2RA12hov_133845 rc=0 2.5s
run_T2RA13_134733 rc=0 4.5s
run_T2RA14_135448 rc=0 4.4s
run_T2RA15_140205 rc=0 5.5s
run_T2RA16_141056 rc=0 8.2s
run_T2RA17hov_142425 rc=0 2.5s
run_T2RA19_143516 rc=0 2.5s
run_T2RA1_122012 rc=0 2.5s
run_T2RA20_143940 rc=0 4.3s
run_T2RA21_144657 rc=0 7.9s
run_T2RA22_145941 rc=0 7.8s
run_T2RA23hov_151312 rc=0 3.0s
run_T2RA2_122435 rc=0 4.3s
run_T2RA3_123151 rc=0 7.8s
run_T2RA4_124434 rc=0 7.7s
run_T2RA5hover_121549 rc=0 2.4s
run_T2RA7_125801 rc=0 4.0s
run_T2RA8_130517 rc=0 4.2s
run_T2RA9_131232 rc=0 7.8s
run_T2U4OBS1_031909 rc=0 2.1s
run_T2U4OBS1r_032512 rc=0 4.0s
run_T2U4OBS2_033232 rc=0 4.0s
run_T2ZETA1_131820 rc=0 3.1s
run_T2ZETA2_132510 rc=0 3.7s
run_T2ZETA3_133227 rc=0 3.1s
run_T2ZETA4_135544 rc=0 1.1s
run_T2ZETA5_140137 rc=0 3.6s
run_T2ZETACTL2_134622 rc=0 0.7s
run_T3U1V_023428 rc=0 4.2s
run_U25FIX_035839 rc=0 3.0s
run_U3PO_211438 rc=0 4.1s
run_U7OL1_195920 rc=0 3.7s
run_U7OL2_202043 rc=0 2.2s
run_VRFY1_023908 rc=0 2.2s
run_VRFY2_040542 rc=0 1.2s
run_VRG1_025100 rc=0 1.2s
run_health_smoke_1_220521 rc=0 3.3s
run_health_smoke_2_221729 rc=0 2.1s
ALL_DONE 100
