{
 "p_sat": {
  "n": 73,
  "p10": 3.2552083333333335e-06,
  "p50": 1.6276041666666666e-05,
  "p90": 7.812500000000002e-05,
  "p90_ci": [
   7.486979166666666e-05,
   8.138020833333333e-05
  ],
  "med_ci": [
   1.3020833333333334e-05,
   6.184895833333334e-05
  ]
 },
 "hist_range_p1_p99": {
  "n": 73,
  "p10": 149.0,
  "p50": 149.0,
  "p90": 150.0,
  "p90_ci": [
   150.0,
   150.0
  ],
  "med_ci": [
   149.0,
   149.0
  ]
 },
 "med_gray": {
  "n": 73,
  "p10": 81.0,
  "p50": 83.0,
  "p90": 83.0,
  "p90_ci": [
   83.0,
   83.0
  ],
  "med_ci": [
   81.0,
   83.0
  ]
 },
 "corners_gFT": {
  "n": 73,
  "p10": 67.2,
  "p50": 90.0,
  "p90": 95.0,
  "p90_ci": [
   95.0,
   97.0
  ],
  "med_ci": [
   71.0,
   92.0
  ]
 },
 "supply_frac": {
  "n": 73,
  "p10": 0.44799999999999995,
  "p50": 0.6,
  "p90": 0.6333333333333333,
  "p90_ci": [
   0.6333333333333333,
   0.6466666666666666
  ],
  "med_ci": [
   0.47333333333333333,
   0.6133333333333333
  ]
 },
 "grid4x4_occupancy_frac": {
  "n": 73,
  "p10": 0.5625,
  "p50": 0.625,
  "p90": 0.6875,
  "p90_ci": [
   0.625,
   0.6875
  ],
  "med_ci": [
   0.625,
   0.625
  ]
 },
 "grad_med": {
  "n": 73,
  "p10": 8.246211051940918,
  "p50": 8.246211051940918,
  "p90": 8.485280990600586,
  "p90_ci": [
   8.485280990600586,
   8.485280990600586
  ],
  "med_ci": [
   8.246211051940918,
   8.246211051940918
  ]
 },
 "grad_dir_maxbin_frac": {
  "n": 73,
  "p10": 0.2447908788919449,
  "p50": 0.24621905386447906,
  "p90": 0.24734427332878112,
  "p90_ci": [
   0.24731804430484772,
   0.24770303070545197
  ],
  "med_ci": [
   0.24563370645046234,
   0.24664834141731262
  ]
 },
 "grad_dir_entropy_norm": {
  "n": 73,
  "p10": 0.8239502760491961,
  "p50": 0.8245592953036963,
  "p90": 0.8252410517424281,
  "p90_ci": [
   0.8251630188820482,
   0.8256776563195858
  ],
  "med_ci": [
   0.8242973160599683,
   0.8247099993585739
  ]
 },
 "d12_sigma_flat": {
  "n": 68,
  "p10": 1.064497071749555,
  "p50": 1.068438055539736,
  "p90": 1.0715169450814133,
  "p90_ci": [
   1.0703861554786374,
   1.0730368356069389
  ],
  "med_ci": [
   1.0678184436268825,
   1.0691210979602253
  ]
 },
 "d12_sigma_p25": {
  "n": 68,
  "p10": 1.0247713126239337,
  "p50": 1.0307763703116568,
  "p90": 1.0354105005991268,
  "p90_ci": [
   1.0350567199527263,
   1.0373870192068937
  ],
  "med_ci": [
   1.029647003358959,
   1.0319859005702225
  ]
 },
 "gamma_pair": {
  "n": 69,
  "p10": 1.0,
  "p50": 1.0,
  "p90": 1.0,
  "p90_ci": [
   1.0,
   1.0
  ],
  "med_ci": [
   1.0,
   1.0
  ]
 }
}
