[0m[INFO] [1790620091.360951045]: init begins[0m
vins stack guard: RLIMIT_STACK soft -> 512 MB
config_file: /home/uav/catkin_ws/src/VINS-Fusion/config/sim_stereo/d1_replay_smooth.yaml
USE_IMU: 1
IMU_TOPIC: /mavros/imu/data_raw
REANCHOR_SMOOTH: 1 frames: 15
result path /home/uav/vins_output//vio.csv
[33m[WARN] [1790620091.364426170]:  Optimize extrinsic param around initial guess![0m
camera number 2
[0m[INFO] [1790620091.364811868]: Synchronized sensors, fix time offset: 0[0m
[0m[INFO] [1790620091.364820847]: ROW: 480 COL: 640 [0m
 exitrinsic cam 0
 0  0  1
-1  0  0
 0 -1  0
0.12 0.05 0.03
 exitrinsic cam 1
 0  0  1
-1  0  0
 0 -1  0
 0.12 -0.05  0.03
set g    0    0 9.81
[33m[WARN] [1790620091.365163233]: waiting for image and imu...[0m
[0m[INFO] [1790620091.364884569]: reading paramerter of camera /home/uav/catkin_ws/src/VINS-Fusion/config/sim_stereo/left.yaml[0m
[0m[INFO] [1790620091.365097950]: reading paramerter of camera /home/uav/catkin_ws/src/VINS-Fusion/config/sim_stereo/right.yaml[0m
MULTIPLE_THREAD is 1
init first imu pose
averge acc 0.118265 -0.026173 9.732606
init R0 
   0.999926 3.26749e-05  -0.0121504
          0    0.999996  0.00268919
  0.0121505 -0.00268899    0.999923
[31m[ERROR] [1790620100.177958864, 15.948948941]: dt clamp: dt=16.91 imu_t=15.9080 prev=-1.0000 (domain split or IMU disorder?)[0m
[33m[WARN] [1790620101.159445088, 16.925357193]: T2SNAP pre AIF=11 fc=10 Vs: 0 0.00703 0.00648 0.00556 0.00764 0.0121 0.0168 0.0203 0.0251 0.0256 0.0312 Ps: 0 0.000333 0.000438 0.000455 0.000649 0.000189 0.000197 0.000989 0.000993 0.00117 0.000262[0m
[33m[WARN] [1790620101.159602682, 16.925357193]: gyroscope bias initial calibration  -0.0007151 -0.00193311 8.00295e-05[0m
[33m[WARN] [1790620101.189705938, 16.955577461]: T2OPT post-solve vmax=0.006129 @i=0 init_cost=5600 final_cost=242.5 iters=9 term=1[0m
feature tracking not enough, please slowly move you device! 
[T2slv] t=16.9080 phase=0 init_cost=5600.29 final_cost=242.451 iters=9 term=1 slv_ms=24.1
[0m[INFO] [1790620101.190343266, 16.955577461]: Initialization finish![0m
time: 16.908000, t: -0.000630 0.000704 -0.000298 q: 0.999968 -0.002729 -0.007472 -0.000151 
[T2slv] t=16.9800 phase=1 init_cost=366.035 final_cost=259.947 iters=9 term=1 slv_ms=22.1
[T2diag] t=16.9800 P=[-0.0018 0.0015 -0.0017] V=[-0.0025 0.0037 -0.0105] |Bas|=0.001923 |Bgs|=0.0022810 tic0=[0.1200 0.0500 0.0300] tic1=[0.1200 -0.0500 0.0300] td=0.00000 track=120
[0m[INFO] [1790620101.259418363, 17.026028867]:  big delta_angle [0m
time: 16.980000, t: -0.001796 0.001528 -0.001715 q: 0.999970 -0.002777 -0.007260 -0.000067 
[T2slv] t=17.1080 phase=1 init_cost=13.4887 final_cost=5.6408 iters=9 term=1 slv_ms=5.2
[T2diag] t=17.1080 P=[-0.0023 0.0031 0.0011] V=[-0.0056 0.0014 0.0010] |Bas|=0.011944 |Bgs|=0.0023733 tic0=[0.1200 0.0500 0.0300] tic1=[0.1200 -0.0500 0.0300] td=0.00000 track=34
time: 17.108000, t: -0.002332 0.003110 0.001077 q: 0.999970 -0.002464 -0.007393 -0.000118 
[T2slv] t=17.2080 phase=1 init_cost=8.95458 final_cost=6.78727 iters=9 term=1 slv_ms=8.6
[T2diag] t=17.2080 P=[0.0019 0.0068 0.0017] V=[-0.0014 0.0052 0.0030] |Bas|=0.016657 |Bgs|=0.0025847 tic0=[0.1200 0.0500 0.0300] tic1=[0.1200 -0.0500 0.0300] td=0.00000 track=102
time: 17.208000, t: 0.001906 0.006813 0.001668 q: 0.999967 -0.002805 -0.007566 -0.000936 
[T2slv] t=17.3080 phase=1 init_cost=16.9729 final_cost=11.5197 iters=9 term=1 slv_ms=8.1
[T2diag] t=17.3080 P=[0.0003 0.0050 0.0021] V=[-0.0060 -0.0005 0.0055] |Bas|=0.019908 |Bgs|=0.0023879 tic0=[0.1200 0.0500 0.0300] tic1=[0.1200 -0.0500 0.0300] td=0.00000 track=120
time: 17.308000, t: 0.000314 0.005021 0.002120 q: 0.999962 -0.002809 -0.008163 -0.000897 
[T2slv] t=17.4080 phase=1 init_cost=234.51 final_cost=98.2192 iters=9 term=1 slv_ms=12.1
[T2diag] t=17.4080 P=[0.0015 0.0034 -0.0005] V=[-0.0023 0.0010 0.0005] |Bas|=0.022433 |Bgs|=0.0020520 tic0=[0.1200 0.0500 0.0300] tic1=[0.1200 -0.0500 0.0300] td=0.00000 track=121
time: 17.408000, t: 0.001500 0.003430 -0.000517 q: 0.999960 -0.002752 -0.008524 -0.000503 
[T2slv] t=17.5080 phase=1 init_cost=18.1367 final_cost=15.7679 iters=9 term=1 slv_ms=10.6
[T2diag] t=17.5080 P=[0.0017 0.0033 -0.0007] V=[-0.0007 0.0003 0.0011] |Bas|=0.024792 |Bgs|=0.0019241 tic0=[0.1200 0.0500 0.0300] tic1=[0.1200 -0.0500 0.0300] td=0.00000 track=91
time: 17.508000, t: 0.001666 0.003262 -0.000682 q: 0.999958 -0.002732 -0.008724 -0.000578 
[T2slv] t=17.6080 phase=1 init_cost=20.1172 final_cost=16.8259 iters=9 term=1 slv_ms=26.6
[T2diag] t=17.6080 P=[0.0011 0.0033 -0.0006] V=[-0.0013 0.0020 0.0010] |Bas|=0.034134 |Bgs|=0.0018387 tic0=[0.1200 0.0500 0.0300] tic1=[0.1200 -0.0500 0.0300] td=0.00000 track=121
time: 17.608000, t: 0.001055 0.003315 -0.000646 q: 0.999955 -0.002396 -0.009115 -0.000482 
[T2slv] t=17.7080 phase=1 init_cost=19.4817 final_cost=16.1689 iters=9 term=1 slv_ms=7.6
[T2diag] t=17.7080 P=[0.0008 0.0033 -0.0008] V=[-0.0030 -0.0001 -0.0003] |Bas|=0.037903 |Bgs|=0.0018243 tic0=[0.1200 0.0500 0.0300] tic1=[0.1200 -0.0500 0.0300] td=0.00000 track=120
time: 17.708000, t: 0.000788 0.003304 -0.000802 q: 0.999953 -0.002469 -0.009405 -0.000441 
[T2slv] t=17.8080 phase=1 init_cost=20.0815 final_cost=16.214 iters=9 term=1 slv_ms=10.2
[T2diag] t=17.8080 P=[0.0012 0.0031 -0.0008] V=[0.0013 -0.0021 0.0005] |Bas|=0.042587 |Bgs|=0.0016416 tic0=[0.1200 0.0500 0.0300] tic1=[0.1200 -0.0500 0.0300] td=0.00000 track=105
time: 17.808000, t: 0.001226 0.003067 -0.000819 q: 0.999952 -0.002417 -0.009514 -0.000477 
[T2slv] t=17.9080 phase=1 init_cost=22.3224 final_cost=16.6972 iters=9 term=1 slv_ms=20.3
[T2diag] t=17.9080 P=[0.0006 0.0034 -0.0007] V=[-0.0041 0.0007 0.0029] |Bas|=0.047621 |Bgs|=0.0014387 tic0=[0.1200 0.0500 0.0300] tic1=[0.1200 -0.0500 0.0300] td=0.00000 track=120
time: 17.908000, t: 0.000588 0.003359 -0.000706 q: 0.999950 -0.002016 -0.009825 -0.000463 
[T2slv] t=18.0080 phase=1 init_cost=24.9192 final_cost=18.0282 iters=9 term=1 slv_ms=10.5
[T2diag] t=18.0080 P=[-0.0017 0.0043 -0.0003] V=[-0.0038 -0.0010 0.0034] |Bas|=0.051459 |Bgs|=0.0015183 tic0=[0.1200 0.0500 0.0300] tic1=[0.1200 -0.0500 0.0300] td=0.00000 track=118
time: 18.008000, t: -0.001664 0.004291 -0.000293 q: 0.999949 -0.001659 -0.009926 -0.000504 
[T2slv] t=18.0800 phase=1 init_cost=20.5934 final_cost=17.3807 iters=9 term=1 slv_ms=7.9
[T2diag] t=18.0800 P=[-0.0013 0.0041 -0.0004] V=[-0.0035 -0.0017 0.0028] |Bas|=0.057631 |Bgs|=0.0014342 tic0=[0.1200 0.0500 0.0300] tic1=[0.1200 -0.0500 0.0300] td=0.00000 track=103
time: 18.080000, t: -0.001294 0.004124 -0.000426 q: 0.999946 -0.001653 -0.010230 -0.000499 
[T2slv] t=18.2080 phase=1 init_cost=125.16 final_cost=35.5062 iters=9 term=1 slv_ms=8.8
[T2diag] t=18.2080 P=[0.0006 0.0037 -0.0009] V=[-0.0036 0.0001 0.0006] |Bas|=0.062258 |Bgs|=0.0011441 tic0=[0.1200 0.0500 0.0300] tic1=[0.1200 -0.0500 0.0300] td=0.00000 track=106
time: 18.208000, t: 0.000603 0.003750 -0.000864 q: 0.999942 -0.001727 -0.010580 -0.000719 
[T2slv] t=18.3080 phase=1 init_cost=24.4001 final_cost=21.6162 iters=9 term=1 slv_ms=8.2
[T2diag] t=18.3080 P=[0.0011 0.0036 -0.0009] V=[-0.0033 0.0013 -0.0017] |Bas|=0.068475 |Bgs|=0.0012154 tic0=[0.1200 0.0500 0.0300] tic1=[0.1200 -0.0500 0.0300] td=0.00000 track=115
time: 18.308000, t: 0.001107 0.003618 -0.000914 q: 0.999939 -0.001617 -0.010931 -0.000794 
[T2slv] t=18.4080 phase=1 init_cost=28.1859 final_cost=21.9472 iters=9 term=1 slv_ms=5.8
[T2diag] t=18.4080 P=[-0.0002 0.0040 -0.0009] V=[-0.0045 0.0019 0.0001] |Bas|=0.074213 |Bgs|=0.0012544 tic0=[0.1200 0.0500 0.0300] tic1=[0.1200 -0.0500 0.0300] td=0.00000 track=119
time: 18.408000, t: -0.000223 0.003968 -0.000862 q: 0.999937 -0.001630 -0.011066 -0.000656 
[T2slv] t=18.5080 phase=1 init_cost=25.2325 final_cost=21.4066 iters=9 term=1 slv_ms=6.7
[T2diag] t=18.5080 P=[-0.0021 0.0045 -0.0010] V=[-0.0036 0.0021 -0.0032] |Bas|=0.083425 |Bgs|=0.0012564 tic0=[0.1200 0.0500 0.0300] tic1=[0.1200 -0.0500 0.0300] td=0.00000 track=119
time: 18.508000, t: -0.002119 0.004500 -0.001008 q: 0.999932 -0.001208 -0.011546 -0.000610 
[T2slv] t=18.6120 phase=1 init_cost=27.6374 final_cost=23.2213 iters=9 term=1 slv_ms=5.1
[T2diag] t=18.6120 P=[-0.0017 0.0046 -0.0008] V=[-0.0024 0.0041 -0.0004] |Bas|=0.090265 |Bgs|=0.0012988 tic0=[0.1200 0.0500 0.0300] tic1=[0.1200 -0.0500 0.0300] td=0.00000 track=119
time: 18.612000, t: -0.001738 0.004631 -0.000836 q: 0.999929 -0.000939 -0.011872 -0.000798 
[T2slv] t=18.7480 phase=1 init_cost=26.3343 final_cost=21.8692 iters=9 term=1 slv_ms=11.7
[T2diag] t=18.7480 P=[-0.0024 0.0048 -0.0009] V=[-0.0037 -0.0013 -0.0018] |Bas|=0.096932 |Bgs|=0.0013032 tic0=[0.1200 0.0500 0.0300] tic1=[0.1200 -0.0500 0.0300] td=0.00000 track=118
time: 18.748000, t: -0.002366 0.004806 -0.000869 q: 0.999927 -0.000502 -0.012094 -0.000656 
[T2slv] t=18.8440 phase=1 init_cost=23.2361 final_cost=20.1561 iters=9 term=1 slv_ms=4.4
[T2diag] t=18.8440 P=[-0.0007 0.0040 -0.0010] V=[-0.0044 0.0011 -0.0014] |Bas|=0.099330 |Bgs|=0.0011706 tic0=[0.1200 0.0500 0.0300] tic1=[0.1200 -0.0500 0.0300] td=0.00000 track=120
time: 18.844000, t: -0.000679 0.003976 -0.000978 q: 0.999926 -0.000588 -0.012140 -0.000611 
[T2slv] t=18.9480 phase=1 init_cost=24.0923 final_cost=20.7135 iters=9 term=1 slv_ms=13.0
[T2diag] t=18.9480 P=[-0.0006 0.0039 -0.0010] V=[-0.0017 0.0014 -0.0015] |Bas|=0.107994 |Bgs|=0.0012203 tic0=[0.1200 0.0500 0.0300] tic1=[0.1200 -0.0500 0.0300] td=0.00000 track=117
time: 18.948000, t: -0.000573 0.003938 -0.000953 q: 0.999921 -0.000387 -0.012579 -0.000606 
[T2slv] t=19.0440 phase=1 init_cost=1584.26 final_cost=123.546 iters=9 term=1 slv_ms=6.8
[T2diag] t=19.0440 P=[0.0002 0.0035 -0.0009] V=[-0.0004 0.0004 -0.0000] |Bas|=0.114508 |Bgs|=0.0012534 tic0=[0.1200 0.0500 0.0300] tic1=[0.1200 -0.0500 0.0300] td=0.00000 track=120
time: 19.044000, t: 0.000179 0.003506 -0.000935 q: 0.999917 -0.000102 -0.012848 -0.000429 
[T2slv] t=19.1440 phase=1 init_cost=30.2424 final_cost=23.6644 iters=9 term=1 slv_ms=7.8
[T2diag] t=19.1440 P=[-0.0004 0.0036 -0.0011] V=[-0.0026 -0.0005 0.0005] |Bas|=0.125449 |Bgs|=0.0013378 tic0=[0.1200 0.0500 0.0300] tic1=[0.1200 -0.0500 0.0300] td=0.00000 track=89
time: 19.144000, t: -0.000365 0.003614 -0.001121 q: 0.999911 0.000445 -0.013291 -0.000433 
[T2slv] t=19.2440 phase=1 init_cost=25.6696 final_cost=24.2342 iters=9 term=1 slv_ms=3.7
[T2diag] t=19.2440 P=[-0.0008 0.0037 -0.0011] V=[-0.0066 0.0001 -0.0013] |Bas|=0.128888 |Bgs|=0.0013327 tic0=[0.1200 0.0500 0.0300] tic1=[0.1200 -0.0500 0.0300] td=0.00000 track=117
time: 19.244000, t: -0.000834 0.003718 -0.001111 q: 0.999912 0.000694 -0.013269 -0.000363 
[T2slv] t=19.3440 phase=1 init_cost=30.2716 final_cost=25.6234 iters=9 term=1 slv_ms=5.3
[T2diag] t=19.3440 P=[-0.0047 0.0049 -0.0012] V=[-0.0134 -0.0017 -0.0009] |Bas|=0.136890 |Bgs|=0.0013658 tic0=[0.1200 0.0500 0.0300] tic1=[0.1200 -0.0500 0.0300] td=0.00000 track=114
time: 19.344000, t: -0.004734 0.004896 -0.001151 q: 0.999908 0.001042 -0.013557 -0.000257 
[T2slv] t=19.4440 phase=1 init_cost=52.7997 final_cost=32.5522 iters=9 term=1 slv_ms=5.3
[T2diag] t=19.4440 P=[-0.0064 0.0053 -0.0012] V=[-0.0111 -0.0045 0.0020] |Bas|=0.141658 |Bgs|=0.0013501 tic0=[0.1200 0.0500 0.0300] tic1=[0.1200 -0.0500 0.0300] td=0.00000 track=111
time: 19.444000, t: -0.006448 0.005314 -0.001177 q: 0.999908 0.001284 -0.013466 -0.000185 
[T2slv] t=19.5440 phase=1 init_cost=37.0292 final_cost=33.1642 iters=9 term=1 slv_ms=8.1
[T2diag] t=19.5440 P=[-0.0074 0.0057 -0.0012] V=[-0.0079 -0.0021 -0.0010] |Bas|=0.156475 |Bgs|=0.0013975 tic0=[0.1200 0.0500 0.0300] tic1=[0.1200 -0.0500 0.0300] td=0.00000 track=89
time: 19.544000, t: -0.007440 0.005702 -0.001151 q: 0.999903 0.002286 -0.013707 -0.000122 
[T2slv] t=19.6440 phase=1 init_cost=518.216 final_cost=260.986 iters=9 term=1 slv_ms=5.2
[T2diag] t=19.6440 P=[-0.0079 0.0058 -0.0011] V=[-0.0093 -0.0004 0.0012] |Bas|=0.160420 |Bgs|=0.0013277 tic0=[0.1200 0.0500 0.0300] tic1=[0.1200 -0.0500 0.0300] td=0.00000 track=120
time: 19.644000, t: -0.007915 0.005811 -0.001073 q: 0.999902 0.002458 -0.013777 0.000133 
[T2slv] t=19.7440 phase=1 init_cost=50.3357 final_cost=40.7621 iters=9 term=1 slv_ms=7.3
[T2diag] t=19.7440 P=[-0.0050 0.0050 -0.0011] V=[-0.0016 0.0019 0.0016] |Bas|=0.172144 |Bgs|=0.0012891 tic0=[0.1200 0.0500 0.0300] tic1=[0.1200 -0.0500 0.0300] td=0.00000 track=104
time: 19.744000, t: -0.005037 0.005020 -0.001125 q: 0.999904 0.003560 -0.013417 0.000128 
[T2slv] t=19.8440 phase=1 init_cost=43.9303 final_cost=40.6837 iters=9 term=1 slv_ms=4.3
[T2diag] t=19.8440 P=[-0.0051 0.0052 -0.0010] V=[-0.0021 -0.0010 0.0035] |Bas|=0.177262 |Bgs|=0.0012310 tic0=[0.1200 0.0500 0.0300] tic1=[0.1200 -0.0500 0.0300] td=0.00000 track=112
time: 19.844000, t: -0.005139 0.005189 -0.001026 q: 0.999903 0.003978 -0.013358 -0.000024 
[T2slv] t=19.9440 phase=1 init_cost=43.3009 final_cost=40.3423 iters=9 term=1 slv_ms=4.8
[T2diag] t=19.9440 P=[-0.0053 0.0052 -0.0010] V=[-0.0011 -0.0006 0.0035] |Bas|=0.182675 |Bgs|=0.0012396 tic0=[0.1200 0.0500 0.0300] tic1=[0.1200 -0.0500 0.0300] td=0.00000 track=120
time: 19.944000, t: -0.005271 0.005151 -0.000969 q: 0.999903 0.004343 -0.013252 0.000047 
[T2slv] t=20.0440 phase=1 init_cost=49.7673 final_cost=43.8732 iters=9 term=1 slv_ms=10.2
[T2diag] t=20.0440 P=[-0.0040 0.0049 -0.0010] V=[-0.0034 -0.0021 -0.0015] |Bas|=0.191268 |Bgs|=0.0012196 tic0=[0.1200 0.0500 0.0300] tic1=[0.1200 -0.0500 0.0300] td=0.00000 track=120
time: 20.044000, t: -0.003973 0.004855 -0.001015 q: 0.999905 0.004884 -0.012926 -0.000099 
[T2slv] t=20.1440 phase=1 init_cost=47.0989 final_cost=43.9549 iters=9 term=1 slv_ms=10.1
[T2diag] t=20.1440 P=[-0.0045 0.0050 -0.0010] V=[-0.0013 -0.0000 -0.0013] |Bas|=0.201801 |Bgs|=0.0011928 tic0=[0.1200 0.0500 0.0300] tic1=[0.1200 -0.0500 0.0300] td=0.00000 track=117
time: 20.144000, t: -0.004455 0.004951 -0.000999 q: 0.999902 0.005561 -0.012856 -0.000087 
[T2slv] t=20.2440 phase=1 init_cost=44.8236 final_cost=42.7635 iters=9 term=1 slv_ms=9.7
[T2diag] t=20.2440 P=[-0.0038 0.0048 -0.0008] V=[-0.0018 -0.0004 0.0007] |Bas|=0.211008 |Bgs|=0.0011781 tic0=[0.1200 0.0500 0.0300] tic1=[0.1200 -0.0500 0.0300] td=0.00000 track=120
time: 20.244000, t: -0.003772 0.004807 -0.000842 q: 0.999901 0.006282 -0.012602 -0.000132 
[T2slv] t=20.3760 phase=1 init_cost=46.0699 final_cost=42.5107 iters=9 term=1 slv_ms=19.1
[T2diag] t=20.3760 P=[-0.0028 0.0046 -0.0008] V=[0.0012 0.0013 -0.0002] |Bas|=0.215054 |Bgs|=0.0011822 tic0=[0.1200 0.0500 0.0300] tic1=[0.1200 -0.0500 0.0300] td=0.00000 track=122
time: 20.376000, t: -0.002788 0.004561 -0.000841 q: 0.999900 0.006559 -0.012562 -0.000175 
[T2slv] t=20.5080 phase=1 init_cost=45.6551 final_cost=43.2635 iters=9 term=1 slv_ms=9.0
[T2diag] t=20.5080 P=[-0.0034 0.0048 -0.0008] V=[-0.0006 0.0014 0.0020] |Bas|=0.218717 |Bgs|=0.0012016 tic0=[0.1200 0.0500 0.0300] tic1=[0.1200 -0.0500 0.0300] td=0.00000 track=122
time: 20.508000, t: -0.003445 0.004819 -0.000834 q: 0.999893 0.007141 -0.012789 -0.000270 
[T2slv] t=20.6120 phase=1 init_cost=45.5759 final_cost=43.1172 iters=3 term=0 slv_ms=3.7
[T2diag] t=20.6120 P=[-0.0035 0.0048 -0.0008] V=[-0.0006 0.0009 0.0019] |Bas|=0.219418 |Bgs|=0.0011789 tic0=[0.1200 0.0500 0.0300] tic1=[0.1200 -0.0500 0.0300] td=0.00000 track=122
time: 20.612000, t: -0.003477 0.004777 -0.000792 q: 0.999892 0.007299 -0.012755 -0.000161 
[T2slv] t=20.7440 phase=1 init_cost=43.4965 final_cost=42.7956 iters=7 term=0 slv_ms=8.3
[T2diag] t=20.7440 P=[-0.0033 0.0047 -0.0008] V=[-0.0029 -0.0004 -0.0001] |Bas|=0.221861 |Bgs|=0.0011897 tic0=[0.1200 0.0500 0.0300] tic1=[0.1200 -0.0500 0.0300] td=0.00000 track=122
time: 20.744000, t: -0.003285 0.004741 -0.000751 q: 0.999889 0.007402 -0.012903 -0.000191 
[T2slv] t=20.8440 phase=1 init_cost=44.5054 final_cost=42.9832 iters=9 term=1 slv_ms=9.5
[T2diag] t=20.8440 P=[-0.0032 0.0047 -0.0007] V=[-0.0001 0.0015 0.0015] |Bas|=0.221864 |Bgs|=0.0011848 tic0=[0.1200 0.0500 0.0300] tic1=[0.1200 -0.0500 0.0300] td=0.00000 track=121
time: 20.844000, t: -0.003225 0.004695 -0.000684 q: 0.999893 0.007166 -0.012725 -0.000169 
[T2slv] t=20.9440 phase=1 init_cost=45.1448 final_cost=43.7083 iters=9 term=1 slv_ms=8.6
[T2diag] t=20.9440 P=[-0.0035 0.0048 -0.0006] V=[-0.0016 0.0017 0.0016] |Bas|=0.222518 |Bgs|=0.0011663 tic0=[0.1200 0.0500 0.0300] tic1=[0.1200 -0.0500 0.0300] td=0.00000 track=120
time: 20.944000, t: -0.003471 0.004769 -0.000614 q: 0.999892 0.007338 -0.012739 -0.000210 
[T2slv] t=21.0440 phase=1 init_cost=48.1603 final_cost=45.1628 iters=9 term=1 slv_ms=5.3
[T2diag] t=21.0440 P=[-0.0037 0.0048 -0.0005] V=[-0.0033 0.0020 -0.0011] |Bas|=0.223416 |Bgs|=0.0011244 tic0=[0.1200 0.0500 0.0300] tic1=[0.1200 -0.0500 0.0300] td=0.00000 track=121
time: 21.044000, t: -0.003686 0.004807 -0.000506 q: 0.999893 0.007385 -0.012603 -0.000152 
[T2slv] t=21.1200 phase=1 init_cost=46.7427 final_cost=44.7778 iters=9 term=1 slv_ms=8.0
[T2diag] t=21.1200 P=[-0.0031 0.0047 -0.0005] V=[-0.0042 0.0008 0.0003] |Bas|=0.222367 |Bgs|=0.0011013 tic0=[0.1200 0.0500 0.0300] tic1=[0.1200 -0.0500 0.0300] td=0.00000 track=119
time: 21.120000, t: -0.003138 0.004652 -0.000516 q: 0.999893 0.007341 -0.012633 -0.000109 
[T2slv] t=21.2200 phase=1 init_cost=45.5343 final_cost=44.5765 iters=9 term=1 slv_ms=12.5
[T2diag] t=21.2200 P=[-0.0031 0.0046 -0.0005] V=[-0.0021 -0.0002 -0.0026] |Bas|=0.219947 |Bgs|=0.0011019 tic0=[0.1200 0.0500 0.0300] tic1=[0.1200 -0.0500 0.0300] td=0.00000 track=121
time: 21.220000, t: -0.003107 0.004616 -0.000533 q: 0.999895 0.007208 -0.012600 -0.000087 
[T2slv] t=21.3200 phase=1 init_cost=48.4531 final_cost=45.026 iters=9 term=1 slv_ms=17.7
[T2diag] t=21.3200 P=[-0.0040 0.0049 -0.0006] V=[-0.0025 0.0002 -0.0025] |Bas|=0.222603 |Bgs|=0.0011121 tic0=[0.1200 0.0500 0.0300] tic1=[0.1200 -0.0500 0.0300] td=0.00000 track=121
time: 21.320000, t: -0.004043 0.004851 -0.000633 q: 0.999897 0.007300 -0.012388 -0.000100 
[T2slv] t=21.4200 phase=1 init_cost=47.8483 final_cost=45.4694 iters=9 term=1 slv_ms=10.6
[T2diag] t=21.4200 P=[-0.0053 0.0052 -0.0010] V=[-0.0056 0.0015 0.0004] |Bas|=0.227084 |Bgs|=0.0011009 tic0=[0.1200 0.0500 0.0300] tic1=[0.1200 -0.0500 0.0300] td=0.00000 track=121
time: 21.420000, t: -0.005328 0.005192 -0.000979 q: 0.999897 0.007750 -0.012049 -0.000179 
[T2slv] t=21.5200 phase=1 init_cost=48.2834 final_cost=46.1846 iters=9 term=1 slv_ms=15.9
[T2diag] t=21.5200 P=[-0.0066 0.0056 -0.0011] V=[-0.0054 0.0013 -0.0032] |Bas|=0.227667 |Bgs|=0.0010905 tic0=[0.1200 0.0500 0.0300] tic1=[0.1200 -0.0500 0.0300] td=0.00000 track=121
time: 21.520000, t: -0.006567 0.005554 -0.001145 q: 0.999901 0.008021 -0.011546 -0.000267 
[T2slv] t=21.6200 phase=1 init_cost=46.4383 final_cost=44.0995 iters=9 term=1 slv_ms=12.4
[T2diag] t=21.6200 P=[-0.0057 0.0053 -0.0010] V=[-0.0032 -0.0003 -0.0018] |Bas|=0.225492 |Bgs|=0.0010701 tic0=[0.1200 0.0500 0.0300] tic1=[0.1200 -0.0500 0.0300] td=0.00000 track=94
time: 21.620000, t: -0.005708 0.005301 -0.001049 q: 0.999903 0.007947 -0.011442 -0.000242 
[T2slv] t=21.7200 phase=1 init_cost=228.526 final_cost=130.637 iters=9 term=1 slv_ms=18.7
[T2diag] t=21.7200 P=[-0.0055 0.0051 -0.0012] V=[-0.0055 -0.0001 -0.0015] |Bas|=0.230441 |Bgs|=0.0011312 tic0=[0.1200 0.0500 0.0300] tic1=[0.1200 -0.0500 0.0300] td=0.00000 track=121
time: 21.720000, t: -0.005506 0.005127 -0.001237 q: 0.999902 0.008269 -0.011292 0.000143 
[T2slv] t=21.8200 phase=1 init_cost=53.771 final_cost=49.6608 iters=9 term=1 slv_ms=10.3
[T2diag] t=21.8200 P=[-0.0052 0.0051 -0.0011] V=[-0.0028 0.0011 -0.0025] |Bas|=0.232360 |Bgs|=0.0010862 tic0=[0.1200 0.0500 0.0300] tic1=[0.1200 -0.0500 0.0300] td=0.00000 track=113
time: 21.820000, t: -0.005209 0.005060 -0.001146 q: 0.999902 0.008467 -0.011135 0.000121 
[T2slv] t=21.9200 phase=1 init_cost=57.122 final_cost=51.9424 iters=9 term=1 slv_ms=6.4
[T2diag] t=21.9200 P=[-0.0050 0.0050 -0.0011] V=[-0.0030 0.0033 0.0018] |Bas|=0.234480 |Bgs|=0.0010755 tic0=[0.1200 0.0500 0.0300] tic1=[0.1200 -0.0500 0.0300] td=0.00000 track=121
time: 21.920000, t: -0.005034 0.005038 -0.001075 q: 0.999904 0.008470 -0.010982 0.000106 
[T2slv] t=22.0200 phase=1 init_cost=63.3924 final_cost=54.922 iters=9 term=1 slv_ms=5.8
[T2diag] t=22.0200 P=[-0.0068 0.0055 -0.0008] V=[-0.0025 0.0012 0.0013] |Bas|=0.234246 |Bgs|=0.0011260 tic0=[0.1200 0.0500 0.0300] tic1=[0.1200 -0.0500 0.0300] td=0.00000 track=122
time: 22.020000, t: -0.006792 0.005520 -0.000762 q: 0.999904 0.008671 -0.010815 0.000204 
[T2slv] t=22.1200 phase=1 init_cost=57.1815 final_cost=52.3297 iters=9 term=1 slv_ms=10.8
[T2diag] t=22.1200 P=[-0.0038 0.0047 -0.0003] V=[0.0031 -0.0014 0.0014] |Bas|=0.235637 |Bgs|=0.0010743 tic0=[0.1200 0.0500 0.0300] tic1=[0.1200 -0.0500 0.0300] td=0.00000 track=108
time: 22.120000, t: -0.003759 0.004742 -0.000320 q: 0.999903 0.008737 -0.010828 0.000005 
[T2slv] t=22.2200 phase=1 init_cost=54.2529 final_cost=51.2055 iters=9 term=1 slv_ms=7.4
[T2diag] t=22.2200 P=[-0.0035 0.0046 0.0000] V=[0.0007 -0.0008 0.0035] |Bas|=0.235156 |Bgs|=0.0010517 tic0=[0.1200 0.0500 0.0300] tic1=[0.1200 -0.0500 0.0300] td=0.00000 track=122
time: 22.220000, t: -0.003470 0.004604 0.000030 q: 0.999906 0.008538 -0.010768 0.000098 
[T2slv] t=22.3200 phase=1 init_cost=55.5131 final_cost=51.3876 iters=9 term=1 slv_ms=7.5
[T2diag] t=22.3200 P=[-0.0035 0.0046 0.0002] V=[-0.0002 -0.0011 0.0004] |Bas|=0.233746 |Bgs|=0.0010453 tic0=[0.1200 0.0500 0.0300] tic1=[0.1200 -0.0500 0.0300] td=0.00000 track=122
time: 22.320000, t: -0.003468 0.004595 0.000151 q: 0.999906 0.008348 -0.010833 0.000086 
[T2slv] t=22.4240 phase=1 init_cost=55.4235 final_cost=51.6195 iters=9 term=1 slv_ms=6.2
[T2diag] t=22.4240 P=[-0.0030 0.0044 0.0001] V=[0.0000 -0.0002 0.0004] |Bas|=0.231013 |Bgs|=0.0010461 tic0=[0.1200 0.0500 0.0300] tic1=[0.1200 -0.0500 0.0300] td=0.00000 track=122
time: 22.424000, t: -0.002952 0.004377 0.000091 q: 0.999908 0.008235 -0.010756 0.000280 
[T2slv] t=22.5200 phase=1 init_cost=55.2261 final_cost=51.2918 iters=9 term=1 slv_ms=10.0
[T2diag] t=22.5200 P=[-0.0032 0.0045 0.0002] V=[0.0035 0.0002 0.0013] |Bas|=0.230491 |Bgs|=0.0010404 tic0=[0.1200 0.0500 0.0300] tic1=[0.1200 -0.0500 0.0300] td=0.00000 track=122
time: 22.520000, t: -0.003177 0.004493 0.000207 q: 0.999908 0.008377 -0.010625 0.000167 
[T2slv] t=22.6200 phase=1 init_cost=56.4888 final_cost=52.7558 iters=9 term=1 slv_ms=10.7
[T2diag] t=22.6200 P=[-0.0029 0.0044 0.0003] V=[0.0016 -0.0022 0.0001] |Bas|=0.227975 |Bgs|=0.0010299 tic0=[0.1200 0.0500 0.0300] tic1=[0.1200 -0.0500 0.0300] td=0.00000 track=122
time: 22.620000, t: -0.002916 0.004396 0.000256 q: 0.999910 0.008459 -0.010437 0.000273 
[T2slv] t=22.7200 phase=1 init_cost=56.6852 final_cost=52.7683 iters=9 term=1 slv_ms=9.4
[T2diag] t=22.7200 P=[-0.0030 0.0045 0.0002] V=[-0.0005 0.0003 -0.0008] |Bas|=0.229332 |Bgs|=0.0009750 tic0=[0.1200 0.0500 0.0300] tic1=[0.1200 -0.0500 0.0300] td=0.00000 track=122
time: 22.720000, t: -0.003011 0.004457 0.000228 q: 0.999909 0.008407 -0.010532 0.000134 
[T2slv] t=22.8200 phase=1 init_cost=54.4834 final_cost=52.8465 iters=9 term=1 slv_ms=7.3
[T2diag] t=22.8200 P=[-0.0031 0.0045 0.0003] V=[0.0007 0.0004 0.0014] |Bas|=0.229032 |Bgs|=0.0009700 tic0=[0.1200 0.0500 0.0300] tic1=[0.1200 -0.0500 0.0300] td=0.00000 track=122
time: 22.820000, t: -0.003078 0.004457 0.000262 q: 0.999910 0.008406 -0.010449 0.000168 
[T2slv] t=22.9520 phase=1 init_cost=58.9018 final_cost=53.9376 iters=9 term=1 slv_ms=12.5
[T2diag] t=22.9520 P=[-0.0031 0.0045 0.0001] V=[0.0006 0.0005 -0.0020] |Bas|=0.235042 |Bgs|=0.0009410 tic0=[0.1200 0.0500 0.0300] tic1=[0.1200 -0.0500 0.0300] td=0.00000 track=122
time: 22.952000, t: -0.003090 0.004504 0.000082 q: 0.999900 0.008741 -0.011072 0.000079 
[T2slv] t=23.0840 phase=1 init_cost=81.8067 final_cost=52.1724 iters=9 term=1 slv_ms=9.5
[T2diag] t=23.0840 P=[-0.0033 0.0046 0.0004] V=[0.0031 -0.0001 0.0010] |Bas|=0.233363 |Bgs|=0.0009844 tic0=[0.1200 0.0500 0.0300] tic1=[0.1200 -0.0500 0.0300] td=0.00000 track=120
time: 23.084000, t: -0.003337 0.004584 0.000371 q: 0.999907 0.008666 -0.010488 0.000023 
[T2slv] t=23.1840 phase=1 init_cost=55.5269 final_cost=52.4954 iters=9 term=1 slv_ms=10.5
[T2diag] t=23.1840 P=[-0.0034 0.0046 0.0003] V=[0.0059 -0.0012 -0.0007] |Bas|=0.231905 |Bgs|=0.0010020 tic0=[0.1200 0.0500 0.0300] tic1=[0.1200 -0.0500 0.0300] td=0.00000 track=122
time: 23.184000, t: -0.003418 0.004577 0.000334 q: 0.999907 0.008722 -0.010521 0.000130 
[T2slv] t=23.2840 phase=1 init_cost=56.6874 final_cost=52.7221 iters=9 term=1 slv_ms=14.5
[T2diag] t=23.2840 P=[-0.0035 0.0046 0.0003] V=[0.0023 -0.0013 0.0010] |Bas|=0.236604 |Bgs|=0.0010068 tic0=[0.1200 0.0500 0.0300] tic1=[0.1200 -0.0500 0.0300] td=0.00000 track=122
time: 23.284000, t: -0.003533 0.004627 0.000346 q: 0.999907 0.009023 -0.010208 0.000057 
[T2slv] t=23.3560 phase=1 init_cost=57.1207 final_cost=53.3695 iters=9 term=1 slv_ms=13.5
[T2diag] t=23.3560 P=[-0.0033 0.0045 0.0005] V=[0.0046 -0.0008 0.0034] |Bas|=0.235039 |Bgs|=0.0009862 tic0=[0.1200 0.0500 0.0300] tic1=[0.1200 -0.0500 0.0300] td=0.00000 track=122
time: 23.356000, t: -0.003268 0.004544 0.000505 q: 0.999913 0.008793 -0.009853 0.000036 
[T2slv] t=23.4840 phase=1 init_cost=60.8318 final_cost=53.4216 iters=9 term=1 slv_ms=7.8
[T2diag] t=23.4840 P=[-0.0033 0.0045 0.0005] V=[0.0047 -0.0012 0.0007] |Bas|=0.236999 |Bgs|=0.0009781 tic0=[0.1200 0.0500 0.0300] tic1=[0.1200 -0.0500 0.0300] td=0.00000 track=122
time: 23.484000, t: -0.003308 0.004535 0.000529 q: 0.999906 0.008925 -0.010427 0.000104 
[T2slv] t=23.5840 phase=1 init_cost=55.5278 final_cost=53.1279 iters=9 term=1 slv_ms=5.6
[T2diag] t=23.5840 P=[-0.0034 0.0046 0.0006] V=[0.0042 -0.0022 0.0008] |Bas|=0.237012 |Bgs|=0.0009679 tic0=[0.1200 0.0500 0.0300] tic1=[0.1200 -0.0500 0.0300] td=0.00000 track=122
time: 23.584000, t: -0.003371 0.004569 0.000620 q: 0.999907 0.008813 -0.010374 0.000049 
[T2slv] t=23.6840 phase=1 init_cost=57.6218 final_cost=53.3779 iters=9 term=1 slv_ms=13.2
[T2diag] t=23.6840 P=[-0.0032 0.0045 0.0006] V=[0.0031 -0.0015 0.0015] |Bas|=0.234928 |Bgs|=0.0009394 tic0=[0.1200 0.0500 0.0300] tic1=[0.1200 -0.0500 0.0300] td=0.00000 track=122
time: 23.684000, t: -0.003236 0.004510 0.000634 q: 0.999909 0.008694 -0.010298 0.000084 
[T2slv] t=23.7560 phase=1 init_cost=56.7466 final_cost=54.1535 iters=9 term=1 slv_ms=10.0
[T2diag] t=23.7560 P=[-0.0034 0.0046 0.0005] V=[0.0018 -0.0002 0.0009] |Bas|=0.237660 |Bgs|=0.0009265 tic0=[0.1200 0.0500 0.0300] tic1=[0.1200 -0.0500 0.0300] td=0.00000 track=122
time: 23.756000, t: -0.003450 0.004586 0.000499 q: 0.999904 0.008718 -0.010809 0.000026 
[T2slv] t=23.8840 phase=1 init_cost=56.3816 final_cost=53.3873 iters=9 term=1 slv_ms=8.0
[T2diag] t=23.8840 P=[-0.0035 0.0046 0.0004] V=[0.0014 -0.0006 0.0022] |Bas|=0.239361 |Bgs|=0.0009500 tic0=[0.1200 0.0500 0.0300] tic1=[0.1200 -0.0500 0.0300] td=0.00000 track=122
time: 23.884000, t: -0.003497 0.004602 0.000428 q: 0.999901 0.008824 -0.010946 0.000046 
[T2slv] t=23.9840 phase=1 init_cost=54.9433 final_cost=53.437 iters=9 term=1 slv_ms=7.0
[T2diag] t=23.9840 P=[-0.0034 0.0046 0.0005] V=[0.0040 -0.0012 0.0006] |Bas|=0.237951 |Bgs|=0.0009588 tic0=[0.1200 0.0500 0.0300] tic1=[0.1200 -0.0500 0.0300] td=0.00000 track=123
time: 23.984000, t: -0.003392 0.004600 0.000518 q: 0.999903 0.008779 -0.010791 -0.000027 
[T2slv] t=24.0840 phase=1 init_cost=55.6299 final_cost=54.0554 iters=9 term=1 slv_ms=6.5
[T2diag] t=24.0840 P=[-0.0035 0.0046 0.0006] V=[0.0064 -0.0026 0.0023] |Bas|=0.236720 |Bgs|=0.0009485 tic0=[0.1200 0.0500 0.0300] tic1=[0.1200 -0.0500 0.0300] td=0.00000 track=123
time: 24.084000, t: -0.003500 0.004577 0.000644 q: 0.999904 0.008661 -0.010778 0.000077 
[T2slv] t=24.1560 phase=1 init_cost=56.0302 final_cost=54.0243 iters=9 term=1 slv_ms=7.0
[T2diag] t=24.1560 P=[-0.0032 0.0045 0.0006] V=[0.0076 -0.0034 0.0012] |Bas|=0.234479 |Bgs|=0.0009474 tic0=[0.1200 0.0500 0.0300] tic1=[0.1200 -0.0500 0.0300] td=0.00000 track=122
time: 24.156000, t: -0.003186 0.004487 0.000639 q: 0.999905 0.008538 -0.010818 0.000106 
[T2slv] t=24.2880 phase=1 init_cost=60.8334 final_cost=54.6601 iters=9 term=1 slv_ms=16.6
[T2diag] t=24.2880 P=[-0.0039 0.0047 0.0004] V=[0.0023 -0.0011 0.0017] |Bas|=0.243346 |Bgs|=0.0009408 tic0=[0.1200 0.0500 0.0300] tic1=[0.1200 -0.0500 0.0300] td=0.00000 track=123
time: 24.288000, t: -0.003877 0.004734 0.000381 q: 0.999894 0.008855 -0.011578 -0.000048 
[T2slv] t=24.4200 phase=1 init_cost=66.6484 final_cost=53.5656 iters=9 term=1 slv_ms=12.7
[T2diag] t=24.4200 P=[-0.0062 0.0054 -0.0008] V=[0.0035 -0.0008 0.0035] |Bas|=0.237747 |Bgs|=0.0009755 tic0=[0.1200 0.0500 0.0300] tic1=[0.1200 -0.0500 0.0300] td=0.00000 track=122
time: 24.420000, t: -0.006205 0.005411 -0.000807 q: 0.999885 0.008408 -0.012615 -0.000067 
[T2slv] t=24.5200 phase=1 init_cost=55.6956 final_cost=52.9231 iters=9 term=1 slv_ms=8.9
[T2diag] t=24.5200 P=[-0.0068 0.0056 -0.0009] V=[0.0033 -0.0011 0.0029] |Bas|=0.229599 |Bgs|=0.0009720 tic0=[0.1200 0.0500 0.0300] tic1=[0.1200 -0.0500 0.0300] td=0.00000 track=123
time: 24.520000, t: -0.006815 0.005567 -0.000935 q: 0.999891 0.008241 -0.012211 -0.000010 
[T2slv] t=24.6200 phase=1 init_cost=56.309 final_cost=53.4301 iters=9 term=1 slv_ms=8.3
[T2diag] t=24.6200 P=[-0.0074 0.0057 -0.0010] V=[0.0006 -0.0001 0.0001] |Bas|=0.227928 |Bgs|=0.0009644 tic0=[0.1200 0.0500 0.0300] tic1=[0.1200 -0.0500 0.0300] td=0.00000 track=121
time: 24.620000, t: -0.007414 0.005739 -0.001039 q: 0.999891 0.007862 -0.012470 -0.000083 
[T2slv] t=24.7520 phase=1 init_cost=55.5089 final_cost=54.3554 iters=9 term=1 slv_ms=10.4
[T2diag] t=24.7520 P=[-0.0063 0.0055 -0.0010] V=[0.0008 -0.0008 0.0002] |Bas|=0.226969 |Bgs|=0.0009775 tic0=[0.1200 0.0500 0.0300] tic1=[0.1200 -0.0500 0.0300] td=0.00000 track=122
time: 24.752000, t: -0.006287 0.005467 -0.001039 q: 0.999891 0.008057 -0.012365 0.000026 
[T2slv] t=24.8520 phase=1 init_cost=55.2707 final_cost=53.1329 iters=9 term=1 slv_ms=4.5
[T2diag] t=24.8520 P=[-0.0069 0.0056 -0.0011] V=[-0.0018 0.0001 0.0004] |Bas|=0.224313 |Bgs|=0.0009562 tic0=[0.1200 0.0500 0.0300] tic1=[0.1200 -0.0500 0.0300] td=0.00000 track=122
time: 24.852000, t: -0.006906 0.005644 -0.001081 q: 0.999893 0.008144 -0.012125 -0.000101 
[T2slv] t=24.9840 phase=1 init_cost=56.6542 final_cost=53.0392 iters=9 term=1 slv_ms=9.5
[T2diag] t=24.9840 P=[-0.0075 0.0058 -0.0011] V=[-0.0025 0.0017 -0.0018] |Bas|=0.221381 |Bgs|=0.0009497 tic0=[0.1200 0.0500 0.0300] tic1=[0.1200 -0.0500 0.0300] td=0.00000 track=122
time: 24.984000, t: -0.007452 0.005794 -0.001130 q: 0.999897 0.007978 -0.011968 -0.000143 
[T2slv] t=25.0840 phase=1 init_cost=55.5795 final_cost=52.4829 iters=9 term=1 slv_ms=3.7
[T2diag] t=25.0840 P=[-0.0075 0.0058 -0.0010] V=[-0.0040 0.0002 0.0013] |Bas|=0.221269 |Bgs|=0.0009364 tic0=[0.1200 0.0500 0.0300] tic1=[0.1200 -0.0500 0.0300] td=0.00000 track=123
time: 25.084000, t: -0.007504 0.005822 -0.001037 q: 0.999897 0.007986 -0.011891 -0.000164 
[T2slv] t=25.1840 phase=1 init_cost=56.2054 final_cost=52.61 iters=9 term=1 slv_ms=5.5
[T2diag] t=25.1840 P=[-0.0080 0.0060 -0.0011] V=[-0.0041 0.0032 -0.0011] |Bas|=0.219451 |Bgs|=0.0009150 tic0=[0.1200 0.0500 0.0300] tic1=[0.1200 -0.0500 0.0300] td=0.00000 track=123
time: 25.184000, t: -0.007978 0.005956 -0.001102 q: 0.999898 0.007927 -0.011858 -0.000219 
[T2slv] t=25.2840 phase=1 init_cost=55.4768 final_cost=52.0822 iters=9 term=1 slv_ms=9.7
[T2diag] t=25.2840 P=[-0.0089 0.0062 -0.0011] V=[-0.0094 0.0028 -0.0001] |Bas|=0.217035 |Bgs|=0.0009171 tic0=[0.1200 0.0500 0.0300] tic1=[0.1200 -0.0500 0.0300] td=0.00000 track=124
time: 25.284000, t: -0.008853 0.006163 -0.001139 q: 0.999900 0.007719 -0.011862 -0.000145 
[T2slv] t=25.3840 phase=1 init_cost=56.0376 final_cost=53.1234 iters=9 term=1 slv_ms=10.4
[T2diag] t=25.3840 P=[-0.0094 0.0063 -0.0011] V=[-0.0083 0.0026 -0.0008] |Bas|=0.214064 |Bgs|=0.0009339 tic0=[0.1200 0.0500 0.0300] tic1=[0.1200 -0.0500 0.0300] td=0.00000 track=123
time: 25.384000, t: -0.009379 0.006298 -0.001148 q: 0.999901 0.007412 -0.011920 -0.000166 
[T2slv] t=25.4840 phase=1 init_cost=55.8352 final_cost=53.5515 iters=9 term=1 slv_ms=10.1
[T2diag] t=25.4840 P=[-0.0090 0.0062 -0.0012] V=[-0.0109 0.0020 -0.0025] |Bas|=0.210726 |Bgs|=0.0009256 tic0=[0.1200 0.0500 0.0300] tic1=[0.1200 -0.0500 0.0300] td=0.00000 track=123
time: 25.484000, t: -0.008982 0.006151 -0.001224 q: 0.999900 0.007153 -0.012229 -0.000005 
[T2slv] t=25.5840 phase=1 init_cost=56.7716 final_cost=54.0413 iters=9 term=1 slv_ms=7.2
[T2diag] t=25.5840 P=[-0.0100 0.0065 -0.0012] V=[-0.0150 0.0033 -0.0005] |Bas|=0.209598 |Bgs|=0.0009183 tic0=[0.1200 0.0500 0.0300] tic1=[0.1200 -0.0500 0.0300] td=0.00000 track=121
time: 25.584000, t: -0.010048 0.006486 -0.001202 q: 0.999900 0.006986 -0.012329 -0.000192 
[T2slv] t=25.6840 phase=1 init_cost=58.2663 final_cost=54.8576 iters=9 term=1 slv_ms=6.6
[T2diag] t=25.6840 P=[-0.0098 0.0064 -0.0012] V=[-0.0156 0.0049 -0.0027] |Bas|=0.209272 |Bgs|=0.0009147 tic0=[0.1200 0.0500 0.0300] tic1=[0.1200 -0.0500 0.0300] td=0.00000 track=124
time: 25.684000, t: -0.009783 0.006449 -0.001243 q: 0.999898 0.006810 -0.012539 -0.000261 
[T2slv] t=25.7840 phase=1 init_cost=86.4702 final_cost=70.5656 iters=9 term=1 slv_ms=5.7
[T2diag] t=25.7840 P=[-0.0106 0.0066 -0.0012] V=[-0.0176 0.0054 0.0005] |Bas|=0.208338 |Bgs|=0.0009046 tic0=[0.1200 0.0500 0.0300] tic1=[0.1200 -0.0500 0.0300] td=0.00000 track=122
time: 25.784000, t: -0.010575 0.006590 -0.001196 q: 0.999898 0.006776 -0.012600 -0.000011 
[T2slv] t=25.8840 phase=1 init_cost=60.979 final_cost=54.7046 iters=9 term=1 slv_ms=4.5
[T2diag] t=25.8840 P=[-0.0111 0.0068 -0.0010] V=[-0.0106 0.0038 -0.0029] |Bas|=0.206013 |Bgs|=0.0008591 tic0=[0.1200 0.0500 0.0300] tic1=[0.1200 -0.0500 0.0300] td=0.00000 track=95
time: 25.884000, t: -0.011144 0.006828 -0.001019 q: 0.999899 0.006530 -0.012632 -0.000360 
[T2slv] t=25.9840 phase=1 init_cost=140.915 final_cost=52.7812 iters=9 term=1 slv_ms=13.4
[T2diag] t=25.9840 P=[-0.0116 0.0069 -0.0012] V=[-0.0093 0.0020 -0.0043] |Bas|=0.203456 |Bgs|=0.0009392 tic0=[0.1200 0.0500 0.0300] tic1=[0.1200 -0.0500 0.0300] td=0.00000 track=115
time: 25.984000, t: -0.011599 0.006902 -0.001236 q: 0.999896 0.006365 -0.012948 -0.000071 
[T2slv] t=26.0840 phase=1 init_cost=257.96 final_cost=139.002 iters=9 term=1 slv_ms=17.7
[T2diag] t=26.0840 P=[-0.0132 0.0073 -0.0015] V=[-0.0138 0.0017 0.0017] |Bas|=0.208223 |Bgs|=0.0009400 tic0=[0.1200 0.0500 0.0300] tic1=[0.1200 -0.0500 0.0300] td=0.00000 track=118
time: 26.084000, t: -0.013230 0.007288 -0.001460 q: 0.999892 0.006025 -0.013425 -0.000188 
[T2slv] t=26.1880 phase=1 init_cost=60.8289 final_cost=57.6505 iters=9 term=1 slv_ms=10.8
[T2diag] t=26.1880 P=[-0.0127 0.0072 -0.0012] V=[-0.0076 0.0010 -0.0025] |Bas|=0.198052 |Bgs|=0.0009438 tic0=[0.1200 0.0500 0.0300] tic1=[0.1200 -0.0500 0.0300] td=0.00000 track=92
time: 26.188000, t: -0.012718 0.007171 -0.001206 q: 0.999901 0.005913 -0.012786 -0.000125 
[T2slv] t=26.2840 phase=1 init_cost=58.6338 final_cost=56.3712 iters=9 term=1 slv_ms=10.8
[T2diag] t=26.2840 P=[-0.0107 0.0066 -0.0011] V=[-0.0069 -0.0009 0.0002] |Bas|=0.194514 |Bgs|=0.0009310 tic0=[0.1200 0.0500 0.0300] tic1=[0.1200 -0.0500 0.0300] td=0.00000 track=123
time: 26.284000, t: -0.010680 0.006582 -0.001097 q: 0.999903 0.005651 -0.012763 0.000110 
[T2slv] t=26.3840 phase=1 init_cost=61.3932 final_cost=57.3463 iters=9 term=1 slv_ms=7.7
[T2diag] t=26.3840 P=[-0.0119 0.0068 -0.0010] V=[-0.0054 -0.0030 -0.0012] |Bas|=0.187677 |Bgs|=0.0008873 tic0=[0.1200 0.0500 0.0300] tic1=[0.1200 -0.0500 0.0300] td=0.00000 track=123
time: 26.384000, t: -0.011881 0.006811 -0.000961 q: 0.999910 0.005485 -0.012235 0.000037 
[T2slv] t=26.4840 phase=1 init_cost=61.8342 final_cost=57.9938 iters=9 term=1 slv_ms=8.7
[T2diag] t=26.4840 P=[-0.0121 0.0069 -0.0010] V=[-0.0048 0.0002 -0.0014] |Bas|=0.184127 |Bgs|=0.0008525 tic0=[0.1200 0.0500 0.0300] tic1=[0.1200 -0.0500 0.0300] td=0.00000 track=117
time: 26.484000, t: -0.012079 0.006889 -0.001010 q: 0.999914 0.005367 -0.011979 -0.000060 
[T2slv] t=26.5880 phase=1 init_cost=61.0924 final_cost=57.576 iters=9 term=1 slv_ms=7.7
[T2diag] t=26.5880 P=[-0.0090 0.0061 -0.0010] V=[-0.0047 0.0001 0.0007] |Bas|=0.181958 |Bgs|=0.0008275 tic0=[0.1200 0.0500 0.0300] tic1=[0.1200 -0.0500 0.0300] td=0.00000 track=123
time: 26.588000, t: -0.009046 0.006126 -0.001017 q: 0.999915 0.005043 -0.012023 -0.000088 
[T2slv] t=26.7200 phase=1 init_cost=64.9779 final_cost=56.6231 iters=9 term=1 slv_ms=10.9
[T2diag] t=26.7200 P=[-0.0065 0.0055 -0.0011] V=[0.0014 0.0017 -0.0002] |Bas|=0.184688 |Bgs|=0.0008430 tic0=[0.1200 0.0500 0.0300] tic1=[0.1200 -0.0500 0.0300] td=0.00000 track=123
time: 26.720000, t: -0.006521 0.005465 -0.001071 q: 0.999908 0.005027 -0.012569 0.000019 
[T2slv] t=26.8200 phase=1 init_cost=58.8992 final_cost=56.0829 iters=4 term=0 slv_ms=6.3
[T2diag] t=26.8200 P=[-0.0069 0.0056 -0.0011] V=[-0.0037 0.0016 -0.0002] |Bas|=0.185999 |Bgs|=0.0008536 tic0=[0.1200 0.0500 0.0300] tic1=[0.1200 -0.0500 0.0300] td=0.00000 track=122
time: 26.820000, t: -0.006944 0.005632 -0.001064 q: 0.999907 0.004871 -0.012725 -0.000135 
[T2slv] t=26.9200 phase=1 init_cost=61.8677 final_cost=57.18 iters=9 term=1 slv_ms=5.3
[T2diag] t=26.9200 P=[-0.0079 0.0058 -0.0011] V=[-0.0045 -0.0000 -0.0008] |Bas|=0.184987 |Bgs|=0.0008578 tic0=[0.1200 0.0500 0.0300] tic1=[0.1200 -0.0500 0.0300] td=0.00000 track=122
time: 26.920000, t: -0.007867 0.005834 -0.001114 q: 0.999907 0.005213 -0.012638 0.000102 
[T2slv] t=27.0520 phase=1 init_cost=60.3434 final_cost=56.878 iters=5 term=0 slv_ms=9.1
[T2diag] t=27.0520 P=[-0.0075 0.0058 -0.0011] V=[-0.0021 -0.0001 -0.0021] |Bas|=0.186125 |Bgs|=0.0008302 tic0=[0.1200 0.0500 0.0300] tic1=[0.1200 -0.0500 0.0300] td=0.00000 track=122
time: 27.052000, t: -0.007492 0.005756 -0.001149 q: 0.999905 0.005038 -0.012858 -0.000048 
[T2slv] t=27.1840 phase=1 init_cost=60.2953 final_cost=56.8685 iters=9 term=1 slv_ms=5.2
[T2diag] t=27.1840 P=[-0.0080 0.0059 -0.0011] V=[-0.0012 -0.0007 0.0016] |Bas|=0.186934 |Bgs|=0.0008364 tic0=[0.1200 0.0500 0.0300] tic1=[0.1200 -0.0500 0.0300] td=0.00000 track=122
time: 27.184000, t: -0.007991 0.005864 -0.001075 q: 0.999906 0.005050 -0.012722 -0.000074 
[T2slv] t=27.2840 phase=1 init_cost=61.2062 final_cost=56.5192 iters=5 term=0 slv_ms=6.9
[T2diag] t=27.2840 P=[-0.0072 0.0057 -0.0011] V=[-0.0034 0.0005 0.0008] |Bas|=0.186392 |Bgs|=0.0008220 tic0=[0.1200 0.0500 0.0300] tic1=[0.1200 -0.0500 0.0300] td=0.00000 track=122
time: 27.284000, t: -0.007173 0.005664 -0.001100 q: 0.999906 0.004743 -0.012893 -0.000099 
[T2slv] t=27.3840 phase=1 init_cost=59.4009 final_cost=56.8451 iters=9 term=1 slv_ms=7.4
[T2diag] t=27.3840 P=[-0.0081 0.0059 -0.0011] V=[-0.0024 0.0004 -0.0004] |Bas|=0.185520 |Bgs|=0.0008273 tic0=[0.1200 0.0500 0.0300] tic1=[0.1200 -0.0500 0.0300] td=0.00000 track=122
time: 27.384000, t: -0.008057 0.005869 -0.001057 q: 0.999907 0.004709 -0.012792 -0.000015 
[T2slv] t=27.4840 phase=1 init_cost=61.8681 final_cost=56.6945 iters=9 term=1 slv_ms=4.9
[T2diag] t=27.4840 P=[-0.0073 0.0057 -0.0011] V=[0.0003 0.0025 -0.0023] |Bas|=0.187347 |Bgs|=0.0008337 tic0=[0.1200 0.0500 0.0300] tic1=[0.1200 -0.0500 0.0300] td=0.00000 track=122
time: 27.484000, t: -0.007319 0.005686 -0.001104 q: 0.999904 0.004887 -0.012927 -0.000028 
[T2slv] t=27.5840 phase=1 init_cost=62.3383 final_cost=56.7178 iters=9 term=1 slv_ms=6.3
[T2diag] t=27.5840 P=[-0.0077 0.0058 -0.0011] V=[0.0003 -0.0002 0.0028] |Bas|=0.186161 |Bgs|=0.0008469 tic0=[0.1200 0.0500 0.0300] tic1=[0.1200 -0.0500 0.0300] td=0.00000 track=120
time: 27.584000, t: -0.007680 0.005841 -0.001130 q: 0.999904 0.005168 -0.012843 -0.000072 
[T2slv] t=27.6840 phase=1 init_cost=63.7933 final_cost=57.2212 iters=9 term=1 slv_ms=11.0
[T2diag] t=27.6840 P=[-0.0076 0.0058 -0.0011] V=[-0.0023 -0.0001 -0.0002] |Bas|=0.181537 |Bgs|=0.0008215 tic0=[0.1200 0.0500 0.0300] tic1=[0.1200 -0.0500 0.0300] td=0.00000 track=122
time: 27.684000, t: -0.007635 0.005809 -0.001094 q: 0.999909 0.005007 -0.012558 -0.000050 
[T2slv] t=27.7840 phase=1 init_cost=60.8723 final_cost=57.354 iters=9 term=1 slv_ms=9.4
[T2diag] t=27.7840 P=[-0.0078 0.0059 -0.0011] V=[-0.0016 0.0011 -0.0016] |Bas|=0.177550 |Bgs|=0.0007947 tic0=[0.1200 0.0500 0.0300] tic1=[0.1200 -0.0500 0.0300] td=0.00000 track=121
time: 27.784000, t: -0.007797 0.005881 -0.001127 q: 0.999910 0.004952 -0.012446 -0.000129 
[T2slv] t=27.8840 phase=1 init_cost=62.8542 final_cost=56.5117 iters=9 term=1 slv_ms=6.7
[T2diag] t=27.8840 P=[-0.0079 0.0059 -0.0011] V=[-0.0029 0.0004 -0.0005] |Bas|=0.180997 |Bgs|=0.0007995 tic0=[0.1200 0.0500 0.0300] tic1=[0.1200 -0.0500 0.0300] td=0.00000 track=122
time: 27.884000, t: -0.007938 0.005930 -0.001140 q: 0.999907 0.005032 -0.012667 -0.000135 
[T2slv] t=27.9840 phase=1 init_cost=61.2796 final_cost=56.7011 iters=6 term=0 slv_ms=8.0
[T2diag] t=27.9840 P=[-0.0080 0.0059 -0.0011] V=[-0.0025 0.0001 -0.0025] |Bas|=0.186735 |Bgs|=0.0008124 tic0=[0.1200 0.0500 0.0300] tic1=[0.1200 -0.0500 0.0300] td=0.00000 track=120
time: 27.984000, t: -0.008010 0.005928 -0.001142 q: 0.999904 0.005202 -0.012855 -0.000092 
[T2slv] t=28.0840 phase=1 init_cost=65.1412 final_cost=57.3503 iters=9 term=1 slv_ms=7.8
[T2diag] t=28.0840 P=[-0.0094 0.0063 -0.0011] V=[-0.0060 0.0020 0.0001] |Bas|=0.193330 |Bgs|=0.0008041 tic0=[0.1200 0.0500 0.0300] tic1=[0.1200 -0.0500 0.0300] td=0.00000 track=120
time: 28.084000, t: -0.009393 0.006336 -0.001138 q: 0.999900 0.005375 -0.013060 -0.000244 
[T2slv] t=28.1840 phase=1 init_cost=59.6274 final_cost=56.9973 iters=7 term=0 slv_ms=8.4
[T2diag] t=28.1840 P=[-0.0100 0.0065 -0.0012] V=[-0.0050 0.0012 -0.0014] |Bas|=0.196157 |Bgs|=0.0008222 tic0=[0.1200 0.0500 0.0300] tic1=[0.1200 -0.0500 0.0300] td=0.00000 track=121
time: 28.184000, t: -0.009972 0.006480 -0.001192 q: 0.999898 0.005618 -0.013148 -0.000199 
[T2slv] t=28.2880 phase=1 init_cost=58.2877 final_cost=56.7496 iters=9 term=1 slv_ms=4.1
[T2diag] t=28.2880 P=[-0.0099 0.0064 -0.0012] V=[-0.0043 0.0005 0.0010] |Bas|=0.196334 |Bgs|=0.0008313 tic0=[0.1200 0.0500 0.0300] tic1=[0.1200 -0.0500 0.0300] td=0.00000 track=121
time: 28.288000, t: -0.009886 0.006420 -0.001152 q: 0.999899 0.005529 -0.013088 -0.000104 
[T2slv] t=28.3920 phase=1 init_cost=59.8249 final_cost=56.4923 iters=9 term=1 slv_ms=9.2
[T2diag] t=28.3920 P=[-0.0101 0.0065 -0.0011] V=[-0.0055 0.0009 -0.0008] |Bas|=0.191362 |Bgs|=0.0008234 tic0=[0.1200 0.0500 0.0300] tic1=[0.1200 -0.0500 0.0300] td=0.00000 track=121
time: 28.392000, t: -0.010108 0.006492 -0.001119 q: 0.999903 0.005422 -0.012864 -0.000136 
[T2slv] t=28.4920 phase=1 init_cost=59.0956 final_cost=56.3597 iters=3 term=0 slv_ms=3.8
[T2diag] t=28.4920 P=[-0.0094 0.0063 -0.0012] V=[-0.0006 0.0001 -0.0007] |Bas|=0.188848 |Bgs|=0.0008101 tic0=[0.1200 0.0500 0.0300] tic1=[0.1200 -0.0500 0.0300] td=0.00000 track=121
time: 28.492000, t: -0.009419 0.006346 -0.001176 q: 0.999902 0.005348 -0.012949 -0.000245 
[T2slv] t=28.5640 phase=1 init_cost=57.8604 final_cost=55.6162 iters=9 term=1 slv_ms=3.9
[T2diag] t=28.5640 P=[-0.0087 0.0061 -0.0012] V=[-0.0026 0.0009 0.0005] |Bas|=0.189672 |Bgs|=0.0007834 tic0=[0.1200 0.0500 0.0300] tic1=[0.1200 -0.0500 0.0300] td=0.00000 track=122
time: 28.564000, t: -0.008750 0.006147 -0.001163 q: 0.999902 0.005263 -0.012995 -0.000166 
[T2slv] t=28.6920 phase=1 init_cost=59.7856 final_cost=56.1961 iters=9 term=1 slv_ms=6.4
[T2diag] t=28.6920 P=[-0.0087 0.0061 -0.0011] V=[-0.0023 0.0013 0.0000] |Bas|=0.190055 |Bgs|=0.0008093 tic0=[0.1200 0.0500 0.0300] tic1=[0.1200 -0.0500 0.0300] td=0.00000 track=122
time: 28.692000, t: -0.008699 0.006087 -0.001116 q: 0.999903 0.005089 -0.012989 -0.000035 
[T2slv] t=28.7920 phase=1 init_cost=60.6726 final_cost=56.4545 iters=9 term=1 slv_ms=8.0
[T2diag] t=28.7920 P=[-0.0089 0.0062 -0.0011] V=[-0.0029 0.0005 0.0022] |Bas|=0.187569 |Bgs|=0.0008349 tic0=[0.1200 0.0500 0.0300] tic1=[0.1200 -0.0500 0.0300] td=0.00000 track=122
time: 28.792000, t: -0.008931 0.006180 -0.001146 q: 0.999903 0.005223 -0.012913 -0.000105 
[T2slv] t=28.8920 phase=1 init_cost=62.6541 final_cost=57.0243 iters=9 term=1 slv_ms=4.8
[T2diag] t=28.8920 P=[-0.0099 0.0064 -0.0011] V=[-0.0014 -0.0001 0.0009] |Bas|=0.181201 |Bgs|=0.0008301 tic0=[0.1200 0.0500 0.0300] tic1=[0.1200 -0.0500 0.0300] td=0.00000 track=118
time: 28.892000, t: -0.009886 0.006439 -0.001069 q: 0.999908 0.005125 -0.012540 -0.000113 
[T2slv] t=28.9920 phase=1 init_cost=63.7511 final_cost=58.5408 iters=9 term=1 slv_ms=16.0
[T2diag] t=28.9920 P=[-0.0069 0.0057 -0.0012] V=[-0.0014 0.0009 -0.0011] |Bas|=0.168980 |Bgs|=0.0008166 tic0=[0.1200 0.0500 0.0300] tic1=[0.1200 -0.0500 0.0300] td=0.00000 track=111
time: 28.992000, t: -0.006918 0.005680 -0.001199 q: 0.999917 0.004889 -0.011953 -0.000234 
[T2slv] t=29.0960 phase=1 init_cost=61.2588 final_cost=58.3259 iters=9 term=1 slv_ms=6.5
[T2diag] t=29.0960 P=[-0.0072 0.0057 -0.0012] V=[-0.0049 0.0010 -0.0007] |Bas|=0.170763 |Bgs|=0.0008190 tic0=[0.1200 0.0500 0.0300] tic1=[0.1200 -0.0500 0.0300] td=0.00000 track=96
time: 29.096000, t: -0.007239 0.005740 -0.001208 q: 0.999915 0.005058 -0.012012 -0.000175 
[T2slv] t=29.2280 phase=1 init_cost=369.79 final_cost=143.785 iters=9 term=1 slv_ms=11.5
[T2diag] t=29.2280 P=[-0.0079 0.0059 -0.0013] V=[-0.0019 0.0024 -0.0017] |Bas|=0.177744 |Bgs|=0.0008316 tic0=[0.1200 0.0500 0.0300] tic1=[0.1200 -0.0500 0.0300] td=0.00000 track=122
time: 29.228000, t: -0.007861 0.005893 -0.001279 q: 0.999910 0.005204 -0.012339 -0.000013 
[T2slv] t=29.3280 phase=1 init_cost=68.0195 final_cost=61.6952 iters=7 term=0 slv_ms=6.8
[T2diag] t=29.3280 P=[-0.0074 0.0058 -0.0013] V=[0.0001 -0.0003 -0.0023] |Bas|=0.184659 |Bgs|=0.0008596 tic0=[0.1200 0.0500 0.0300] tic1=[0.1200 -0.0500 0.0300] td=0.00000 track=67
time: 29.328000, t: -0.007407 0.005801 -0.001277 q: 0.999906 0.005674 -0.012471 -0.000031 
[T2slv] t=29.4280 phase=1 init_cost=66.9352 final_cost=62.888 iters=9 term=1 slv_ms=3.3
[T2diag] t=29.4280 P=[-0.0077 0.0058 -0.0013] V=[0.0018 -0.0026 0.0002] |Bas|=0.185516 |Bgs|=0.0008334 tic0=[0.1200 0.0500 0.0300] tic1=[0.1200 -0.0500 0.0300] td=0.00000 track=119
time: 29.428000, t: -0.007656 0.005845 -0.001324 q: 0.999903 0.005652 -0.012717 -0.000113 
[T2slv] t=29.5280 phase=1 init_cost=63.7176 final_cost=56.712 iters=9 term=1 slv_ms=6.7
[T2diag] t=29.5280 P=[-0.0077 0.0057 -0.0012] V=[0.0008 -0.0024 0.0023] |Bas|=0.185642 |Bgs|=0.0008081 tic0=[0.1200 0.0500 0.0300] tic1=[0.1200 -0.0500 0.0300] td=0.00000 track=105
time: 29.528000, t: -0.007705 0.005730 -0.001231 q: 0.999906 0.005439 -0.012624 0.000189 
[T2slv] t=29.6280 phase=1 init_cost=61.1181 final_cost=55.7039 iters=9 term=1 slv_ms=5.9
[T2diag] t=29.6280 P=[-0.0067 0.0056 -0.0013] V=[-0.0019 0.0036 -0.0000] |Bas|=0.182257 |Bgs|=0.0008116 tic0=[0.1200 0.0500 0.0300] tic1=[0.1200 -0.0500 0.0300] td=0.00000 track=122
time: 29.628000, t: -0.006739 0.005566 -0.001256 q: 0.999908 0.005341 -0.012451 0.000076 
[T2slv] t=29.7280 phase=1 init_cost=71.1106 final_cost=66.0756 iters=9 term=1 slv_ms=3.9
[T2diag] t=29.7280 P=[-0.0078 0.0063 -0.0013] V=[0.0028 0.0048 -0.0029] |Bas|=0.182544 |Bgs|=0.0008244 tic0=[0.1200 0.0500 0.0300] tic1=[0.1200 -0.0500 0.0300] td=0.00000 track=98
time: 29.728000, t: -0.007791 0.006285 -0.001296 q: 0.999907 0.005459 -0.012517 0.000195 
[T2slv] t=29.8280 phase=1 init_cost=525.064 final_cost=141 iters=9 term=1 slv_ms=12.0
[T2diag] t=29.8280 P=[-0.0085 0.0060 -0.0013] V=[0.0000 -0.0029 -0.0001] |Bas|=0.189201 |Bgs|=0.0008449 tic0=[0.1200 0.0500 0.0300] tic1=[0.1200 -0.0500 0.0300] td=0.00000 track=120
time: 29.828000, t: -0.008483 0.006035 -0.001333 q: 0.999902 0.005731 -0.012790 0.000060 
[T2slv] t=29.9280 phase=1 init_cost=60.2073 final_cost=56.737 iters=9 term=1 slv_ms=10.2
[T2diag] t=29.9280 P=[-0.0070 0.0055 -0.0012] V=[0.0001 0.0002 0.0013] |Bas|=0.185504 |Bgs|=0.0008455 tic0=[0.1200 0.0500 0.0300] tic1=[0.1200 -0.0500 0.0300] td=0.00000 track=101
time: 29.928000, t: -0.006972 0.005542 -0.001218 q: 0.999908 0.005573 -0.012391 0.000295 
[T2slv] t=30.0280 phase=1 init_cost=69.5754 final_cost=55.4199 iters=9 term=1 slv_ms=5.5
[T2diag] t=30.0280 P=[-0.0071 0.0056 -0.0012] V=[-0.0014 0.0025 0.0003] |Bas|=0.184136 |Bgs|=0.0008520 tic0=[0.1200 0.0500 0.0300] tic1=[0.1200 -0.0500 0.0300] td=0.00000 track=118
time: 30.028000, t: -0.007127 0.005620 -0.001208 q: 0.999907 0.005579 -0.012421 0.000185 
[T2slv] t=30.1600 phase=1 init_cost=66.4989 final_cost=54.3079 iters=9 term=1 slv_ms=17.3
[T2diag] t=30.1600 P=[-0.0062 0.0054 -0.0012] V=[-0.0028 -0.0009 0.0003] |Bas|=0.173944 |Bgs|=0.0008610 tic0=[0.1200 0.0500 0.0300] tic1=[0.1200 -0.0500 0.0300] td=0.00000 track=120
time: 30.160000, t: -0.006173 0.005389 -0.001222 q: 0.999914 0.005448 -0.011906 0.000202 
[T2slv] t=30.2640 phase=1 init_cost=91.7561 final_cost=55.5168 iters=9 term=1 slv_ms=14.5
[T2diag] t=30.2640 P=[-0.0066 0.0055 -0.0012] V=[-0.0030 -0.0022 0.0003] |Bas|=0.171337 |Bgs|=0.0008219 tic0=[0.1200 0.0500 0.0300] tic1=[0.1200 -0.0500 0.0300] td=0.00000 track=121
time: 30.264000, t: -0.006590 0.005526 -0.001238 q: 0.999916 0.005057 -0.011933 0.000015 
[T2slv] t=30.3920 phase=1 init_cost=76.6289 final_cost=63.8737 iters=9 term=1 slv_ms=4.6
[T2diag] t=30.3920 P=[-0.0081 0.0056 -0.0011] V=[-0.0044 -0.0032 -0.0003] |Bas|=0.171671 |Bgs|=0.0008151 tic0=[0.1200 0.0500 0.0300] tic1=[0.1200 -0.0500 0.0300] td=0.00000 track=120
time: 30.392000, t: -0.008064 0.005600 -0.001141 q: 0.999915 0.005008 -0.012060 -0.000036 
[T2slv] t=30.4920 phase=1 init_cost=72.837 final_cost=55.1012 iters=9 term=1 slv_ms=7.2
[T2diag] t=30.4920 P=[-0.0071 0.0056 -0.0012] V=[0.0008 -0.0001 -0.0000] |Bas|=0.169514 |Bgs|=0.0008102 tic0=[0.1200 0.0500 0.0300] tic1=[0.1200 -0.0500 0.0300] td=0.00000 track=119
time: 30.492000, t: -0.007077 0.005612 -0.001201 q: 0.999919 0.004822 -0.011820 0.000122 
[T2slv] t=30.5920 phase=1 init_cost=57.5851 final_cost=57.1831 iters=9 term=1 slv_ms=3.4
[T2diag] t=30.5920 P=[-0.0060 0.0053 -0.0012] V=[0.0001 -0.0000 0.0026] |Bas|=0.168809 |Bgs|=0.0008399 tic0=[0.1200 0.0500 0.0300] tic1=[0.1200 -0.0500 0.0300] td=0.00000 track=115
time: 30.592000, t: -0.006029 0.005292 -0.001223 q: 0.999920 0.004521 -0.011854 -0.000041 
[T2slv] t=30.6920 phase=1 init_cost=60.8729 final_cost=54.0699 iters=9 term=1 slv_ms=10.6
[T2diag] t=30.6920 P=[-0.0051 0.0047 -0.0008] V=[0.0039 -0.0034 0.0046] |Bas|=0.167712 |Bgs|=0.0008675 tic0=[0.1200 0.0500 0.0300] tic1=[0.1200 -0.0500 0.0300] td=0.00000 track=120
time: 30.692000, t: -0.005125 0.004733 -0.000845 q: 0.999922 0.004765 -0.011572 -0.000001 
[T2slv] t=30.7640 phase=1 init_cost=55.1404 final_cost=53.2868 iters=7 term=0 slv_ms=9.1
[T2diag] t=30.7640 P=[-0.0053 0.0048 -0.0010] V=[0.0009 -0.0013 0.0036] |Bas|=0.166463 |Bgs|=0.0008436 tic0=[0.1200 0.0500 0.0300] tic1=[0.1200 -0.0500 0.0300] td=0.00000 track=111
time: 30.764000, t: -0.005313 0.004777 -0.001007 q: 0.999919 0.004515 -0.011889 -0.000079 
[T2slv] t=30.8920 phase=1 init_cost=67.996 final_cost=49.5596 iters=7 term=0 slv_ms=12.0
[T2diag] t=30.8920 P=[-0.0050 0.0047 -0.0012] V=[-0.0030 0.0003 -0.0001] |Bas|=0.163016 |Bgs|=0.0008405 tic0=[0.1200 0.0500 0.0300] tic1=[0.1200 -0.0500 0.0300] td=0.00000 track=95
time: 30.892000, t: -0.005006 0.004690 -0.001184 q: 0.999922 0.004189 -0.011777 -0.000254 
[T2slv] t=30.9920 phase=1 init_cost=1110.38 final_cost=129.522 iters=9 term=1 slv_ms=14.5
[T2diag] t=30.9920 P=[-0.0070 0.0048 -0.0013] V=[-0.0067 0.0003 -0.0025] |Bas|=0.160103 |Bgs|=0.0008314 tic0=[0.1200 0.0500 0.0300] tic1=[0.1200 -0.0500 0.0300] td=0.00000 track=96
time: 30.992000, t: -0.006985 0.004826 -0.001324 q: 0.999921 0.003847 -0.011981 -0.000265 
[T2slv] t=31.0920 phase=1 init_cost=50.2709 final_cost=48.0245 iters=9 term=1 slv_ms=9.2
[T2diag] t=31.0920 P=[-0.0072 0.0048 -0.0013] V=[-0.0053 -0.0013 0.0004] |Bas|=0.159655 |Bgs|=0.0008143 tic0=[0.1200 0.0500 0.0300] tic1=[0.1200 -0.0500 0.0300] td=0.00000 track=118
time: 31.092000, t: -0.007174 0.004811 -0.001316 q: 0.999919 0.003693 -0.012192 -0.000132 
[T2slv] t=31.1920 phase=1 init_cost=52.4667 final_cost=50.2976 iters=9 term=1 slv_ms=3.0
[T2diag] t=31.1920 P=[-0.0083 0.0046 -0.0011] V=[-0.0064 -0.0072 0.0017] |Bas|=0.159052 |Bgs|=0.0008117 tic0=[0.1200 0.0500 0.0300] tic1=[0.1200 -0.0500 0.0300] td=0.00000 track=121
time: 31.192000, t: -0.008256 0.004570 -0.001140 q: 0.999922 0.003459 -0.012037 -0.000194 
[T2slv] t=31.2920 phase=1 init_cost=54.9354 final_cost=48.272 iters=9 term=1 slv_ms=12.7
[T2diag] t=31.2920 P=[-0.0082 0.0051 -0.0012] V=[-0.0043 -0.0028 0.0004] |Bas|=0.152112 |Bgs|=0.0007861 tic0=[0.1200 0.0500 0.0300] tic1=[0.1200 -0.0500 0.0300] td=0.00000 track=90
time: 31.292000, t: -0.008223 0.005054 -0.001183 q: 0.999925 0.003135 -0.011867 -0.000323 
[T2slv] t=31.3920 phase=1 init_cost=51.7628 final_cost=47.8677 iters=9 term=1 slv_ms=3.6
[T2diag] t=31.3920 P=[-0.0089 0.0051 -0.0012] V=[-0.0057 -0.0001 0.0008] |Bas|=0.151674 |Bgs|=0.0007799 tic0=[0.1200 0.0500 0.0300] tic1=[0.1200 -0.0500 0.0300] td=0.00000 track=121
time: 31.392000, t: -0.008935 0.005074 -0.001194 q: 0.999924 0.003107 -0.011901 -0.000229 
[T2slv] t=31.4960 phase=1 init_cost=174.888 final_cost=128.067 iters=9 term=1 slv_ms=8.2
[T2diag] t=31.4960 P=[-0.0078 0.0050 -0.0013] V=[-0.0012 -0.0008 -0.0013] |Bas|=0.150509 |Bgs|=0.0007789 tic0=[0.1200 0.0500 0.0300] tic1=[0.1200 -0.0500 0.0300] td=0.00000 track=111
time: 31.496000, t: -0.007778 0.005009 -0.001293 q: 0.999926 0.003087 -0.011735 -0.000045 
[T2slv] t=31.6320 phase=1 init_cost=51.0931 final_cost=46.6391 iters=9 term=1 slv_ms=17.5
[T2diag] t=31.6320 P=[-0.0083 0.0051 -0.0014] V=[-0.0049 0.0030 -0.0039] |Bas|=0.145980 |Bgs|=0.0007581 tic0=[0.1200 0.0500 0.0300] tic1=[0.1200 -0.0500 0.0300] td=0.00000 track=120
time: 31.632000, t: -0.008299 0.005135 -0.001359 q: 0.999929 0.003100 -0.011527 -0.000045 
[T2slv] t=31.7280 phase=1 init_cost=53.2322 final_cost=48.3707 iters=9 term=1 slv_ms=12.5
[T2diag] t=31.7280 P=[-0.0091 0.0052 -0.0013] V=[-0.0042 0.0029 -0.0006] |Bas|=0.143415 |Bgs|=0.0007726 tic0=[0.1200 0.0500 0.0300] tic1=[0.1200 -0.0500 0.0300] td=0.00000 track=114
time: 31.728000, t: -0.009055 0.005243 -0.001318 q: 0.999929 0.002838 -0.011556 -0.000046 
[T2slv] t=31.8280 phase=1 init_cost=48.4104 final_cost=48.4104 iters=9 term=1 slv_ms=2.6
[T2diag] t=31.8280 P=[-0.0096 0.0054 -0.0015] V=[-0.0062 0.0002 -0.0023] |Bas|=0.143415 |Bgs|=0.0007726 tic0=[0.1200 0.0500 0.0300] tic1=[0.1200 -0.0500 0.0300] td=0.00000 track=121
time: 31.828000, t: -0.009584 0.005425 -0.001465 q: 0.999927 0.002862 -0.011736 -0.000056 
[T2slv] t=31.9280 phase=1 init_cost=53.2036 final_cost=48.4247 iters=9 term=1 slv_ms=4.7
[T2diag] t=31.9280 P=[-0.0093 0.0052 -0.0014] V=[-0.0031 -0.0004 -0.0032] |Bas|=0.141480 |Bgs|=0.0007720 tic0=[0.1200 0.0500 0.0300] tic1=[0.1200 -0.0500 0.0300] td=0.00000 track=122
time: 31.928000, t: -0.009267 0.005231 -0.001364 q: 0.999929 0.002720 -0.011576 0.000031 
[T2slv] t=32.0280 phase=1 init_cost=51.1686 final_cost=48.7107 iters=9 term=1 slv_ms=3.9
[T2diag] t=32.0280 P=[-0.0089 0.0051 -0.0014] V=[-0.0031 0.0007 -0.0013] |Bas|=0.139473 |Bgs|=0.0007583 tic0=[0.1200 0.0500 0.0300] tic1=[0.1200 -0.0500 0.0300] td=0.00000 track=122
time: 32.028000, t: -0.008890 0.005122 -0.001351 q: 0.999929 0.002555 -0.011631 0.000117 
[T2slv] t=32.1280 phase=1 init_cost=51.7883 final_cost=49.5646 iters=9 term=1 slv_ms=5.3
[T2diag] t=32.1280 P=[-0.0090 0.0052 -0.0014] V=[-0.0018 0.0002 -0.0017] |Bas|=0.136101 |Bgs|=0.0007508 tic0=[0.1200 0.0500 0.0300] tic1=[0.1200 -0.0500 0.0300] td=0.00000 track=121
time: 32.128000, t: -0.009004 0.005194 -0.001357 q: 0.999930 0.002388 -0.011585 0.000146 
[T2slv] t=32.2280 phase=1 init_cost=51.8715 final_cost=50.1651 iters=9 term=1 slv_ms=16.4
[T2diag] t=32.2280 P=[-0.0087 0.0052 -0.0013] V=[-0.0002 -0.0000 -0.0002] |Bas|=0.112005 |Bgs|=0.0007476 tic0=[0.1200 0.0500 0.0300] tic1=[0.1200 -0.0500 0.0300] td=0.00000 track=121
time: 32.228000, t: -0.008683 0.005208 -0.001307 q: 0.999934 0.000403 -0.011502 -0.000095 
[T2slv] t=32.3280 phase=1 init_cost=50.3508 final_cost=48.7795 iters=9 term=1 slv_ms=5.9
[T2diag] t=32.3280 P=[-0.0089 0.0053 -0.0013] V=[-0.0030 0.0016 0.0001] |Bas|=0.101820 |Bgs|=0.0007488 tic0=[0.1200 0.0500 0.0300] tic1=[0.1200 -0.0500 0.0300] td=0.00000 track=123
time: 32.328000, t: -0.008898 0.005279 -0.001274 q: 0.999936 -0.000653 -0.011256 -0.000128 
[T2slv] t=32.4280 phase=1 init_cost=80.024 final_cost=54.5132 iters=9 term=1 slv_ms=6.5
[T2diag] t=32.4280 P=[-0.0087 0.0052 -0.0013] V=[-0.0024 -0.0014 -0.0003] |Bas|=0.095038 |Bgs|=0.0007499 tic0=[0.1200 0.0500 0.0300] tic1=[0.1200 -0.0500 0.0300] td=0.00000 track=123
time: 32.428000, t: -0.008735 0.005187 -0.001262 q: 0.999937 -0.001883 -0.011110 -0.000113 
[T2slv] t=32.5280 phase=1 init_cost=54.5619 final_cost=47.9505 iters=9 term=1 slv_ms=11.1
[T2diag] t=32.5280 P=[-0.0098 0.0054 -0.0013] V=[-0.0064 -0.0001 -0.0003] |Bas|=0.100210 |Bgs|=0.0007168 tic0=[0.1200 0.0500 0.0300] tic1=[0.1200 -0.0500 0.0300] td=0.00000 track=117
time: 32.528000, t: -0.009758 0.005382 -0.001251 q: 0.999931 -0.004215 -0.010952 -0.000137 
[T2slv] t=32.6280 phase=1 init_cost=49.4074 final_cost=47.7008 iters=9 term=1 slv_ms=10.1
[T2diag] t=32.6280 P=[-0.0097 0.0054 -0.0013] V=[-0.0013 0.0019 -0.0021] |Bas|=0.125661 |Bgs|=0.0007227 tic0=[0.1200 0.0500 0.0300] tic1=[0.1200 -0.0500 0.0300] td=0.00000 track=123
time: 32.628000, t: -0.009709 0.005409 -0.001298 q: 0.999920 -0.006774 -0.010707 -0.000105 
[T2slv] t=32.7280 phase=1 init_cost=57.4175 final_cost=50.2242 iters=9 term=1 slv_ms=9.9
[T2diag] t=32.7280 P=[-0.0090 0.0053 -0.0013] V=[0.0003 -0.0005 0.0000] |Bas|=0.140476 |Bgs|=0.0007322 tic0=[0.1200 0.0500 0.0300] tic1=[0.1200 -0.0500 0.0300] td=0.00000 track=121
time: 32.728000, t: -0.008963 0.005266 -0.001319 q: 0.999913 -0.007724 -0.010733 -0.000104 
[T2slv] t=32.8280 phase=1 init_cost=51.5479 final_cost=50.0892 iters=6 term=0 slv_ms=11.5
[T2diag] t=32.8280 P=[-0.0090 0.0053 -0.0013] V=[-0.0032 0.0007 0.0003] |Bas|=0.151163 |Bgs|=0.0007215 tic0=[0.1200 0.0500 0.0300] tic1=[0.1200 -0.0500 0.0300] td=0.00000 track=122
time: 32.828000, t: -0.008980 0.005321 -0.001290 q: 0.999910 -0.008516 -0.010317 -0.000196 
[T2slv] t=32.9280 phase=1 init_cost=50.876 final_cost=48.9236 iters=9 term=1 slv_ms=10.2
[T2diag] t=32.9280 P=[-0.0095 0.0054 -0.0013] V=[0.0005 0.0021 0.0010] |Bas|=0.142155 |Bgs|=0.0007197 tic0=[0.1200 0.0500 0.0300] tic1=[0.1200 -0.0500 0.0300] td=0.00000 track=123
time: 32.928000, t: -0.009468 0.005433 -0.001323 q: 0.999913 -0.008128 -0.010377 -0.000198 
[T2slv] t=33.0280 phase=1 init_cost=49.8972 final_cost=48.9162 iters=9 term=1 slv_ms=4.6
[T2diag] t=33.0280 P=[-0.0095 0.0055 -0.0012] V=[0.0017 -0.0021 0.0019] |Bas|=0.143180 |Bgs|=0.0007078 tic0=[0.1200 0.0500 0.0300] tic1=[0.1200 -0.0500 0.0300] td=0.00000 track=123
time: 33.028000, t: -0.009512 0.005459 -0.001240 q: 0.999915 -0.008125 -0.010234 -0.000279 
[T2slv] t=33.1280 phase=1 init_cost=51.2285 final_cost=48.5139 iters=9 term=1 slv_ms=10.1
[T2diag] t=33.1280 P=[-0.0096 0.0055 -0.0012] V=[0.0024 -0.0003 0.0003] |Bas|=0.146335 |Bgs|=0.0007015 tic0=[0.1200 0.0500 0.0300] tic1=[0.1200 -0.0500 0.0300] td=0.00000 track=122
time: 33.128000, t: -0.009582 0.005450 -0.001224 q: 0.999913 -0.008382 -0.010199 -0.000263 
[T2slv] t=33.2280 phase=1 init_cost=53.5882 final_cost=48.548 iters=9 term=1 slv_ms=9.1
[T2diag] t=33.2280 P=[-0.0094 0.0054 -0.0012] V=[0.0024 0.0007 -0.0005] |Bas|=0.162547 |Bgs|=0.0007380 tic0=[0.1200 0.0500 0.0300] tic1=[0.1200 -0.0500 0.0300] td=0.00000 track=118
time: 33.228000, t: -0.009424 0.005397 -0.001192 q: 0.999904 -0.009448 -0.010085 -0.000215 
[T2slv] t=33.3280 phase=1 init_cost=51.0972 final_cost=48.6044 iters=9 term=1 slv_ms=10.6
[T2diag] t=33.3280 P=[-0.0096 0.0055 -0.0013] V=[-0.0005 0.0005 -0.0002] |Bas|=0.170874 |Bgs|=0.0007568 tic0=[0.1200 0.0500 0.0300] tic1=[0.1200 -0.0500 0.0300] td=0.00000 track=121
time: 33.328000, t: -0.009641 0.005468 -0.001291 q: 0.999900 -0.009908 -0.010121 -0.000247 
[T2slv] t=33.4280 phase=1 init_cost=50.9701 final_cost=48.4657 iters=9 term=1 slv_ms=9.3
[T2diag] t=33.4280 P=[-0.0102 0.0056 -0.0013] V=[-0.0020 0.0011 0.0007] |Bas|=0.160674 |Bgs|=0.0007534 tic0=[0.1200 0.0500 0.0300] tic1=[0.1200 -0.0500 0.0300] td=0.00000 track=123
time: 33.428000, t: -0.010171 0.005647 -0.001285 q: 0.999905 -0.009361 -0.010070 -0.000312 
[T2slv] t=33.5280 phase=1 init_cost=49.4556 final_cost=48.0604 iters=9 term=1 slv_ms=4.9
[T2diag] t=33.5280 P=[-0.0101 0.0055 -0.0012] V=[-0.0010 -0.0016 0.0012] |Bas|=0.159785 |Bgs|=0.0007574 tic0=[0.1200 0.0500 0.0300] tic1=[0.1200 -0.0500 0.0300] td=0.00000 track=123
time: 33.528000, t: -0.010089 0.005535 -0.001216 q: 0.999905 -0.009399 -0.010085 -0.000165 
[T2slv] t=33.6280 phase=1 init_cost=55.5998 final_cost=48.9424 iters=9 term=1 slv_ms=5.1
[T2diag] t=33.6280 P=[-0.0104 0.0056 -0.0012] V=[-0.0012 -0.0013 0.0000] |Bas|=0.143043 |Bgs|=0.0007451 tic0=[0.1200 0.0500 0.0300] tic1=[0.1200 -0.0500 0.0300] td=0.00000 track=116
time: 33.628000, t: -0.010355 0.005555 -0.001237 q: 0.999912 -0.008338 -0.010283 -0.000061 
[T2slv] t=33.7320 phase=1 init_cost=51.871 final_cost=49.6288 iters=9 term=1 slv_ms=13.5
[T2diag] t=33.7320 P=[-0.0106 0.0056 -0.0012] V=[-0.0040 0.0026 0.0021] |Bas|=0.138067 |Bgs|=0.0007636 tic0=[0.1200 0.0500 0.0300] tic1=[0.1200 -0.0500 0.0300] td=0.00000 track=123
time: 33.732000, t: -0.010649 0.005635 -0.001171 q: 0.999916 -0.007926 -0.010276 -0.000034 
[T2slv] t=33.8280 phase=1 init_cost=54.6669 final_cost=49.563 iters=9 term=1 slv_ms=9.3
[T2diag] t=33.8280 P=[-0.0108 0.0058 -0.0012] V=[0.0015 0.0008 -0.0011] |Bas|=0.124052 |Bgs|=0.0007632 tic0=[0.1200 0.0500 0.0300] tic1=[0.1200 -0.0500 0.0300] td=0.00000 track=117
time: 33.828000, t: -0.010805 0.005781 -0.001232 q: 0.999922 -0.006361 -0.010727 -0.000244 
[T2slv] t=33.9600 phase=1 init_cost=60.4692 final_cost=51.7439 iters=9 term=1 slv_ms=8.3
[T2diag] t=33.9600 P=[-0.0095 0.0052 -0.0013] V=[-0.0008 -0.0009 0.0019] |Bas|=0.116282 |Bgs|=0.0007377 tic0=[0.1200 0.0500 0.0300] tic1=[0.1200 -0.0500 0.0300] td=0.00000 track=118
time: 33.960000, t: -0.009529 0.005229 -0.001266 q: 0.999923 -0.005775 -0.010959 -0.000258 
[T2slv] t=34.0960 phase=1 init_cost=52.015 final_cost=50.448 iters=9 term=1 slv_ms=5.4
[T2diag] t=34.0960 P=[-0.0096 0.0053 -0.0013] V=[-0.0042 0.0016 -0.0021] |Bas|=0.111851 |Bgs|=0.0007430 tic0=[0.1200 0.0500 0.0300] tic1=[0.1200 -0.0500 0.0300] td=0.00000 track=93
time: 34.096000, t: -0.009647 0.005283 -0.001256 q: 0.999927 -0.005353 -0.010854 -0.000229 
[T2slv] t=34.1960 phase=1 init_cost=286.509 final_cost=152.728 iters=9 term=1 slv_ms=11.0
[T2diag] t=34.1960 P=[-0.0103 0.0053 -0.0013] V=[-0.0006 -0.0011 -0.0005] |Bas|=0.118026 |Bgs|=0.0007500 tic0=[0.1200 0.0500 0.0300] tic1=[0.1200 -0.0500 0.0300] td=0.00000 track=123
time: 34.196000, t: -0.010349 0.005265 -0.001303 q: 0.999921 -0.005869 -0.011122 -0.000015 
[T2slv] t=34.2960 phase=1 init_cost=58.3264 final_cost=51.7355 iters=7 term=0 slv_ms=9.0
[T2diag] t=34.2960 P=[-0.0100 0.0053 -0.0013] V=[-0.0015 0.0011 0.0002] |Bas|=0.118492 |Bgs|=0.0007220 tic0=[0.1200 0.0500 0.0300] tic1=[0.1200 -0.0500 0.0300] td=0.00000 track=119
time: 34.296000, t: -0.010005 0.005293 -0.001265 q: 0.999921 -0.005946 -0.011042 -0.000072 
[T2slv] t=34.4280 phase=1 init_cost=63.6393 final_cost=51.7367 iters=6 term=0 slv_ms=12.8
[T2diag] t=34.4280 P=[-0.0101 0.0053 -0.0013] V=[-0.0001 -0.0001 -0.0007] |Bas|=0.116360 |Bgs|=0.0007197 tic0=[0.1200 0.0500 0.0300] tic1=[0.1200 -0.0500 0.0300] td=0.00000 track=120
time: 34.428000, t: -0.010058 0.005319 -0.001288 q: 0.999923 -0.005706 -0.011063 0.000007 
[T2slv] t=34.5280 phase=1 init_cost=55.9084 final_cost=52.9991 iters=7 term=0 slv_ms=12.0
[T2diag] t=34.5280 P=[-0.0100 0.0053 -0.0013] V=[0.0005 0.0008 0.0005] |Bas|=0.113861 |Bgs|=0.0007051 tic0=[0.1200 0.0500 0.0300] tic1=[0.1200 -0.0500 0.0300] td=0.00000 track=122
time: 34.528000, t: -0.010038 0.005325 -0.001284 q: 0.999922 -0.005518 -0.011179 -0.000127 
[T2slv] t=34.6280 phase=1 init_cost=58.4872 final_cost=53.4491 iters=5 term=0 slv_ms=7.3
[T2diag] t=34.6280 P=[-0.0099 0.0053 -0.0013] V=[-0.0006 -0.0003 -0.0009] |Bas|=0.110681 |Bgs|=0.0006792 tic0=[0.1200 0.0500 0.0300] tic1=[0.1200 -0.0500 0.0300] td=0.00000 track=120
time: 34.628000, t: -0.009934 0.005339 -0.001323 q: 0.999924 -0.005147 -0.011201 -0.000129 
[T2slv] t=34.7280 phase=1 init_cost=55.1517 final_cost=53.1924 iters=6 term=0 slv_ms=8.9
[T2diag] t=34.7280 P=[-0.0102 0.0054 -0.0013] V=[0.0014 0.0018 0.0019] |Bas|=0.109742 |Bgs|=0.0006585 tic0=[0.1200 0.0500 0.0300] tic1=[0.1200 -0.0500 0.0300] td=0.00000 track=121
time: 34.728000, t: -0.010225 0.005414 -0.001294 q: 0.999926 -0.005050 -0.011056 -0.000124 
[T2slv] t=34.8280 phase=1 init_cost=70.9406 final_cost=53.7395 iters=7 term=0 slv_ms=15.3
[T2diag] t=34.8280 P=[-0.0103 0.0054 -0.0013] V=[0.0012 -0.0007 0.0019] |Bas|=0.105428 |Bgs|=0.0006904 tic0=[0.1200 0.0500 0.0300] tic1=[0.1200 -0.0500 0.0300] td=0.00000 track=121
time: 34.828000, t: -0.010317 0.005420 -0.001266 q: 0.999929 -0.004381 -0.011047 -0.000041 
[T2slv] t=34.9280 phase=1 init_cost=59.8738 final_cost=52.5127 iters=4 term=0 slv_ms=5.4
[T2diag] t=34.9280 P=[-0.0103 0.0054 -0.0013] V=[0.0008 -0.0009 0.0001] |Bas|=0.103383 |Bgs|=0.0006673 tic0=[0.1200 0.0500 0.0300] tic1=[0.1200 -0.0500 0.0300] td=0.00000 track=121
time: 34.928000, t: -0.010323 0.005422 -0.001265 q: 0.999930 -0.004234 -0.011055 -0.000103 
[T2slv] t=35.0600 phase=1 init_cost=59.9619 final_cost=53.5645 iters=5 term=0 slv_ms=8.6
[T2diag] t=35.0600 P=[-0.0103 0.0054 -0.0013] V=[-0.0011 -0.0007 -0.0009] |Bas|=0.101987 |Bgs|=0.0006382 tic0=[0.1200 0.0500 0.0300] tic1=[0.1200 -0.0500 0.0300] td=0.00000 track=120
time: 35.060000, t: -0.010332 0.005417 -0.001316 q: 0.999929 -0.004129 -0.011220 -0.000059 
[T2slv] t=35.1960 phase=1 init_cost=62.0169 final_cost=53.9754 iters=7 term=0 slv_ms=9.5
[T2diag] t=35.1960 P=[-0.0105 0.0055 -0.0013] V=[0.0018 -0.0010 0.0014] |Bas|=0.098433 |Bgs|=0.0006218 tic0=[0.1200 0.0500 0.0300] tic1=[0.1200 -0.0500 0.0300] td=0.00000 track=120
time: 35.196000, t: -0.010477 0.005463 -0.001288 q: 0.999931 -0.003828 -0.011110 -0.000038 
[T2slv] t=35.2960 phase=1 init_cost=58.7546 final_cost=53.9223 iters=9 term=1 slv_ms=11.1
[T2diag] t=35.2960 P=[-0.0107 0.0055 -0.0012] V=[0.0030 -0.0027 0.0002] |Bas|=0.099165 |Bgs|=0.0006194 tic0=[0.1200 0.0500 0.0300] tic1=[0.1200 -0.0500 0.0300] td=0.00000 track=120
time: 35.296000, t: -0.010734 0.005472 -0.001215 q: 0.999931 -0.004014 -0.011067 -0.000008 
[T2slv] t=35.4280 phase=1 init_cost=64.7762 final_cost=54.8639 iters=9 term=1 slv_ms=15.4
[T2diag] t=35.4280 P=[-0.0108 0.0055 -0.0012] V=[0.0028 0.0009 -0.0008] |Bas|=0.099407 |Bgs|=0.0006046 tic0=[0.1200 0.0500 0.0300] tic1=[0.1200 -0.0500 0.0300] td=0.00000 track=120
time: 35.428000, t: -0.010783 0.005452 -0.001241 q: 0.999930 -0.004055 -0.011152 0.000019 
[T2slv] t=35.5280 phase=1 init_cost=60.1163 final_cost=53.433 iters=9 term=1 slv_ms=11.3
[T2diag] t=35.5280 P=[-0.0110 0.0056 -0.0013] V=[0.0022 0.0010 0.0019] |Bas|=0.102421 |Bgs|=0.0006073 tic0=[0.1200 0.0500 0.0300] tic1=[0.1200 -0.0500 0.0300] td=0.00000 track=115
time: 35.528000, t: -0.011008 0.005561 -0.001281 q: 0.999928 -0.004179 -0.011233 -0.000020 
[T2slv] t=35.6280 phase=1 init_cost=62.3335 final_cost=53.1114 iters=6 term=0 slv_ms=9.0
[T2diag] t=35.6280 P=[-0.0109 0.0055 -0.0013] V=[0.0025 -0.0024 -0.0012] |Bas|=0.097590 |Bgs|=0.0006016 tic0=[0.1200 0.0500 0.0300] tic1=[0.1200 -0.0500 0.0300] td=0.00000 track=120
time: 35.628000, t: -0.010921 0.005547 -0.001264 q: 0.999931 -0.003582 -0.011155 -0.000046 
[T2slv] t=35.7280 phase=1 init_cost=61.2069 final_cost=53.1128 iters=9 term=1 slv_ms=12.2
[T2diag] t=35.7280 P=[-0.0107 0.0055 -0.0013] V=[-0.0005 0.0004 -0.0001] |Bas|=0.101985 |Bgs|=0.0005904 tic0=[0.1200 0.0500 0.0300] tic1=[0.1200 -0.0500 0.0300] td=0.00000 track=120
time: 35.728000, t: -0.010662 0.005506 -0.001284 q: 0.999929 -0.004283 -0.011123 -0.000002 
[T2slv] t=35.8280 phase=1 init_cost=55.1818 final_cost=52.9181 iters=9 term=1 slv_ms=10.6
[T2diag] t=35.8280 P=[-0.0109 0.0056 -0.0013] V=[0.0022 -0.0007 0.0018] |Bas|=0.105310 |Bgs|=0.0005948 tic0=[0.1200 0.0500 0.0300] tic1=[0.1200 -0.0500 0.0300] td=0.00000 track=120
time: 35.828000, t: -0.010888 0.005565 -0.001288 q: 0.999927 -0.004577 -0.011221 0.000009 
[T2slv] t=35.9280 phase=1 init_cost=55.7825 final_cost=53.4324 iters=5 term=0 slv_ms=7.7
[T2diag] t=35.9280 P=[-0.0109 0.0056 -0.0013] V=[0.0017 0.0023 -0.0008] |Bas|=0.105003 |Bgs|=0.0005722 tic0=[0.1200 0.0500 0.0300] tic1=[0.1200 -0.0500 0.0300] td=0.00000 track=120
time: 35.928000, t: -0.010876 0.005575 -0.001285 q: 0.999927 -0.004448 -0.011216 -0.000116 
[T2slv] t=36.0280 phase=1 init_cost=61.3352 final_cost=53.223 iters=8 term=0 slv_ms=13.9
[T2diag] t=36.0280 P=[-0.0108 0.0056 -0.0013] V=[-0.0005 -0.0010 -0.0004] |Bas|=0.108249 |Bgs|=0.0005853 tic0=[0.1200 0.0500 0.0300] tic1=[0.1200 -0.0500 0.0300] td=0.00000 track=120
time: 36.028000, t: -0.010836 0.005579 -0.001330 q: 0.999925 -0.004719 -0.011274 -0.000079 
[T2slv] t=36.1280 phase=1 init_cost=60.6061 final_cost=53.8296 iters=9 term=1 slv_ms=16.3
[T2diag] t=36.1280 P=[-0.0108 0.0056 -0.0013] V=[0.0005 0.0008 0.0003] |Bas|=0.113239 |Bgs|=0.0005501 tic0=[0.1200 0.0500 0.0300] tic1=[0.1200 -0.0500 0.0300] td=0.00000 track=120
time: 36.128000, t: -0.010787 0.005608 -0.001274 q: 0.999925 -0.004987 -0.011208 -0.000238 
[T2slv] t=36.2280 phase=1 init_cost=56.0041 final_cost=52.8974 iters=5 term=0 slv_ms=6.8
[T2diag] t=36.2280 P=[-0.0109 0.0056 -0.0013] V=[0.0027 0.0009 -0.0027] |Bas|=0.112447 |Bgs|=0.0005387 tic0=[0.1200 0.0500 0.0300] tic1=[0.1200 -0.0500 0.0300] td=0.00000 track=120
time: 36.228000, t: -0.010936 0.005631 -0.001341 q: 0.999924 -0.004837 -0.011334 -0.000155 
[T2slv] t=36.3320 phase=1 init_cost=60.1055 final_cost=53.7443 iters=9 term=1 slv_ms=10.3
[T2diag] t=36.3320 P=[-0.0111 0.0057 -0.0014] V=[-0.0013 0.0009 0.0010] |Bas|=0.120049 |Bgs|=0.0005240 tic0=[0.1200 0.0500 0.0300] tic1=[0.1200 -0.0500 0.0300] td=0.00000 track=116
time: 36.332000, t: -0.011108 0.005720 -0.001351 q: 0.999919 -0.005460 -0.011461 -0.000250 
[T2slv] t=36.4280 phase=1 init_cost=58.5565 final_cost=53.4114 iters=7 term=0 slv_ms=11.9
[T2diag] t=36.4280 P=[-0.0112 0.0057 -0.0014] V=[0.0019 0.0015 -0.0002] |Bas|=0.119148 |Bgs|=0.0005279 tic0=[0.1200 0.0500 0.0300] tic1=[0.1200 -0.0500 0.0300] td=0.00000 track=120
time: 36.428000, t: -0.011213 0.005731 -0.001357 q: 0.999920 -0.005377 -0.011436 -0.000225 
[T2slv] t=36.5280 phase=1 init_cost=66.5311 final_cost=54.3798 iters=6 term=0 slv_ms=8.2
[T2diag] t=36.5280 P=[-0.0112 0.0057 -0.0014] V=[-0.0013 -0.0003 0.0012] |Bas|=0.116795 |Bgs|=0.0005665 tic0=[0.1200 0.0500 0.0300] tic1=[0.1200 -0.0500 0.0300] td=0.00000 track=119
time: 36.528000, t: -0.011216 0.005716 -0.001379 q: 0.999920 -0.005327 -0.011482 -0.000155 
[T2slv] t=36.6280 phase=1 init_cost=60.8747 final_cost=54.5251 iters=8 term=0 slv_ms=15.4
[T2diag] t=36.6280 P=[-0.0109 0.0056 -0.0013] V=[-0.0007 -0.0038 -0.0000] |Bas|=0.113213 |Bgs|=0.0005939 tic0=[0.1200 0.0500 0.0300] tic1=[0.1200 -0.0500 0.0300] td=0.00000 track=121
time: 36.628000, t: -0.010868 0.005578 -0.001326 q: 0.999921 -0.005316 -0.011361 -0.000046 
[T2slv] t=36.7280 phase=1 init_cost=62.8698 final_cost=54.2509 iters=6 term=0 slv_ms=9.5
[T2diag] t=36.7280 P=[-0.0109 0.0056 -0.0013] V=[-0.0001 0.0001 -0.0002] |Bas|=0.114629 |Bgs|=0.0005922 tic0=[0.1200 0.0500 0.0300] tic1=[0.1200 -0.0500 0.0300] td=0.00000 track=120
time: 36.728000, t: -0.010871 0.005578 -0.001320 q: 0.999921 -0.005492 -0.011316 -0.000060 
[T2slv] t=36.8280 phase=1 init_cost=56.0809 final_cost=54.36 iters=5 term=0 slv_ms=5.8
[T2diag] t=36.8280 P=[-0.0110 0.0056 -0.0013] V=[-0.0014 0.0002 0.0014] |Bas|=0.112885 |Bgs|=0.0005900 tic0=[0.1200 0.0500 0.0300] tic1=[0.1200 -0.0500 0.0300] td=0.00000 track=120
time: 36.828000, t: -0.011021 0.005650 -0.001332 q: 0.999921 -0.005390 -0.011333 -0.000101 
[T2slv] t=36.9280 phase=1 init_cost=61.5464 final_cost=53.959 iters=6 term=0 slv_ms=11.9
[T2diag] t=36.9280 P=[-0.0111 0.0056 -0.0013] V=[-0.0000 0.0010 0.0006] |Bas|=0.107084 |Bgs|=0.0005873 tic0=[0.1200 0.0500 0.0300] tic1=[0.1200 -0.0500 0.0300] td=0.00000 track=120
time: 36.928000, t: -0.011083 0.005648 -0.001308 q: 0.999925 -0.005004 -0.011162 -0.000083 
[T2slv] t=37.0280 phase=1 init_cost=58.8057 final_cost=53.8029 iters=4 term=0 slv_ms=8.5
[T2diag] t=37.0280 P=[-0.0111 0.0057 -0.0013] V=[0.0009 0.0006 0.0003] |Bas|=0.105267 |Bgs|=0.0005943 tic0=[0.1200 0.0500 0.0300] tic1=[0.1200 -0.0500 0.0300] td=0.00000 track=120
time: 37.028000, t: -0.011103 0.005656 -0.001304 q: 0.999927 -0.004777 -0.011065 -0.000066 
[T2slv] t=37.1280 phase=1 init_cost=62.1425 final_cost=54.4717 iters=5 term=0 slv_ms=6.9
[T2diag] t=37.1280 P=[-0.0108 0.0056 -0.0013] V=[0.0014 -0.0008 0.0004] |Bas|=0.100392 |Bgs|=0.0006114 tic0=[0.1200 0.0500 0.0300] tic1=[0.1200 -0.0500 0.0300] td=0.00000 track=120
time: 37.128000, t: -0.010841 0.005573 -0.001304 q: 0.999929 -0.004429 -0.011029 -0.000052 
[T2slv] t=37.2280 phase=1 init_cost=55.4518 final_cost=54.5649 iters=3 term=0 slv_ms=6.2
[T2diag] t=37.2280 P=[-0.0110 0.0056 -0.0013] V=[-0.0028 0.0007 -0.0000] |Bas|=0.099819 |Bgs|=0.0006198 tic0=[0.1200 0.0500 0.0300] tic1=[0.1200 -0.0500 0.0300] td=0.00000 track=120
time: 37.228000, t: -0.010974 0.005617 -0.001290 q: 0.999929 -0.004561 -0.010992 -0.000120 
[T2slv] t=37.3280 phase=1 init_cost=61.885 final_cost=56.7574 iters=9 term=1 slv_ms=10.2
[T2diag] t=37.3280 P=[-0.0120 0.0056 -0.0024] V=[-0.0025 -0.0008 -0.0128] |Bas|=0.118399 |Bgs|=0.0006703 tic0=[0.1200 0.0500 0.0300] tic1=[0.1200 -0.0500 0.0300] td=0.00000 track=115
time: 37.328000, t: -0.011952 0.005607 -0.002391 q: 0.999919 -0.005600 -0.011440 -0.000067 
[T2slv] t=37.4280 phase=1 init_cost=59.7494 final_cost=56.0452 iters=9 term=1 slv_ms=12.0
[T2diag] t=37.4280 P=[-0.0129 0.0043 -0.0019] V=[-0.0017 0.0025 -0.0096] |Bas|=0.127158 |Bgs|=0.0006508 tic0=[0.1200 0.0500 0.0300] tic1=[0.1200 -0.0500 0.0300] td=0.00000 track=121
time: 37.428000, t: -0.012889 0.004314 -0.001930 q: 0.999914 -0.005999 -0.011636 0.000208 
[T2slv] t=37.5280 phase=1 init_cost=58.9377 final_cost=55.2537 iters=9 term=1 slv_ms=9.1
[T2diag] t=37.5280 P=[-0.0162 0.0045 -0.0017] V=[-0.0043 0.0008 -0.0084] |Bas|=0.131747 |Bgs|=0.0006704 tic0=[0.1200 0.0500 0.0300] tic1=[0.1200 -0.0500 0.0300] td=0.00000 track=114
time: 37.528000, t: -0.016177 0.004462 -0.001725 q: 0.999912 -0.006408 -0.011590 0.000225 
[T2slv] t=37.6280 phase=1 init_cost=56.4256 final_cost=54.3002 iters=9 term=1 slv_ms=9.3
[T2diag] t=37.6280 P=[-0.0158 0.0046 -0.0016] V=[-0.0074 0.0020 -0.0045] |Bas|=0.132167 |Bgs|=0.0006733 tic0=[0.1200 0.0500 0.0300] tic1=[0.1200 -0.0500 0.0300] td=0.00000 track=119
time: 37.628000, t: -0.015781 0.004620 -0.001625 q: 0.999913 -0.006369 -0.011583 0.000080 
[T2slv] t=37.7280 phase=1 init_cost=54.9597 final_cost=53.8252 iters=9 term=1 slv_ms=14.6
[T2diag] t=37.7280 P=[-0.0146 0.0047 -0.0015] V=[-0.0025 0.0007 -0.0021] |Bas|=0.126819 |Bgs|=0.0006747 tic0=[0.1200 0.0500 0.0300] tic1=[0.1200 -0.0500 0.0300] td=0.00000 track=120
time: 37.728000, t: -0.014642 0.004665 -0.001526 q: 0.999915 -0.006162 -0.011448 0.000100 
[T2slv] t=37.8600 phase=1 init_cost=55.0036 final_cost=54.0622 iters=9 term=1 slv_ms=12.5
[T2diag] t=37.8600 P=[-0.0126 0.0048 -0.0016] V=[-0.0007 0.0021 -0.0053] |Bas|=0.125461 |Bgs|=0.0006614 tic0=[0.1200 0.0500 0.0300] tic1=[0.1200 -0.0500 0.0300] td=0.00000 track=121
time: 37.860000, t: -0.012584 0.004786 -0.001574 q: 0.999916 -0.005940 -0.011526 0.000021 
[T2slv] t=37.9320 phase=1 init_cost=55.9893 final_cost=54.8528 iters=9 term=1 slv_ms=8.6
[T2diag] t=37.9320 P=[-0.0128 0.0048 -0.0017] V=[0.0002 0.0020 -0.0058] |Bas|=0.130068 |Bgs|=0.0006522 tic0=[0.1200 0.0500 0.0300] tic1=[0.1200 -0.0500 0.0300] td=0.00000 track=121
time: 37.932000, t: -0.012820 0.004780 -0.001670 q: 0.999915 -0.005930 -0.011650 0.000040 
[T2slv] t=38.0280 phase=1 init_cost=56.8539 final_cost=54.2082 iters=9 term=1 slv_ms=12.3
[T2diag] t=38.0280 P=[-0.0102 0.0049 -0.0017] V=[-0.0001 0.0005 0.0002] |Bas|=0.151326 |Bgs|=0.0006619 tic0=[0.1200 0.0500 0.0300] tic1=[0.1200 -0.0500 0.0300] td=0.00000 track=121
time: 38.028000, t: -0.010208 0.004888 -0.001663 q: 0.999899 -0.006700 -0.012518 0.000107 
[T2slv] t=38.1280 phase=1 init_cost=56.6774 final_cost=53.996 iters=9 term=1 slv_ms=10.1
[T2diag] t=38.1280 P=[-0.0099 0.0051 -0.0016] V=[-0.0016 0.0023 -0.0037] |Bas|=0.153807 |Bgs|=0.0006399 tic0=[0.1200 0.0500 0.0300] tic1=[0.1200 -0.0500 0.0300] td=0.00000 track=121
time: 38.128000, t: -0.009899 0.005116 -0.001633 q: 0.999897 -0.006635 -0.012759 -0.000134 
[T2slv] t=38.2280 phase=1 init_cost=62.4475 final_cost=54.1983 iters=9 term=1 slv_ms=15.8
[T2diag] t=38.2280 P=[-0.0101 0.0051 -0.0017] V=[0.0007 0.0000 -0.0012] |Bas|=0.161995 |Bgs|=0.0006515 tic0=[0.1200 0.0500 0.0300] tic1=[0.1200 -0.0500 0.0300] td=0.00000 track=122
time: 38.228000, t: -0.010066 0.005054 -0.001736 q: 0.999891 -0.006630 -0.013183 -0.000078 
[T2slv] t=38.3600 phase=1 init_cost=55.8976 final_cost=54.3799 iters=9 term=1 slv_ms=14.5
[T2diag] t=38.3600 P=[-0.0098 0.0051 -0.0016] V=[-0.0025 -0.0029 0.0006] |Bas|=0.160691 |Bgs|=0.0006282 tic0=[0.1200 0.0500 0.0300] tic1=[0.1200 -0.0500 0.0300] td=0.00000 track=122
time: 38.360000, t: -0.009816 0.005136 -0.001606 q: 0.999895 -0.006450 -0.012979 -0.000164 
[T2slv] t=38.4920 phase=1 init_cost=72.7662 final_cost=54.2743 iters=9 term=1 slv_ms=13.2
[T2diag] t=38.4920 P=[-0.0098 0.0052 -0.0016] V=[0.0008 0.0005 -0.0023] |Bas|=0.167121 |Bgs|=0.0005919 tic0=[0.1200 0.0500 0.0300] tic1=[0.1200 -0.0500 0.0300] td=0.00000 track=123
time: 38.492000, t: -0.009837 0.005221 -0.001551 q: 0.999891 -0.006782 -0.013148 -0.000243 
[T2slv] t=38.5920 phase=1 init_cost=57.9441 final_cost=54.1446 iters=9 term=1 slv_ms=8.6
[T2diag] t=38.5920 P=[-0.0101 0.0051 -0.0017] V=[-0.0012 -0.0007 0.0014] |Bas|=0.170012 |Bgs|=0.0005813 tic0=[0.1200 0.0500 0.0300] tic1=[0.1200 -0.0500 0.0300] td=0.00000 track=123
time: 38.592000, t: -0.010057 0.005134 -0.001703 q: 0.999886 -0.006719 -0.013520 -0.000156 
[T2slv] t=38.6920 phase=1 init_cost=61.2609 final_cost=54.0281 iters=8 term=0 slv_ms=8.4
[T2diag] t=38.6920 P=[-0.0098 0.0052 -0.0016] V=[0.0013 -0.0001 -0.0000] |Bas|=0.164069 |Bgs|=0.0005538 tic0=[0.1200 0.0500 0.0300] tic1=[0.1200 -0.0500 0.0300] td=0.00000 track=123
time: 38.692000, t: -0.009837 0.005241 -0.001584 q: 0.999892 -0.006473 -0.013186 -0.000277 
[T2slv] t=38.7920 phase=1 init_cost=58.6519 final_cost=53.8052 iters=9 term=1 slv_ms=13.4
[T2diag] t=38.7920 P=[-0.0099 0.0053 -0.0016] V=[-0.0015 0.0002 -0.0001] |Bas|=0.153677 |Bgs|=0.0005382 tic0=[0.1200 0.0500 0.0300] tic1=[0.1200 -0.0500 0.0300] td=0.00000 track=123
time: 38.792000, t: -0.009896 0.005253 -0.001574 q: 0.999900 -0.006115 -0.012769 -0.000301 
[T2slv] t=38.8920 phase=1 init_cost=55.3267 final_cost=54.1697 iters=9 term=1 slv_ms=8.7
[T2diag] t=38.8920 P=[-0.0099 0.0052 -0.0016] V=[0.0006 -0.0004 -0.0002] |Bas|=0.154133 |Bgs|=0.0005288 tic0=[0.1200 0.0500 0.0300] tic1=[0.1200 -0.0500 0.0300] td=0.00000 track=122
time: 38.892000, t: -0.009880 0.005215 -0.001565 q: 0.999900 -0.006154 -0.012725 -0.000283 
[T2slv] t=38.9960 phase=1 init_cost=62.9336 final_cost=54.3639 iters=7 term=0 slv_ms=7.5
[T2diag] t=38.9960 P=[-0.0101 0.0051 -0.0017] V=[-0.0022 -0.0014 0.0011] |Bas|=0.143241 |Bgs|=0.0005302 tic0=[0.1200 0.0500 0.0300] tic1=[0.1200 -0.0500 0.0300] td=0.00000 track=121
time: 38.996000, t: -0.010104 0.005126 -0.001666 q: 0.999906 -0.005593 -0.012522 -0.000111 
[T2slv] t=39.1280 phase=1 init_cost=65.0559 final_cost=54.0879 iters=8 term=0 slv_ms=8.4
[T2diag] t=39.1280 P=[-0.0099 0.0053 -0.0015] V=[0.0006 0.0011 0.0007] |Bas|=0.125664 |Bgs|=0.0005411 tic0=[0.1200 0.0500 0.0300] tic1=[0.1200 -0.0500 0.0300] td=0.00000 track=122
time: 39.128000, t: -0.009866 0.005300 -0.001510 q: 0.999917 -0.005482 -0.011677 -0.000304 
[T2slv] t=39.2280 phase=1 init_cost=57.7617 final_cost=53.5083 iters=7 term=0 slv_ms=12.9
[T2diag] t=39.2280 P=[-0.0099 0.0053 -0.0015] V=[-0.0012 0.0014 0.0006] |Bas|=0.120241 |Bgs|=0.0005575 tic0=[0.1200 0.0500 0.0300] tic1=[0.1200 -0.0500 0.0300] td=0.00000 track=123
time: 39.228000, t: -0.009896 0.005257 -0.001522 q: 0.999921 -0.005248 -0.011434 -0.000228 
[T2slv] t=39.3280 phase=1 init_cost=61.2895 final_cost=54.0224 iters=6 term=0 slv_ms=6.6
[T2diag] t=39.3280 P=[-0.0100 0.0051 -0.0016] V=[-0.0004 -0.0031 -0.0020] |Bas|=0.113329 |Bgs|=0.0005787 tic0=[0.1200 0.0500 0.0300] tic1=[0.1200 -0.0500 0.0300] td=0.00000 track=123
time: 39.328000, t: -0.009954 0.005148 -0.001648 q: 0.999923 -0.004965 -0.011404 -0.000058 
[T2slv] t=39.4280 phase=1 init_cost=66.7169 final_cost=54.2322 iters=9 term=1 slv_ms=12.9
[T2diag] t=39.4280 P=[-0.0099 0.0051 -0.0016] V=[-0.0020 -0.0011 0.0002] |Bas|=0.126698 |Bgs|=0.0005925 tic0=[0.1200 0.0500 0.0300] tic1=[0.1200 -0.0500 0.0300] td=0.00000 track=123
time: 39.428000, t: -0.009871 0.005130 -0.001598 q: 0.999916 -0.005500 -0.011731 -0.000076 
[T2slv] t=39.5600 phase=1 init_cost=55.1298 final_cost=54.2435 iters=6 term=0 slv_ms=11.2
[T2diag] t=39.5600 P=[-0.0098 0.0052 -0.0015] V=[-0.0006 0.0006 0.0010] |Bas|=0.125489 |Bgs|=0.0005802 tic0=[0.1200 0.0500 0.0300] tic1=[0.1200 -0.0500 0.0300] td=0.00000 track=123
time: 39.560000, t: -0.009822 0.005213 -0.001533 q: 0.999918 -0.005373 -0.011586 -0.000193 
[T2slv] t=39.6920 phase=1 init_cost=64.1228 final_cost=53.76 iters=8 term=0 slv_ms=8.4
[T2diag] t=39.6920 P=[-0.0099 0.0052 -0.0015] V=[-0.0019 -0.0009 0.0023] |Bas|=0.119398 |Bgs|=0.0005689 tic0=[0.1200 0.0500 0.0300] tic1=[0.1200 -0.0500 0.0300] td=0.00000 track=123
time: 39.692000, t: -0.009884 0.005224 -0.001498 q: 0.999922 -0.005236 -0.011345 -0.000153 
[T2slv] t=39.7640 phase=1 init_cost=61.8694 final_cost=54.2492 iters=9 term=1 slv_ms=10.5
[T2diag] t=39.7640 P=[-0.0101 0.0052 -0.0015] V=[-0.0031 -0.0011 0.0014] |Bas|=0.106200 |Bgs|=0.0005637 tic0=[0.1200 0.0500 0.0300] tic1=[0.1200 -0.0500 0.0300] td=0.00000 track=123
time: 39.764000, t: -0.010082 0.005245 -0.001506 q: 0.999930 -0.004697 -0.010846 -0.000217 
[T2slv] t=39.8920 phase=1 init_cost=62.5084 final_cost=54.7175 iters=9 term=1 slv_ms=8.7
[T2diag] t=39.8920 P=[-0.0100 0.0052 -0.0014] V=[-0.0031 -0.0037 0.0023] |Bas|=0.094718 |Bgs|=0.0005550 tic0=[0.1200 0.0500 0.0300] tic1=[0.1200 -0.0500 0.0300] td=0.00000 track=123
time: 39.892000, t: -0.009978 0.005232 -0.001440 q: 0.999937 -0.004431 -0.010314 -0.000168 
[T2slv] t=39.9920 phase=1 init_cost=65.6806 final_cost=55.2539 iters=9 term=1 slv_ms=3.9
[T2diag] t=39.9920 P=[-0.0100 0.0052 -0.0014] V=[0.0011 -0.0023 -0.0027] |Bas|=0.093989 |Bgs|=0.0005437 tic0=[0.1200 0.0500 0.0300] tic1=[0.1200 -0.0500 0.0300] td=0.00000 track=123
time: 39.992000, t: -0.010027 0.005186 -0.001429 q: 0.999938 -0.004316 -0.010293 -0.000011 
[T2slv] t=40.0920 phase=1 init_cost=72.148 final_cost=66.5885 iters=9 term=1 slv_ms=3.2
[T2diag] t=40.0920 P=[-0.0097 0.0054 -0.0014] V=[-0.0016 -0.0002 0.0008] |Bas|=0.094620 |Bgs|=0.0005401 tic0=[0.1200 0.0500 0.0300] tic1=[0.1200 -0.0500 0.0300] td=0.00000 track=123
time: 40.092000, t: -0.009706 0.005443 -0.001396 q: 0.999937 -0.004404 -0.010352 -0.000170 
[T2slv] t=40.1920 phase=1 init_cost=75.578 final_cost=61.733 iters=9 term=1 slv_ms=3.6
[T2diag] t=40.1920 P=[-0.0105 0.0054 -0.0015] V=[-0.0059 -0.0027 -0.0018] |Bas|=0.096167 |Bgs|=0.0005570 tic0=[0.1200 0.0500 0.0300] tic1=[0.1200 -0.0500 0.0300] td=0.00000 track=123
time: 40.192000, t: -0.010515 0.005400 -0.001518 q: 0.999936 -0.004401 -0.010380 -0.000302 
[T2slv] t=40.2920 phase=1 init_cost=73.7912 final_cost=54.8693 iters=9 term=1 slv_ms=3.6
[T2diag] t=40.2920 P=[-0.0101 0.0053 -0.0015] V=[0.0011 -0.0015 0.0015] |Bas|=0.104105 |Bgs|=0.0005156 tic0=[0.1200 0.0500 0.0300] tic1=[0.1200 -0.0500 0.0300] td=0.00000 track=123
time: 40.292000, t: -0.010055 0.005339 -0.001464 q: 0.999933 -0.004912 -0.010502 -0.000307 
[T2slv] t=40.3960 phase=1 init_cost=57.6032 final_cost=54.7453 iters=9 term=1 slv_ms=7.7
[T2diag] t=40.3960 P=[-0.0101 0.0053 -0.0014] V=[-0.0020 -0.0013 0.0022] |Bas|=0.116250 |Bgs|=0.0004840 tic0=[0.1200 0.0500 0.0300] tic1=[0.1200 -0.0500 0.0300] td=0.00000 track=123
time: 40.396000, t: -0.010072 0.005260 -0.001379 q: 0.999926 -0.005231 -0.010954 -0.000195 
[T2slv] t=40.5280 phase=1 init_cost=80.0057 final_cost=55.4821 iters=9 term=1 slv_ms=4.8
[T2diag] t=40.5280 P=[-0.0100 0.0054 -0.0014] V=[0.0010 -0.0000 0.0011] |Bas|=0.108289 |Bgs|=0.0004459 tic0=[0.1200 0.0500 0.0300] tic1=[0.1200 -0.0500 0.0300] td=0.00000 track=123
time: 40.528000, t: -0.009971 0.005359 -0.001437 q: 0.999930 -0.004869 -0.010781 -0.000370 
[T2slv] t=40.6280 phase=1 init_cost=59.9591 final_cost=55.3759 iters=9 term=1 slv_ms=6.9
[T2diag] t=40.6280 P=[-0.0100 0.0053 -0.0014] V=[-0.0011 -0.0008 -0.0004] |Bas|=0.100675 |Bgs|=0.0004209 tic0=[0.1200 0.0500 0.0300] tic1=[0.1200 -0.0500 0.0300] td=0.00000 track=123
time: 40.628000, t: -0.010002 0.005330 -0.001421 q: 0.999934 -0.004566 -0.010515 -0.000298 
[T2slv] t=40.7280 phase=1 init_cost=58.3498 final_cost=56.8092 iters=9 term=1 slv_ms=3.6
[T2diag] t=40.7280 P=[-0.0100 0.0054 -0.0014] V=[0.0001 0.0024 0.0005] |Bas|=0.097565 |Bgs|=0.0003984 tic0=[0.1200 0.0500 0.0300] tic1=[0.1200 -0.0500 0.0300] td=0.00000 track=123
time: 40.728000, t: -0.009960 0.005434 -0.001424 q: 0.999936 -0.004380 -0.010412 -0.000404 
[T2slv] t=40.8280 phase=1 init_cost=69.82 final_cost=55.549 iters=9 term=1 slv_ms=10.1
[T2diag] t=40.8280 P=[-0.0100 0.0053 -0.0015] V=[0.0007 -0.0010 -0.0021] |Bas|=0.088191 |Bgs|=0.0003893 tic0=[0.1200 0.0500 0.0300] tic1=[0.1200 -0.0500 0.0300] td=0.00000 track=121
time: 40.828000, t: -0.010008 0.005306 -0.001533 q: 0.999941 -0.003901 -0.010154 -0.000292 
[T2slv] t=40.9280 phase=1 init_cost=59.1234 final_cost=55.5341 iters=9 term=1 slv_ms=9.2
[T2diag] t=40.9280 P=[-0.0100 0.0053 -0.0015] V=[0.0001 -0.0001 -0.0004] |Bas|=0.090872 |Bgs|=0.0003907 tic0=[0.1200 0.0500 0.0300] tic1=[0.1200 -0.0500 0.0300] td=0.00000 track=122
time: 40.928000, t: -0.009993 0.005313 -0.001547 q: 0.999939 -0.004068 -0.010266 -0.000240 
[T2slv] t=41.0280 phase=1 init_cost=62.6236 final_cost=55.5982 iters=9 term=1 slv_ms=3.3
[T2diag] t=41.0280 P=[-0.0099 0.0053 -0.0015] V=[0.0015 -0.0025 -0.0003] |Bas|=0.093097 |Bgs|=0.0004061 tic0=[0.1200 0.0500 0.0300] tic1=[0.1200 -0.0500 0.0300] td=0.00000 track=122
time: 41.028000, t: -0.009871 0.005293 -0.001536 q: 0.999938 -0.004111 -0.010375 -0.000179 
[T2slv] t=41.1320 phase=1 init_cost=98.4785 final_cost=60.8468 iters=9 term=1 slv_ms=4.6
[T2diag] t=41.1320 P=[-0.0100 0.0054 -0.0015] V=[-0.0014 0.0010 0.0014] |Bas|=0.093836 |Bgs|=0.0003954 tic0=[0.1200 0.0500 0.0300] tic1=[0.1200 -0.0500 0.0300] td=0.00000 track=122
time: 41.132000, t: -0.009963 0.005413 -0.001502 q: 0.999938 -0.004280 -0.010290 -0.000207 
[T2slv] t=41.2280 phase=1 init_cost=100.97 final_cost=56.1832 iters=9 term=1 slv_ms=6.9
[T2diag] t=41.2280 P=[-0.0104 0.0053 -0.0018] V=[-0.0045 -0.0039 0.0002] |Bas|=0.093259 |Bgs|=0.0004031 tic0=[0.1200 0.0500 0.0300] tic1=[0.1200 -0.0500 0.0300] td=0.00000 track=121
time: 41.228000, t: -0.010374 0.005257 -0.001782 q: 0.999937 -0.004097 -0.010480 -0.000207 
[T2slv] t=41.3280 phase=1 init_cost=60.2734 final_cost=56.0491 iters=9 term=1 slv_ms=6.1
[T2diag] t=41.3280 P=[-0.0102 0.0053 -0.0015] V=[-0.0031 -0.0005 0.0016] |Bas|=0.095752 |Bgs|=0.0004123 tic0=[0.1200 0.0500 0.0300] tic1=[0.1200 -0.0500 0.0300] td=0.00000 track=122
time: 41.328000, t: -0.010157 0.005303 -0.001547 q: 0.999937 -0.004309 -0.010335 -0.000231 
[T2slv] t=41.4280 phase=1 init_cost=57.0092 final_cost=55.196 iters=9 term=1 slv_ms=6.7
[T2diag] t=41.4280 P=[-0.0101 0.0053 -0.0015] V=[0.0003 0.0014 0.0002] |Bas|=0.092678 |Bgs|=0.0004064 tic0=[0.1200 0.0500 0.0300] tic1=[0.1200 -0.0500 0.0300] td=0.00000 track=116
time: 41.428000, t: -0.010065 0.005305 -0.001496 q: 0.999938 -0.004226 -0.010295 -0.000175 
[T2slv] t=41.5280 phase=1 init_cost=57.0802 final_cost=54.9797 iters=9 term=1 slv_ms=5.8
[T2diag] t=41.5280 P=[-0.0099 0.0053 -0.0015] V=[0.0001 -0.0006 -0.0024] |Bas|=0.093476 |Bgs|=0.0004080 tic0=[0.1200 0.0500 0.0300] tic1=[0.1200 -0.0500 0.0300] td=0.00000 track=120
time: 41.528000, t: -0.009941 0.005285 -0.001466 q: 0.999938 -0.004296 -0.010295 -0.000110 
[T2slv] t=41.6280 phase=1 init_cost=106.788 final_cost=55.1996 iters=9 term=1 slv_ms=8.1
[T2diag] t=41.6280 P=[-0.0100 0.0053 -0.0015] V=[-0.0005 -0.0002 -0.0008] |Bas|=0.103417 |Bgs|=0.0003943 tic0=[0.1200 0.0500 0.0300] tic1=[0.1200 -0.0500 0.0300] td=0.00000 track=121
time: 41.628000, t: -0.010006 0.005315 -0.001453 q: 0.999933 -0.004512 -0.010652 -0.000153 
[T2slv] t=41.7280 phase=1 init_cost=60.7481 final_cost=55.2564 iters=9 term=1 slv_ms=5.8
[T2diag] t=41.7280 P=[-0.0100 0.0053 -0.0014] V=[0.0015 0.0009 0.0007] |Bas|=0.107533 |Bgs|=0.0003797 tic0=[0.1200 0.0500 0.0300] tic1=[0.1200 -0.0500 0.0300] td=0.00000 track=120
time: 41.728000, t: -0.009964 0.005308 -0.001429 q: 0.999931 -0.004715 -0.010786 -0.000142 
[T2slv] t=41.8280 phase=1 init_cost=78.413 final_cost=57.7519 iters=9 term=1 slv_ms=2.5
[T2diag] t=41.8280 P=[-0.0099 0.0053 -0.0015] V=[0.0007 -0.0013 -0.0011] |Bas|=0.107035 |Bgs|=0.0003836 tic0=[0.1200 0.0500 0.0300] tic1=[0.1200 -0.0500 0.0300] td=0.00000 track=120
time: 41.828000, t: -0.009895 0.005304 -0.001484 q: 0.999929 -0.004657 -0.010927 -0.000062 
[T2slv] t=41.9280 phase=1 init_cost=106.301 final_cost=55.0719 iters=9 term=1 slv_ms=6.2
[T2diag] t=41.9280 P=[-0.0100 0.0053 -0.0015] V=[-0.0017 -0.0008 0.0008] |Bas|=0.116721 |Bgs|=0.0003950 tic0=[0.1200 0.0500 0.0300] tic1=[0.1200 -0.0500 0.0300] td=0.00000 track=121
time: 41.928000, t: -0.010015 0.005280 -0.001479 q: 0.999924 -0.004870 -0.011304 -0.000111 
[T2slv] t=42.0280 phase=1 init_cost=84.5504 final_cost=56.0263 iters=9 term=1 slv_ms=5.5
[T2diag] t=42.0280 P=[-0.0102 0.0055 -0.0016] V=[-0.0011 0.0008 0.0009] |Bas|=0.120203 |Bgs|=0.0003833 tic0=[0.1200 0.0500 0.0300] tic1=[0.1200 -0.0500 0.0300] td=0.00000 track=121
time: 42.028000, t: -0.010207 0.005462 -0.001622 q: 0.999921 -0.005064 -0.011493 -0.000286 
[T2slv] t=42.1280 phase=1 init_cost=56.575 final_cost=55.431 iters=9 term=1 slv_ms=3.9
[T2diag] t=42.1280 P=[-0.0103 0.0054 -0.0015] V=[-0.0009 -0.0019 0.0023] |Bas|=0.122555 |Bgs|=0.0003919 tic0=[0.1200 0.0500 0.0300] tic1=[0.1200 -0.0500 0.0300] td=0.00000 track=121
time: 42.128000, t: -0.010297 0.005393 -0.001485 q: 0.999921 -0.005187 -0.011483 -0.000233 
[T2slv] t=42.2280 phase=1 init_cost=58.7124 final_cost=55.3879 iters=9 term=1 slv_ms=4.6
[T2diag] t=42.2280 P=[-0.0103 0.0054 -0.0016] V=[-0.0019 0.0003 0.0004] |Bas|=0.116360 |Bgs|=0.0003945 tic0=[0.1200 0.0500 0.0300] tic1=[0.1200 -0.0500 0.0300] td=0.00000 track=121
time: 42.228000, t: -0.010301 0.005417 -0.001568 q: 0.999924 -0.004895 -0.011338 -0.000273 
[T2slv] t=42.3600 phase=1 init_cost=58.1917 final_cost=55.6226 iters=9 term=1 slv_ms=3.8
[T2diag] t=42.3600 P=[-0.0103 0.0054 -0.0015] V=[-0.0021 -0.0008 0.0030] |Bas|=0.115519 |Bgs|=0.0003972 tic0=[0.1200 0.0500 0.0300] tic1=[0.1200 -0.0500 0.0300] td=0.00000 track=121
time: 42.360000, t: -0.010287 0.005445 -0.001465 q: 0.999926 -0.004934 -0.011137 -0.000215 
[T2slv] t=42.4920 phase=1 init_cost=56.5653 final_cost=55.6531 iters=9 term=1 slv_ms=6.4
[T2diag] t=42.4920 P=[-0.0104 0.0054 -0.0012] V=[-0.0023 -0.0018 0.0034] |Bas|=0.113537 |Bgs|=0.0003862 tic0=[0.1200 0.0500 0.0300] tic1=[0.1200 -0.0500 0.0300] td=0.00000 track=121
time: 42.492000, t: -0.010353 0.005448 -0.001246 q: 0.999928 -0.005140 -0.010822 -0.000243 
[T2slv] t=42.5920 phase=1 init_cost=58.0765 final_cost=56.064 iters=9 term=1 slv_ms=4.9
[T2diag] t=42.5920 P=[-0.0106 0.0056 -0.0012] V=[-0.0029 0.0023 0.0018] |Bas|=0.112365 |Bgs|=0.0003482 tic0=[0.1200 0.0500 0.0300] tic1=[0.1200 -0.0500 0.0300] td=0.00000 track=119
time: 42.592000, t: -0.010627 0.005559 -0.001234 q: 0.999930 -0.004953 -0.010769 -0.000330 
[T2slv] t=42.6920 phase=1 init_cost=57.1788 final_cost=55.2961 iters=9 term=1 slv_ms=5.4
[T2diag] t=42.6920 P=[-0.0122 0.0058 -0.0011] V=[-0.0110 0.0015 0.0044] |Bas|=0.110957 |Bgs|=0.0003172 tic0=[0.1200 0.0500 0.0300] tic1=[0.1200 -0.0500 0.0300] td=0.00000 track=121
time: 42.692000, t: -0.012241 0.005777 -0.001122 q: 0.999931 -0.004899 -0.010710 -0.000223 
[T2slv] t=42.7920 phase=1 init_cost=58.9651 final_cost=55.6706 iters=9 term=1 slv_ms=3.9
[T2diag] t=42.7920 P=[-0.0156 0.0055 -0.0014] V=[-0.0191 -0.0011 0.0017] |Bas|=0.098902 |Bgs|=0.0003336 tic0=[0.1200 0.0500 0.0300] tic1=[0.1200 -0.0500 0.0300] td=0.00000 track=114
time: 42.792000, t: -0.015588 0.005516 -0.001363 q: 0.999936 -0.004629 -0.010316 -0.000336 
[T2slv] t=42.8920 phase=1 init_cost=58.7235 final_cost=56.0303 iters=7 term=0 slv_ms=10.4
[T2diag] t=42.8920 P=[-0.0154 0.0052 -0.0014] V=[-0.0171 -0.0022 0.0006] |Bas|=0.080209 |Bgs|=0.0003198 tic0=[0.1200 0.0500 0.0300] tic1=[0.1200 -0.0500 0.0300] td=0.00000 track=117
time: 42.892000, t: -0.015448 0.005248 -0.001366 q: 0.999949 -0.004286 -0.009166 -0.000244 
[T2slv] t=42.9960 phase=1 init_cost=58.6476 final_cost=56.7837 iters=5 term=0 slv_ms=5.2
[T2diag] t=42.9960 P=[-0.0163 0.0053 -0.0014] V=[-0.0147 -0.0034 0.0004] |Bas|=0.076335 |Bgs|=0.0003274 tic0=[0.1200 0.0500 0.0300] tic1=[0.1200 -0.0500 0.0300] td=0.00000 track=112
time: 42.996000, t: -0.016333 0.005290 -0.001438 q: 0.999950 -0.004052 -0.009111 -0.000362 
[T2slv] t=43.1280 phase=1 init_cost=368.151 final_cost=138.175 iters=7 term=0 slv_ms=18.0
[T2diag] t=43.1280 P=[-0.0182 0.0052 -0.0013] V=[-0.0086 -0.0011 -0.0013] |Bas|=0.075960 |Bgs|=0.0003284 tic0=[0.1200 0.0500 0.0300] tic1=[0.1200 -0.0500 0.0300] td=0.00000 track=115
