[0m[INFO] [1790618842.809176745]: init begins[0m
vins stack guard: RLIMIT_STACK soft -> 512 MB
config_file: /tmp/d1_cfg_legacy.yaml
USE_IMU: 1
IMU_TOPIC: /mavros/imu/data_raw
REANCHOR_SMOOTH: 0 frames: 15
result path /home/uav/vins_output//vio.csv
[33m[WARN] [1790618842.812999065]:  Optimize extrinsic param around initial guess![0m
camera number 2
[0m[INFO] [1790618842.814206574]: Synchronized sensors, fix time offset: 0[0m
[0m[INFO] [1790618842.814216779]: ROW: 480 COL: 640 [0m
 exitrinsic cam 0
 0  0  1
-1  0  0
 0 -1  0
0.12 0.05 0.03
 exitrinsic cam 1
 0  0  1
-1  0  0
 0 -1  0
 0.12 -0.05  0.03
set g    0    0 9.81
[33m[WARN] [1790618842.814784175]: waiting for image and imu...[0m
vins_node: /usr/include/boost/smart_ptr/shared_ptr.hpp:734: typename boost::detail::sp_member_access<T>::type boost::shared_ptr<T>::operator->() const [with T = camodocal::Camera; typename boost::detail::sp_member_access<T>::type = camodocal::Camera*]: Assertion `px != 0' failed.
