{
 "temporal_pool": {
  "label": "temporal_pool",
  "n": 8159,
  "p50": 0.002565337810665369,
  "p90": 0.05926167890429494,
  "p95": 0.467550256848335,
  "p99": 9.492084808349729,
  "median": 0.002565337810665369,
  "p90_ci": [
   0.051159050315618515,
   0.07007218897342682
  ]
 },
 "stereo_pool": {
  "label": "stereo_pool",
  "n": 7095,
  "p50": 29.29914665222168,
  "p90": 103.731608581543,
  "p95": 125.13297271728516,
  "p99": 193.46143615722653,
  "median": 29.29914665222168,
  "p90_ci": [
   102.36903381347656,
   104.97966766357422
  ]
 },
 "h6_tail_compare": {
  "p90_ratio_stereo_over_temporal": 1750.3994233620192,
  "h6_prediction": "stereo tail heavier (ratio > 1) supports FPN asymmetry"
 }
}
