{
 "temporal_pool": {
  "label": "temporal_pool",
  "n": 7001,
  "p50": 0.0018943034810945392,
  "p90": 0.011078258976340294,
  "p95": 0.028688861057162285,
  "p99": 19.03998374938965,
  "median": 0.0018943034810945392,
  "p90_ci": [
   0.010180654935538769,
   0.011827756650745869
  ]
 },
 "stereo_pool": {
  "label": "stereo_pool",
  "n": 5596,
  "p50": 38.782936096191406,
  "p90": 102.97760391235352,
  "p95": 142.09369277954102,
  "p99": 220.25345687866212,
  "median": 38.782936096191406,
  "p90_ci": [
   101.85668182373047,
   104.85718536376953
  ]
 },
 "h6_tail_compare": {
  "p90_ratio_stereo_over_temporal": 9295.468189747284,
  "h6_prediction": "stereo tail heavier (ratio > 1) supports FPN asymmetry"
 }
}
