{
 "p_sat": {
  "n": 144,
  "p10": 3.255208333333333e-06,
  "p50": 7.486979166666666e-05,
  "p90": 0.0005989583333333333,
  "p90_ci": [
   0.0005826822916666667,
   0.0006119791666666667
  ],
  "med_ci": [
   7.161458333333333e-05,
   8.138020833333333e-05
  ]
 },
 "hist_range_p1_p99": {
  "n": 144,
  "p10": 149.0,
  "p50": 150.0,
  "p90": 163.0,
  "p90_ci": [
   163.0,
   163.0
  ],
  "med_ci": [
   149.0,
   150.0
  ]
 },
 "med_gray": {
  "n": 144,
  "p10": 81.0,
  "p50": 83.0,
  "p90": 175.0,
  "p90_ci": [
   175.0,
   175.0
  ],
  "med_ci": [
   83.0,
   83.0
  ]
 },
 "corners_gFT": {
  "n": 144,
  "p10": 70.0,
  "p50": 95.0,
  "p90": 114.0,
  "p90_ci": [
   113.0,
   115.0
  ],
  "med_ci": [
   94.0,
   97.0
  ]
 },
 "supply_frac": {
  "n": 144,
  "p10": 0.4666666666666667,
  "p50": 0.6333333333333333,
  "p90": 0.76,
  "p90_ci": [
   0.7533333333333333,
   0.7666666666666667
  ],
  "med_ci": [
   0.6266666666666667,
   0.6466666666666666
  ]
 },
 "grid4x4_occupancy_frac": {
  "n": 144,
  "p10": 0.51875,
  "p50": 0.625,
  "p90": 0.6875,
  "p90_ci": [
   0.625,
   0.6875
  ],
  "med_ci": [
   0.625,
   0.625
  ]
 },
 "grad_med": {
  "n": 144,
  "p10": 8.246211051940918,
  "p50": 8.246211051940918,
  "p90": 8.602325439453125,
  "p90_ci": [
   8.602325439453125,
   8.602325439453125
  ],
  "med_ci": [
   8.246211051940918,
   8.246211051940918
  ]
 },
 "grad_dir_maxbin_frac": {
  "n": 144,
  "p10": 0.24500416219234467,
  "p50": 0.24695903062820435,
  "p90": 0.2628509342670441,
  "p90_ci": [
   0.2625672519207001,
   0.2631285786628723
  ],
  "med_ci": [
   0.24676360189914703,
   0.24724289774894714
  ]
 },
 "grad_dir_entropy_norm": {
  "n": 144,
  "p10": 0.799646042573734,
  "p50": 0.8242669607823574,
  "p90": 0.8253042451613891,
  "p90_ci": [
   0.825181990930555,
   0.8254532087370341
  ],
  "med_ci": [
   0.824113534650955,
   0.8244974299281308
  ]
 },
 "d12_sigma_flat": {
  "n": 140,
  "p10": 1.0641408771591179,
  "p50": 1.067920204892286,
  "p90": 1.0716387011638535,
  "p90_ci": [
   1.0713010347059695,
   1.0728949952949882
  ],
  "med_ci": [
   1.0675031451771835,
   1.0684025682856324
  ]
 },
 "d12_sigma_p25": {
  "n": 140,
  "p10": 1.0253820878938142,
  "p50": 1.0300618969357003,
  "p90": 1.0347766035681532,
  "p90_ci": [
   1.0344263716863973,
   1.0357235673898657
  ],
  "med_ci": [
   1.029380298101582,
   1.0306431862703624
  ]
 },
 "gamma_pair": {
  "n": 140,
  "p10": 1.0,
  "p50": 1.0,
  "p90": 1.0,
  "p90_ci": [
   1.0,
   1.0
  ],
  "med_ci": [
   1.0,
   1.0
  ]
 }
}
