{
 "p_sat": {
  "n": 144,
  "p10": 1.3020833333333332e-05,
  "p50": 3.255208333333333e-05,
  "p90": 0.00012369791666666668,
  "p90_ci": [
   0.00012044270833333334,
   0.00013020833333333333
  ],
  "med_ci": [
   2.604166666666667e-05,
   8.463541666666667e-05
  ]
 },
 "hist_range_p1_p99": {
  "n": 144,
  "p10": 149.3,
  "p50": 154.0,
  "p90": 160.0,
  "p90_ci": [
   160.0,
   160.0
  ],
  "med_ci": [
   154.0,
   159.0
  ]
 },
 "med_gray": {
  "n": 144,
  "p10": 83.0,
  "p50": 175.0,
  "p90": 175.0,
  "p90_ci": [
   175.0,
   175.0
  ],
  "med_ci": [
   175.0,
   175.0
  ]
 },
 "corners_gFT": {
  "n": 144,
  "p10": 95.3,
  "p50": 120.0,
  "p90": 127.0,
  "p90_ci": [
   126.0,
   130.0
  ],
  "med_ci": [
   119.0,
   121.0
  ]
 },
 "supply_frac": {
  "n": 144,
  "p10": 0.6353333333333333,
  "p50": 0.8,
  "p90": 0.8466666666666667,
  "p90_ci": [
   0.84,
   0.8666666666666667
  ],
  "med_ci": [
   0.7933333333333333,
   0.8066666666666666
  ]
 },
 "grid4x4_occupancy_frac": {
  "n": 144,
  "p10": 0.625,
  "p50": 0.8125,
  "p90": 0.9375,
  "p90_ci": [
   0.9375,
   1.0
  ],
  "med_ci": [
   0.8125,
   0.8125
  ]
 },
 "grad_med": {
  "n": 144,
  "p10": 8.246211051940918,
  "p50": 8.246211051940918,
  "p90": 8.246211051940918,
  "p90_ci": [
   8.246211051940918,
   8.246211051940918
  ],
  "med_ci": [
   8.246211051940918,
   8.246211051940918
  ]
 },
 "grad_dir_maxbin_frac": {
  "n": 144,
  "p10": 0.2467643558979034,
  "p50": 0.2618689388036728,
  "p90": 0.2694257080554962,
  "p90_ci": [
   0.26931172609329224,
   0.26961103081703186
  ],
  "med_ci": [
   0.2616240382194519,
   0.2674471437931061
  ]
 },
 "grad_dir_entropy_norm": {
  "n": 144,
  "p10": 0.8021677742663847,
  "p50": 0.8092874149095146,
  "p90": 0.8245686081048982,
  "p90_ci": [
   0.8100940156761376,
   0.8252952458114236
  ],
  "med_ci": [
   0.8088493668069271,
   0.8093696133718493
  ]
 },
 "d12_sigma_flat": {
  "n": 140,
  "p10": 1.0637600934846583,
  "p50": 1.0680538937667379,
  "p90": 1.0716022978026951,
  "p90_ci": [
   1.0712239502893668,
   1.072767688550172
  ],
  "med_ci": [
   1.0673494847287657,
   1.0687071794458358
  ]
 },
 "d12_sigma_p25": {
  "n": 140,
  "p10": 1.0240418855461255,
  "p50": 1.0296322098151318,
  "p90": 1.0356186217370735,
  "p90_ci": [
   1.0345590499655097,
   1.036765437485055
  ],
  "med_ci": [
   1.0290244101127561,
   1.0306543130383694
  ]
 },
 "gamma_pair": {
  "n": 140,
  "p10": 1.0,
  "p50": 1.0,
  "p90": 1.0,
  "p90_ci": [
   1.0,
   1.0
  ],
  "med_ci": [
   1.0,
   1.0
  ]
 }
}
