[0m[INFO] [1790601081.178576768]: FCU URL: udp://:14540@127.0.0.1:14580[0m
[0m[INFO] [1790601081.179917047]: udp0: Bind address: 0.0.0.0:14540[0m
[0m[INFO] [1790601081.179941058]: udp0: Remote address: 127.0.0.1:14580[0m
[0m[INFO] [1790601081.179966011]: GCS bridge disabled[0m
[0m[INFO] [1790601081.185124496]: Plugin 3dr_radio loaded[0m
[0m[INFO] [1790601081.185756368]: Plugin 3dr_radio initialized[0m
[0m[INFO] [1790601081.185782789]: Plugin actuator_control loaded[0m
[0m[INFO] [1790601081.186817026]: Plugin actuator_control initialized[0m
[0m[INFO] [1790601081.189103512]: Plugin adsb loaded[0m
[0m[INFO] [1790601081.190191921]: Plugin adsb initialized[0m
[0m[INFO] [1790601081.190236732]: Plugin altitude loaded[0m
[0m[INFO] [1790601081.190544016]: Plugin altitude initialized[0m
[0m[INFO] [1790601081.190575065]: Plugin cam_imu_sync loaded[0m
[0m[INFO] [1790601081.190816539]: Plugin cam_imu_sync initialized[0m
[0m[INFO] [1790601081.190851174]: Plugin camera loaded[0m
[0m[INFO] [1790601081.191065948]: Plugin camera initialized[0m
[0m[INFO] [1790601081.191097247]: Plugin cellular_status loaded[0m
[0m[INFO] [1790601081.191851381]: Plugin cellular_status initialized[0m
[0m[INFO] [1790601081.191884511]: Plugin command loaded[0m
[0m[INFO] [1790601081.193986235]: Plugin command initialized[0m
[0m[INFO] [1790601081.194020354]: Plugin companion_process_status loaded[0m
[0m[INFO] [1790601081.194822779]: Plugin companion_process_status initialized[0m
[0m[INFO] [1790601081.194863618]: Plugin debug_value loaded[0m
[0m[INFO] [1790601081.196509635]: Plugin debug_value initialized[0m
[0m[INFO] [1790601081.196521642]: Plugin distance_sensor blacklisted[0m
[0m[INFO] [1790601081.196554151]: Plugin esc_status loaded[0m
[0m[INFO] [1790601081.196909738]: Plugin esc_status initialized[0m
[0m[INFO] [1790601081.196941961]: Plugin esc_telemetry loaded[0m
[0m[INFO] [1790601081.197126699]: Plugin esc_telemetry initialized[0m
[0m[INFO] [1790601081.197167176]: Plugin fake_gps loaded[0m
[0m[INFO] [1790601081.202138189]: Plugin fake_gps initialized[0m
[0m[INFO] [1790601081.202192920]: Plugin ftp loaded[0m
[0m[INFO] [1790601081.204324487]: Plugin ftp initialized[0m
[0m[INFO] [1790601081.204368623]: Plugin geofence loaded[0m
[0m[INFO] [1790601081.205374172]: Plugin geofence initialized[0m
[0m[INFO] [1790601081.205415157]: Plugin global_position loaded[0m
[0m[INFO] [1790601081.211070973]: Plugin global_position initialized[0m
[0m[INFO] [1790601081.211120771]: Plugin gps_input loaded[0m
[0m[INFO] [1790601081.212004878]: Plugin gps_input initialized[0m
[0m[INFO] [1790601081.212040274]: Plugin gps_rtk loaded[0m
[0m[INFO] [1790601081.212974116]: Plugin gps_rtk initialized[0m
[0m[INFO] [1790601081.213007435]: Plugin gps_status loaded[0m
[0m[INFO] [1790601081.213722525]: Plugin gps_status initialized[0m
[0m[INFO] [1790601081.213760058]: Plugin guided_target loaded[0m
[0m[INFO] [1790601081.215233281]: Plugin guided_target initialized[0m
[0m[INFO] [1790601081.215294576]: Plugin hil loaded[0m
[0m[INFO] [1790601081.219424130]: Plugin hil initialized[0m
[0m[INFO] [1790601081.219481812]: Plugin home_position loaded[0m
[0m[INFO] [1790601081.220630890]: Plugin home_position initialized[0m
[0m[INFO] [1790601081.220672282]: Plugin imu loaded[0m
[0m[INFO] [1790601081.223133278]: Plugin imu initialized[0m
[0m[INFO] [1790601081.223176163]: Plugin landing_target loaded[0m
[0m[INFO] [1790601081.227813408]: Plugin landing_target initialized[0m
[0m[INFO] [1790601081.227862549]: Plugin local_position loaded[0m
[0m[INFO] [1790601081.230120167]: Plugin local_position initialized[0m
[0m[INFO] [1790601081.230168274]: Plugin log_transfer loaded[0m
[0m[INFO] [1790601081.231316893]: Plugin log_transfer initialized[0m
[0m[INFO] [1790601081.231359783]: Plugin mag_calibration_status loaded[0m
[0m[INFO] [1790601081.231726154]: Plugin mag_calibration_status initialized[0m
[0m[INFO] [1790601081.231769892]: Plugin manual_control loaded[0m
[0m[INFO] [1790601081.232727949]: Plug[33m[WARN] [1790601081.236130823]: Could not retrive negate_measured_roll parameter value, using default (0)[0m
[33m[WARN] [1790601081.236277541]: Could not retrive negate_measured_pitch parameter value, using default (0)[0m
[33m[WARN] [1790601081.236411952]: Could not retrive negate_measured_yaw parameter value, using default (0)[0m
[33m[WARN] [1790601081.236880532]: Could not retrive debounce_s parameter value, using default (4.000000)[0m
[33m[WARN] [1790601081.237013344]: Could not retrive err_threshold_deg parameter value, using default (10.000000)[0m
in manual_control initialized[0m
[0m[INFO] [1790601081.232780353]: Plugin mocap_pose_estimate loaded[0m
[0m[INFO] [1790601081.234172122]: Plugin mocap_pose_estimate initialized[0m
[0m[INFO] [1790601081.234213380]: Plugin mount_control loaded[0m
[0m[INFO] [1790601081.237032378]: Plugin mount_control initialized[0m
[0m[INFO] [1790601081.237079407]: Plugin nav_controller_output loaded[0m
[0m[INFO] [1790601081.237289713]: Plugin nav_controller_output initialized[0m
[0m[INFO] [1790601081.237328830]: Plugin obstacle_distance loaded[0m
[0m[INFO] [1790601081.238205321]: Plugin obstacle_distance initialized[0m
[0m[INFO] [1790601081.238248651]: Plugin odom loaded[0m
[0m[INFO] [1790601081.239993595]: Plugin odom initialized[0m
[0m[INFO] [1790601081.240033382]: Plugin onboard_computer_status loaded[0m
[0m[INFO] [1790601081.240803950]: Plugin onboard_computer_status initialized[0m
[0m[INFO] [1790601081.240849397]: Plugin param loaded[0m
[0m[INFO] [1790601081.241730776]: Plugin param initialized[0m
[0m[INFO] [1790601081.241767779]: Plugin play_tune loaded[0m
[0m[INFO] [1790601081.242510835]: Plugin play_tune initialized[0m
[0m[INFO] [1790601081.242547946]: Plugin px4flow loaded[0m
[0m[INFO] [1790601081.244885476]: Plugin px4flow initialized[0m
[0m[INFO] [1790601081.244934587]: Plugin rallypoint loaded[0m
[0m[INFO] [1790601081.246928020]: Plugin rallypoint initialized[0m
[0m[INFO] [1790601081.246949832]: Plugin rangefinder blacklisted[0m
[0m[INFO] [1790601081.247008410]: Plugin rc_io loaded[0m
[0m[INFO] [1790601081.249257595]: Plugin rc_io initialized[0m
[0m[INFO] [1790601081.249279209]: Plugin safety_area blacklisted[0m
[0m[INFO] [1790601081.249334682]: Plugin setpoint_accel loaded[0m
[0m[INFO] [1790601081.250369947]: Plugin setpoint_accel initialized[0m
[0m[INFO] [1790601081.250416282]: Plugin setpoint_attitude loaded[0m
[0m[INFO] [1790601081.253625234]: Plugin setpoint_attitude initialized[0m
[0m[INFO] [1790601081.253697038]: Plugin setpoint_position loaded[0m
[0m[INFO] [1790601081.259159795]: Plugin setpoint_position initialized[0m
[0m[INFO] [1790601081.259213328]: Plugin setpoint_raw loaded[0m
[0m[INFO] [1790601081.262190939]: Plugin setpoint_raw initialized[0m
[0m[INFO] [1790601081.262234144]: Plugin setpoint_trajectory loaded[0m
[0m[INFO] [1790601081.263952117]: Plugin setpoint_trajectory initialized[0m
[0m[INFO] [1790601081.264029428]: Plugin setpoint_velocity loaded[0m
[0m[INFO] [1790601081.265878491]: Plugin setpoint_velocity initialized[0m
[0m[INFO] [1790601081.265950103]: Plugin sys_status loaded[0m
[0m[INFO] [1790601081.269690781]: Plugin sys_status initialized[0m
[0m[INFO] [1790601081.269746542]: Plugin sys_time loaded[0m
[0m[INFO] [1790601081.271614236]: TM: Timesync mode: MAVLINK[0m
[0m[INFO] [1790601081.271746340]: TM: Not publishing sim time[0m
[0m[INFO] [1790601081.272154238]: Plugin sys_time initialized[0m
[0m[INFO] [1790601081.272200886]: Plugin terrain loaded[0m
[0m[INFO] [1790601081.272395737]: Plugin terrain initialized[0m
[0m[INFO] [1790601081.272434532]: Plugin trajectory loaded[0m
[0m[INFO] [1790601081.274101749]: Plugin trajectory initialized[0m
[0m[INFO] [1790601081.274139106]: Plugin tunnel loaded[0m
[0m[INFO] [1790601081.275196716]: Plugin tunnel initialized[0m
[0m[INFO] [1790601081.275259144]: Plugin vfr_hud loaded[0m
[0m[INFO] [1790601081.275461355]: Plugin vfr_hud initialized[0m
[0m[INFO] [1790601081.275475641]: Plugin vibration blacklisted[0m
[0m[INFO] [1790601081.275520852]: Plugin vision_pose_estimate loaded[0m
[0m[INFO] [1790601081.277907863]: Plugin vision_pose_estimate initialized[0m
[0m[INFO] [1790601081.277945260]: Plugin vision_speed_estimate loaded[0m
[0m[INFO] [1790601081.279286965]: Plugin vision_speed_estimate initialized[0m
[0m[INFO] [1790601081.279332916]: Plugin waypoint loaded[0m
[0m[INFO] [1790601081.280911723]: Plugin waypoint initialized[0m
[0m[INFO] [1790601081.280925827]: Plugin wheel_odometry blacklisted[0m
[0m[INFO] [1790601081.280969507]: Plugin wind_estimation [31m[ERROR] [1790601131.872302307, 54.372000000]: TM : Time jump detected. Resetting time synchroniser.[0m
[31m[ERROR] [1790601182.472318381, 104.812000000]: TM : Time jump detected. Resetting time synchroniser.[0m
[31m[ERROR] [1790601233.172326753, 155.452000000]: TM : Time jump detected. Resetting time synchroniser.[0m
[31m[ERROR] [1790601283.772302998, 205.664000000]: TM : Time jump detected. Resetting time synchroniser.[0m
[31m[ERROR] [1790601334.372343040, 256.124000000]: TM : Time jump detected. Resetting time synchroniser.[0m
[31m[ERROR] [1790601384.972326835, 306.468000000]: TM : Time jump detected. Resetting time synchroniser.[0m
loaded[0m
[0m[INFO] [1790601081.281187372]: Plugin wind_estimation initialized[0m
[0m[INFO] [1790601081.281247284]: Built-in SIMD instructions: SSE, SSE2[0m
[0m[INFO] [1790601081.281258734]: Built-in MAVLink package version: 2025.5.5[0m
[0m[INFO] [1790601081.281272381]: Known MAVLink dialects: common ardupilotmega ASLUAV AVSSUAS all csAirLink cubepilot development icarous loweheiser matrixpilot paparazzi standard storm32 uAvionix ualberta[0m
[0m[INFO] [1790601081.281283743]: MAVROS started. MY ID 1.240, TARGET ID 1.1[0m
[0m[INFO] [1790601081.281302351]: udp0: Remote address: 127.0.0.1:14580[0m
[0m[INFO] [1790601081.281371118]: IMU: Attitude quaternion IMU detected![0m
[0m[INFO] [1790601081.281438849]: IMU: High resolution IMU detected![0m
[0m[INFO] [1790601082.014916231, 4.544000000]: CON: Got HEARTBEAT, connected. FCU: PX4 Autopilot[0m
[0m[INFO] [1790601082.015639549, 4.544000000]: IMU: High resolution IMU detected![0m
[0m[INFO] [1790601082.022848060, 4.552000000]: IMU: Attitude quaternion IMU detected![0m
[0m[INFO] [1790601083.022971137, 5.552000000]: GF: Using MISSION_ITEM_INT[0m
[0m[INFO] [1790601083.023017080, 5.552000000]: RP: Using MISSION_ITEM_INT[0m
[0m[INFO] [1790601083.023034450, 5.552000000]: WP: Using MISSION_ITEM_INT[0m
[0m[INFO] [1790601083.023056204, 5.552000000]: VER: 1.1: Capabilities         0x000000000000e8ff[0m
[0m[INFO] [1790601083.023074395, 5.552000000]: VER: 1.1: Flight software:     011100ff (d6f12ad1c4000000)[0m
[0m[INFO] [1790601083.023087114, 5.552000000]: VER: 1.1: Middleware software: 011100ff (d6f12ad1c4000000)[0m
[0m[INFO] [1790601083.023100985, 5.552000000]: VER: 1.1: OS software:         050f00ff (fb2fadf6f599c140)[0m
[0m[INFO] [1790601083.023114099, 5.552000000]: VER: 1.1: Board hardware:      00000001[0m
[0m[INFO] [1790601083.023129489, 5.552000000]: VER: 1.1: VID/PID:             0000:0000[0m
[0m[INFO] [1790601083.023141872, 5.552000000]: VER: 1.1: UID:                 4954414c44494e4f[0m
[0m[INFO] [1790601097.022507834, 19.544000000]: GF: mission received[0m
[0m[INFO] [1790601097.022567680, 19.544000000]: WP: mission received[0m
[0m[INFO] [1790601097.022610742, 19.544000000]: RP: mission received[0m
Error in XmlRpcClient::writeRequest: write error (Connection refused).
Error in XmlRpcDispatch::work: couldn't find source iterator
Error in XmlRpcClient::writeRequest: write error (Connection refused).
Error in XmlRpcDispatch::work: couldn't find source iterator
Error in XmlRpcClient::writeRequest: write error (Connection refused).
Error in XmlRpcDispatch::work: couldn't find source iterator
Error in XmlRpcClient::writeRequest: write error (Connection refused).
Error in XmlRpcDispatch::work: couldn't find source iterator
Error in XmlRpcClient::writeRequest: write error (Connection refused).
Error in XmlRpcDispatch::work: couldn't find source iterator
Error in XmlRpcClient::writeRequest: write error (Connection refused).
Error in XmlRpcDispatch::work: couldn't find source iterator
Error in XmlRpcClient::writeRequest: write error (Connection refused).
Error in XmlRpcDispatch::work: couldn't find source iterator
Error in XmlRpcClient::writeRequest: write error (Connection refused).
Error in XmlRpcDispatch::work: couldn't find source iterator
Error in XmlRpcClient::writeRequest: write error (Connection refused).
Error in XmlRpcDispatch::work: couldn't find source iterator
Error in XmlRpcClient::writeRequest: write error (Connection refused).
Error in XmlRpcDispatch::work: couldn't find source iterator
Error in XmlRpcClient::writeRequest: write error (Connection refused).
Error in XmlRpcDispatch::work: couldn't find source iterator
Error in XmlRpcClient::writeRequest: write error (Connection refused).
Error in XmlRpcDispatch::work: couldn't find source iterator
Error in XmlRpcClient::writeRequest: write error (Connection refused).
Error in XmlRpcDispatch::work: couldn't find source iterator
Error in XmlRpcClient::writeRequest: write error (Connection refused).
Error in XmlRpcDispatch::work: couldn't find source iterator
Error in XmlRpcClient::writeRequest: write error (Connection refused).
Error in XmlRpcDispatch::work: couldn't find source iterator
Error in XmlRpcClient::writeRequest: write error (Connection refused).
Error in XmlRpcDispatch::work: couldn't find source iterator
Error in XmlRpcClient::writeRequest: write error (Connection refused).
Error in XmlRpcDispatch::work: couldn't find source iterator
Error in XmlRpcClient::writeRequest: write error (Connection refused).
Error in XmlRpcDispatch::work: couldn't find source iterator
Error in XmlRpcClient::writeRequest: write error (Connection refused).
Error in XmlRpcDispatch::work: couldn't find source iterator
Error in XmlRpcClient::writeRequest: write error (Connection refused).
Error in XmlRpcDispatch::work: couldn't find source iterator
Error in XmlRpcClient::writeRequest: write error (Connection refused).
Error in XmlRpcDispatch::work: couldn't find source iterator
Error in XmlRpcClient::writeRequest: write error (Connection refused).
Error in XmlRpcDispatch::work: couldn't find source iterator
Error in XmlRpcClient::writeRequest: write error (Connection refused).
Error in XmlRpcDispatch::work: couldn't find source iterator
Error in XmlRpcClient::writeRequest: write error (Connection refused).
Error in XmlRpcDispatch::work: couldn't find source iterator
Error in XmlRpcClient::writeRequest: write error (Connection refused).
Error in XmlRpcDispatch::work: couldn't find source iterator
Error in XmlRpcClient::writeRequest: write error (Connection refused).
Error in XmlRpcDispatch::work: couldn't find source iterator
Error in XmlRpcClient::writeRequest: write error (Connection refused).
Error in XmlRpcDispatch::work: couldn't find source iterator
Error in XmlRpcClient::writeRequest: write error (Connection refused).
Error in XmlRpcDispatch::work: couldn't find source iterator
Error in XmlRpcClient::writeRequest: write error (Connection refused).
Error in XmlRpcDispatch::work: couldn't find source iterator
Error in XmlRpcClient::writeRequest: write error (Connection refused).
Error in XmlRpcDispatch::work: couldn't find source iterator
Error in XmlRpcClient::writeRequest: write error (Connection refused).
Error in XmlRpcDispatch::work: couldn't find source iterator
Error in XmlRpcClient::writeRequest: write error (Connection refused).
Error in XmlRpcDispatch::work: couldn't find source iterator
Error in XmlRpcClient::writeRequest: write error (Connection refused).
Error in XmlRpcDispatch::work: couldn't find source iterator
Error in XmlRpcClient::writeRequest: write error (Connection refused).
Error in XmlRpcDispatch::work: couldn't find source iterator
Error in XmlRpcClient::writeRequest: write error (Connection refused).
Error in XmlRpcDispatch::work: couldn't find source iterator
Error in XmlRpcClient::writeRequest: write error (Connection refused).
Error in XmlRpcDispatch::work: couldn't find source iterator
Error in XmlRpcClient::writeRequest: write error (Connection refused).
Error in XmlRpcDispatch::work: couldn't find source iterator
Error in XmlRpcClient::writeRequest: write error (Connection refused).
Error in XmlRpcDispatch::work: couldn't find source iterator
Error in XmlRpcClient::writeRequest: write error (Connection refused).
Error in XmlRpcDispatch::work: couldn't find source iterator
Error in XmlRpcClient::writeRequest: write error (Connection refused).
Error in XmlRpcDispatch::work: couldn't find source iterator
Error in XmlRpcClient::writeRequest: write error (Connection refused).
Error in XmlRpcDispatch::work: couldn't find source iterator
Error in XmlRpcClient::writeRequest: write error (Connection refused).
Error in XmlRpcDispatch::work: couldn't find source iterator
Error in XmlRpcClient::writeRequest: write error (Connection refused).
Error in XmlRpcDispatch::work: couldn't find source iterator
Error in XmlRpcClient::writeRequest: write error (Connection refused).
Error in XmlRpcDispatch::work: couldn't find source iterator
Error in XmlRpcClient::writeRequest: write error (Connection refused).
Error in XmlRpcDispatch::work: couldn't find source iterator
Error in XmlRpcClient::writeRequest: write error (Connection refused).
Error in XmlRpcDispatch::work: couldn't find source iterator
Error in XmlRpcClient::writeRequest: write error (Connection refused).
Error in XmlRpcDispatch::work: couldn't find source iterator
Error in XmlRpcClient::writeRequest: write error (Connection refused).
Error in XmlRpcDispatch::work: couldn't find source iterator
Error in XmlRpcClient::writeRequest: write error (Connection refused).
Error in XmlRpcDispatch::work: couldn't find source iterator
Error in XmlRpcClient::writeRequest: write error (Connection refused).
Error in XmlRpcDispatch::work: couldn't find source iterator
Error in XmlRpcClient::writeRequest: write error (Connection refused).
Error in XmlRpcDispatch::work: couldn't find source iterator
Error in XmlRpcClient::writeRequest: write error (Connection refused).
Error in XmlRpcDispatch::work: couldn't find source iterator
Error in XmlRpcClient::writeRequest: write error (Connection refused).
Error in XmlRpcDispatch::work: couldn't find source iterator
Error in XmlRpcClient::writeRequest: write error (Connection refused).
Error in XmlRpcDispatch::work: couldn't find source iterator
Error in XmlRpcClient::writeRequest: write error (Connection refused).
Error in XmlRpcDispatch::work: couldn't find source iterator
Error in XmlRpcClient::writeRequest: write error (Connection refused).
Error in XmlRpcDispatch::work: couldn't find source iterator
Error in XmlRpcClient::writeRequest: write error (Connection refused).
Error in XmlRpcDispatch::work: couldn't find source iterator
Error in XmlRpcClient::writeRequest: write error (Connection refused).
Error in XmlRpcDispatch::work: couldn't find source iterator
Error in XmlRpcClient::writeRequest: write error (Connection refused).
Error in XmlRpcDispatch::work: couldn't find source iterator
Error in XmlRpcClient::writeRequest: write error (Connection refused).
Error in XmlRpcDispatch::work: couldn't find source iterator
Error in XmlRpcClient::writeRequest: write error (Connection refused).
Error in XmlRpcDispatch::work: couldn't find source iterator
Error in XmlRpcClient::writeRequest: write error (Connection refused).
Error in XmlRpcDispatch::work: couldn't find source iterator
Error in XmlRpcClient::writeRequest: write error (Connection refused).
Error in XmlRpcDispatch::work: couldn't find source iterator
Error in XmlRpcClient::writeRequest: write error (Connection refused).
Error in XmlRpcDispatch::work: couldn't find source iterator
Error in XmlRpcClient::writeRequest: write error (Connection refused).
Error in XmlRpcDispatch::work: couldn't find source iterator
Error in XmlRpcClient::writeRequest: write error (Connection refused).
Error in XmlRpcDispatch::work: couldn't find source iterator
Error in XmlRpcClient::writeRequest: write error (Connection refused).
Error in XmlRpcDispatch::work: couldn't find source iterator
Error in XmlRpcClient::writeRequest: write error (Connection refused).
Error in XmlRpcDispatch::work: couldn't find source iterator
Error in XmlRpcClient::writeRequest: write error (Connection refused).
Error in XmlRpcDispatch::work: couldn't find source iterator
Error in XmlRpcClient::writeRequest: write error (Connection refused).
Error in XmlRpcDispatch::work: couldn't find source iterator
Error in XmlRpcClient::writeRequest: write error (Connection refused).
Error in XmlRpcDispatch::work: couldn't find source iterator
Error in XmlRpcClient::writeRequest: write error (Connection refused).
Error in XmlRpcDispatch::work: couldn't find source iterator
Error in XmlRpcClient::writeRequest: write error (Connection refused).
Error in XmlRpcDispatch::work: couldn't find source iterator
Error in XmlRpcClient::writeRequest: write error (Connection refused).
Error in XmlRpcDispatch::work: couldn't find source iterator
Error in XmlRpcClient::writeRequest: write error (Connection refused).
Error in XmlRpcDispatch::work: couldn't find source iterator
Error in XmlRpcClient::writeRequest: write error (Connection refused).
Error in XmlRpcDispatch::work: couldn't find source iterator
Error in XmlRpcClient::writeRequest: write error (Connection refused).
Error in XmlRpcDispatch::work: couldn't find source iterator
Error in XmlRpcClient::writeRequest: write error (Connection refused).
Error in XmlRpcDispatch::work: couldn't find source iterator
Error in XmlRpcClient::writeRequest: write error (Connection refused).
Error in XmlRpcDispatch::work: couldn't find source iterator
Error in XmlRpcClient::writeRequest: write error (Connection refused).
Error in XmlRpcDispatch::work: couldn't find source iterator
Error in XmlRpcClient::writeRequest: write error (Connection refused).
Error in XmlRpcDispatch::work: couldn't find source iterator
Error in XmlRpcClient::writeRequest: write error (Connection refused).
Error in XmlRpcDispatch::work: couldn't find source iterator
Error in XmlRpcClient::writeRequest: write error (Connection refused).
Error in XmlRpcDispatch::work: couldn't find source iterator
Error in XmlRpcClient::writeRequest: write error (Connection refused).
Error in XmlRpcDispatch::work: couldn't find source iterator
Error in XmlRpcClient::writeRequest: write error (Connection refused).
Error in XmlRpcDispatch::work: couldn't find source iterator
Error in XmlRpcClient::writeRequest: write error (Connection refused).
Error in XmlRpcDispatch::work: couldn't find source iterator
Error in XmlRpcClient::writeRequest: write error (Connection refused).
Error in XmlRpcDispatch::work: couldn't find source iterator
Error in XmlRpcClient::writeRequest: write error (Connection refused).
Error in XmlRpcDispatch::work: couldn't find source iterator
Error in XmlRpcClient::writeRequest: write error (Connection refused).
Error in XmlRpcDispatch::work: couldn't find source iterator
Error in XmlRpcClient::writeRequest: write error (Connection refused).
Error in XmlRpcDispatch::work: couldn't find source iterator
Error in XmlRpcClient::writeRequest: write error (Connection refused).
Error in XmlRpcDispatch::work: couldn't find source iterator
Error in XmlRpcClient::writeRequest: write error (Connection refused).
Error in XmlRpcDispatch::work: couldn't find source iterator
Error in XmlRpcClient::writeRequest: write error (Connection refused).
Error in XmlRpcDispatch::work: couldn't find source iterator
Error in XmlRpcClient::writeRequest: write error (Connection refused).
Error in XmlRpcDispatch::work: couldn't find source iterator
Error in XmlRpcClient::writeRequest: write error (Connection refused).
Error in XmlRpcDispatch::work: couldn't find source iterator
Error in XmlRpcClient::writeRequest: write error (Connection refused).
Error in XmlRpcDispatch::work: couldn't find source iterator
Error in XmlRpcClient::writeRequest: write error (Connection refused).
Error in XmlRpcDispatch::work: couldn't find source iterator
Error in XmlRpcClient::writeRequest: write error (Connection refused).
Error in XmlRpcDispatch::work: couldn't find source iterator
Error in XmlRpcClient::writeRequest: write error (Connection refused).
Error in XmlRpcDispatch::work: couldn't find source iterator
Error in XmlRpcClient::writeRequest: write error (Connection refused).
Error in XmlRpcDispatch::work: couldn't find source iterator
Error in XmlRpcClient::writeRequest: write error (Connection refused).
Error in XmlRpcDispatch::work: couldn't find source iterator
Error in XmlRpcClient::writeRequest: write error (Connection refused).
Error in XmlRpcDispatch::work: couldn't find source iterator
Error in XmlRpcClient::writeRequest: write error (Connection refused).
Error in XmlRpcDispatch::work: couldn't find source iterator
Error in XmlRpcClient::writeRequest: write error (Connection refused).
Error in XmlRpcDispatch::work: couldn't find source iterator
Error in XmlRpcClient::writeRequest: write error (Connection refused).
Error in XmlRpcDispatch::work: couldn't find source iterator
Error in XmlRpcClient::writeRequest: write error (Connection refused).
Error in XmlRpcDispatch::work: couldn't find source iterator
Error in XmlRpcClient::writeRequest: write error (Connection refused).
Error in XmlRpcDispatch::work: couldn't find source iterator
Error in XmlRpcClient::writeRequest: write error (Connection refused).
Error in XmlRpcDispatch::work: couldn't find source iterator
Error in XmlRpcClient::writeRequest: write error (Connection refused).
Error in XmlRpcDispatch::work: couldn't find source iterator
Error in XmlRpcClient::writeRequest: write error (Connection refused).
Error in XmlRpcDispatch::work: couldn't find source iterator
Error in XmlRpcClient::writeRequest: write error (Connection refused).
Error in XmlRpcDispatch::work: couldn't find source iterator
Error in XmlRpcClient::writeRequest: write error (Connection refused).
Error in XmlRpcDispatch::work: couldn't find source iterator
Error in XmlRpcClient::writeRequest: write error (Connection refused).
Error in XmlRpcDispatch::work: couldn't find source iterator
Error in XmlRpcClient::writeRequest: write error (Connection refused).
Error in XmlRpcDispatch::work: couldn't find source iterator
Error in XmlRpcClient::writeRequest: write error (Connection refused).
Error in XmlRpcDispatch::work: couldn't find source iterator
Error in XmlRpcClient::writeRequest: write error (Connection refused).
Error in XmlRpcDispatch::work: couldn't find source iterator
Error in XmlRpcClient::writeRequest: write error (Connection refused).
Error in XmlRpcDispatch::work: couldn't find source iterator
Error in XmlRpcClient::writeRequest: write error (Connection refused).
Error in XmlRpcDispatch::work: couldn't find source iterator
Error in XmlRpcClient::writeRequest: write error (Connection refused).
Error in XmlRpcDispatch::work: couldn't find source iterator
Error in XmlRpcClient::writeRequest: write error (Connection refused).
Error in XmlRpcDispatch::work: couldn't find source iterator
Error in XmlRpcClient::writeRequest: write error (Connection refused).
Error in XmlRpcDispatch::work: couldn't find source iterator
Error in XmlRpcClient::writeRequest: write error (Connection refused).
Error in XmlRpcDispatch::work: couldn't find source iterator
Error in XmlRpcClient::writeRequest: write error (Connection refused).
Error in XmlRpcDispatch::work: couldn't find source iterator
Error in XmlRpcClient::writeRequest: write error (Connection refused).
Error in XmlRpcDispatch::work: couldn't find source iterator
Error in XmlRpcClient::writeRequest: write error (Connection refused).
Error in XmlRpcDispatch::work: couldn't find source iterator
Error in XmlRpcClient::writeRequest: write error (Connection refused).
Error in XmlRpcDispatch::work: couldn't find source iterator
Error in XmlRpcClient::writeRequest: write error (Connection refused).
Error in XmlRpcDispatch::work: couldn't find source iterator
Error in XmlRpcClient::writeRequest: write error (Connection refused).
Error in XmlRpcDispatch::work: couldn't find source iterator
Error in XmlRpcClient::writeRequest: write error (Connection refused).
Error in XmlRpcDispatch::work: couldn't find source iterator
Error in XmlRpcClient::writeRequest: write error (Connection refused).
Error in XmlRpcDispatch::work: couldn't find source iterator
Error in XmlRpcClient::writeRequest: write error (Connection refused).
Error in XmlRpcDispatch::work: couldn't find source iterator
Error in XmlRpcClient::writeRequest: write error (Connection refused).
Error in XmlRpcDispatch::work: couldn't find source iterator
Error in XmlRpcClient::writeRequest: write error (Connection refused).
Error in XmlRpcDispatch::work: couldn't find source iterator
Error in XmlRpcClient::writeRequest: write error (Connection refused).
Error in XmlRpcDispatch::work: couldn't find source iterator
Error in XmlRpcClient::writeRequest: write error (Connection refused).
Error in XmlRpcDispatch::work: couldn't find source iterator
Error in XmlRpcClient::writeRequest: write error (Connection refused).
Error in XmlRpcDispatch::work: couldn't find source iterator
Error in XmlRpcClient::writeRequest: write error (Connection refused).
Error in XmlRpcDispatch::work: couldn't find source iterator
Error in XmlRpcClient::writeRequest: write error (Connection refused).
Error in XmlRpcDispatch::work: couldn't find source iterator
Error in XmlRpcClient::writeRequest: write error (Connection refused).
Error in XmlRpcDispatch::work: couldn't find source iterator
Error in XmlRpcClient::writeRequest: write error (Connection refused).
Error in XmlRpcDispatch::work: couldn't find source iterator
Error in XmlRpcClient::writeRequest: write error (Connection refused).
Error in XmlRpcDispatch::work: couldn't find source iterator
Error in XmlRpcClient::writeRequest: write error (Connection refused).
Error in XmlRpcDispatch::work: couldn't find source iterator
Error in XmlRpcClient::writeRequest: write error (Connection refused).
Error in XmlRpcDispatch::work: couldn't find source iterator
Error in XmlRpcClient::writeRequest: write error (Connection refused).
Error in XmlRpcDispatch::work: couldn't find source iterator
Error in XmlRpcClient::writeRequest: write error (Connection refused).
Error in XmlRpcDispatch::work: couldn't find source iterator
Error in XmlRpcClient::writeRequest: write error (Connection refused).
Error in XmlRpcDispatch::work: couldn't find source iterator
Error in XmlRpcClient::writeRequest: write error (Connection refused).
Error in XmlRpcDispatch::work: couldn't find source iterator
Error in XmlRpcClient::writeRequest: write error (Connection refused).
Error in XmlRpcDispatch::work: couldn't find source iterator
Error in XmlRpcClient::writeRequest: write error (Connection refused).
Error in XmlRpcDispatch::work: couldn't find source iterator
Error in XmlRpcClient::writeRequest: write error (Connection refused).
Error in XmlRpcDispatch::work: couldn't find source iterator
Error in XmlRpcClient::writeRequest: write error (Connection refused).
Error in XmlRpcDispatch::work: couldn't find source iterator
Error in XmlRpcClient::writeRequest: write error (Connection refused).
Error in XmlRpcDispatch::work: couldn't find source iterator
Error in XmlRpcClient::writeRequest: write error (Connection refused).
Error in XmlRpcDispatch::work: couldn't find source iterator
Error in XmlRpcClient::writeRequest: write error (Connection refused).
Error in XmlRpcDispatch::work: couldn't find source iterator
Error in XmlRpcClient::writeRequest: write error (Connection refused).
Error in XmlRpcDispatch::work: couldn't find source iterator
Error in XmlRpcClient::writeRequest: write error (Connection refused).
Error in XmlRpcDispatch::work: couldn't find source iterator
Error in XmlRpcClient::writeRequest: write error (Connection refused).
Error in XmlRpcDispatch::work: couldn't find source iterator
Error in XmlRpcClient::writeRequest: write error (Connection refused).
Error in XmlRpcDispatch::work: couldn't find source iterator
Error in XmlRpcClient::writeRequest: write error (Connection refused).
Error in XmlRpcDispatch::work: couldn't find source iterator
Error in XmlRpcClient::writeRequest: write error (Connection refused).
Error in XmlRpcDispatch::work: couldn't find source iterator
Error in XmlRpcClient::writeRequest: write error (Connection refused).
Error in XmlRpcDispatch::work: couldn't find source iterator
Error in XmlRpcClient::writeRequest: write error (Connection refused).
Error in XmlRpcDispatch::work: couldn't find source iterator
Error in XmlRpcClient::writeRequest: write error (Connection refused).
Error in XmlRpcDispatch::work: couldn't find source iterator
Error in XmlRpcClient::writeRequest: write error (Connection refused).
Error in XmlRpcDispatch::work: couldn't find source iterator
Error in XmlRpcClient::writeRequest: write error (Connection refused).
Error in XmlRpcDispatch::work: couldn't find source iterator
Error in XmlRpcClient::writeRequest: write error (Connection refused).
Error in XmlRpcDispatch::work: couldn't find source iterator
Error in XmlRpcClient::writeRequest: write error (Connection refused).
Error in XmlRpcDispatch::work: couldn't find source iterator
Error in XmlRpcClient::writeRequest: write error (Connection refused).
Error in XmlRpcDispatch::work: couldn't find source iterator
Error in XmlRpcClient::writeRequest: write error (Connection refused).
Error in XmlRpcDispatch::work: couldn't find source iterator
Error in XmlRpcClient::writeRequest: write error (Connection refused).
Error in XmlRpcDispatch::work: couldn't find source iterator
Error in XmlRpcClient::writeRequest: write error (Connection refused).
Error in XmlRpcDispatch::work: couldn't find source iterator
Error in XmlRpcClient::writeRequest: write error (Connection refused).
Error in XmlRpcDispatch::work: couldn't find source iterator
Error in XmlRpcClient::writeRequest: write error (Connection refused).
Error in XmlRpcDispatch::work: couldn't find source iterator
Error in XmlRpcClient::writeRequest: write error (Connection refused).
Error in XmlRpcDispatch::work: couldn't find source iterator
Error in XmlRpcClient::writeRequest: write error (Connection refused).
Error in XmlRpcDispatch::work: couldn't find source iterator
Error in XmlRpcClient::writeRequest: write error (Connection refused).
Error in XmlRpcDispatch::work: couldn't find source iterator
Error in XmlRpcClient::writeRequest: write error (Connection refused).
Error in XmlRpcDispatch::work: couldn't find source iterator
Error in XmlRpcClient::writeRequest: write error (Connection refused).
Error in XmlRpcDispatch::work: couldn't find source iterator
Error in XmlRpcClient::writeRequest: write error (Connection refused).
Error in XmlRpcDispatch::work: couldn't find source iterator
Error in XmlRpcClient::writeRequest: write error (Connection refused).
Error in XmlRpcDispatch::work: couldn't find source iterator
Error in XmlRpcClient::writeRequest: write error (Connection refused).
Error in XmlRpcDispatch::work: couldn't find source iterator
Error in XmlRpcClient::writeRequest: write error (Connection refused).
Error in XmlRpcDispatch::work: couldn't find source iterator
Error in XmlRpcClient::writeRequest: write error (Connection refused).
Error in XmlRpcDispatch::work: couldn't find source iterator
Error in XmlRpcClient::writeRequest: write error (Connection refused).
Error in XmlRpcDispatch::work: couldn't find source iterator
Error in XmlRpcClient::writeRequest: write error (Connection refused).
Error in XmlRpcDispatch::work: couldn't find source iterator
Error in XmlRpcClient::writeRequest: write error (Connection refused).
Error in XmlRpcDispatch::work: couldn't find source iterator
Error in XmlRpcClient::writeRequest: write error (Connection refused).
Error in XmlRpcDispatch::work: couldn't find source iterator
Error in XmlRpcClient::writeRequest: write error (Connection refused).
Error in XmlRpcDispatch::work: couldn't find source iterator
Error in XmlRpcClient::writeRequest: write error (Connection refused).
Error in XmlRpcDispatch::work: couldn't find source iterator
Error in XmlRpcClient::writeRequest: write error (Connection refused).
Error in XmlRpcDispatch::work: couldn't find source iterator
Error in XmlRpcClient::writeRequest: write error (Connection refused).
Error in XmlRpcDispatch::work: couldn't find source iterator
Error in XmlRpcClient::writeRequest: write error (Connection refused).
Error in XmlRpcDispatch::work: couldn't find source iterator
Error in XmlRpcClient::writeRequest: write error (Connection refused).
Error in XmlRpcDispatch::work: couldn't find source iterator
Error in XmlRpcClient::writeRequest: write error (Connection refused).
Error in XmlRpcDispatch::work: couldn't find source iterator
Error in XmlRpcClient::writeRequest: write error (Connection refused).
Error in XmlRpcDispatch::work: couldn't find source iterator
Error in XmlRpcClient::writeRequest: write error (Connection refused).
Error in XmlRpcDispatch::work: couldn't find source iterator
[31mWARNING: disk usage in log directory [/home/uav/.ros/log] is over 1GB.
It's recommended that you use the 'rosclean' command.[0m
... logging to /home/uav/.ros/log/130e0eca-bb3e-11f1-8813-8f8ef68ad52e/roslaunch-uav4-67713.log
Checking log directory for disk usage. This may take a while.
Press Ctrl-C to interrupt
]2;/opt/ros/noetic/share/mavros/launch/px4.launch
[1mstarted roslaunch server http://uav4:43087/[0m

SUMMARY
========

CLEAR PARAMETERS
 * /mavros/

PARAMETERS
 * /mavros/camera/frame_id: base_link
 * /mavros/cmd/use_comp_id_system_control: False
 * /mavros/conn/heartbeat_rate: 1.0
 * /mavros/conn/system_time_rate: 1.0
 * /mavros/conn/timeout: 10.0
 * /mavros/conn/timesync_rate: 10.0
 * /mavros/distance_sensor/hrlv_ez4_pub/field_of_view: 0.0
 * /mavros/distance_sensor/hrlv_ez4_pub/frame_id: hrlv_ez4_sonar
 * /mavros/distance_sensor/hrlv_ez4_pub/id: 0
 * /mavros/distance_sensor/hrlv_ez4_pub/orientation: PITCH_270
 * /mavros/distance_sensor/hrlv_ez4_pub/send_tf: True
 * /mavros/distance_sensor/hrlv_ez4_pub/sensor_position/x: 0.0
 * /mavros/distance_sensor/hrlv_ez4_pub/sensor_position/y: 0.0
 * /mavros/distance_sensor/hrlv_ez4_pub/sensor_position/z: -0.1
 * /mavros/distance_sensor/laser_1_sub/id: 3
 * /mavros/distance_sensor/laser_1_sub/orientation: PITCH_270
 * /mavros/distance_sensor/laser_1_sub/subscriber: True
 * /mavros/distance_sensor/lidarlite_pub/field_of_view: 0.0
 * /mavros/distance_sensor/lidarlite_pub/frame_id: lidarlite_laser
 * /mavros/distance_sensor/lidarlite_pub/id: 1
 * /mavros/distance_sensor/lidarlite_pub/orientation: PITCH_270
 * /mavros/distance_sensor/lidarlite_pub/send_tf: True
 * /mavros/distance_sensor/lidarlite_pub/sensor_position/x: 0.0
 * /mavros/distance_sensor/lidarlite_pub/sensor_position/y: 0.0
 * /mavros/distance_sensor/lidarlite_pub/sensor_position/z: -0.1
 * /mavros/distance_sensor/sonar_1_sub/horizontal_fov_ratio: 1.0
 * /mavros/distance_sensor/sonar_1_sub/id: 2
 * /mavros/distance_sensor/sonar_1_sub/orientation: PITCH_270
 * /mavros/distance_sensor/sonar_1_sub/subscriber: True
 * /mavros/distance_sensor/sonar_1_sub/vertical_fov_ratio: 1.0
 * /mavros/fake_gps/eph: 2.0
 * /mavros/fake_gps/epv: 2.0
 * /mavros/fake_gps/fix_type: 3
 * /mavros/fake_gps/geo_origin/alt: 408.0
 * /mavros/fake_gps/geo_origin/lat: 47.3667
 * /mavros/fake_gps/geo_origin/lon: 8.55
 * /mavros/fake_gps/gps_rate: 5.0
 * /mavros/fake_gps/mocap_transform: True
 * /mavros/fake_gps/satellites_visible: 5
 * /mavros/fake_gps/tf/child_frame_id: fix
 * /mavros/fake_gps/tf/frame_id: map
 * /mavros/fake_gps/tf/listen: False
 * /mavros/fake_gps/tf/rate_limit: 10.0
 * /mavros/fake_gps/tf/send: False
 * /mavros/fake_gps/use_mocap: True
 * /mavros/fake_gps/use_vision: False
 * /mavros/fcu_protocol: v2.0
 * /mavros/fcu_url: udp://:14540@127....
 * /mavros/gcs_url: 
 * /mavros/global_position/child_frame_id: base_link
 * /mavros/global_position/frame_id: map
 * /mavros/global_position/gps_uere: 1.0
 * /mavros/global_position/rot_covariance: 99999.0
 * /mavros/global_position/tf/child_frame_id: base_link
 * /mavros/global_position/tf/frame_id: map
 * /mavros/global_position/tf/global_frame_id: earth
 * /mavros/global_position/tf/send: False
 * /mavros/global_position/use_relative_alt: True
 * /mavros/image/frame_id: px4flow
 * /mavros/imu/angular_velocity_stdev: 0.0003490659 // 0...
 * /mavros/imu/frame_id: base_link
 * /mavros/imu/linear_acceleration_stdev: 0.0003
 * /mavros/imu/magnetic_stdev: 0.0
 * /mavros/imu/orientation_stdev: 1.0
 * /mavros/landing_target/camera/fov_x: 2.0071286398
 * /mavros/landing_target/camera/fov_y: 2.0071286398
 * /mavros/landing_target/image/height: 480
 * /mavros/landing_target/image/width: 640
 * /mavros/landing_target/land_target_type: VISION_FIDUCIAL
 * /mavros/landing_target/listen_lt: False
 * /mavros/landing_target/mav_frame: LOCAL_NED
 * /mavros/landing_target/target_size/x: 0.3
 * /mavros/landing_target/target_size/y: 0.3
 * /mavros/landing_target/tf/child_frame_id: camera_center
 * /mavros/landing_target/tf/frame_id: landing_target
 * /mavros/landing_target/tf/listen: False
 * /mavros/landing_target/tf/rate_limit: 10.0
 * /mavros/landing_target/tf/send: True
 * /mavros/local_position/frame_id: map
 * /mavros/local_position/tf/child_frame_id: base_link
 * /mavros/local_position/tf/frame_id: map
 * /mavros/local_position/tf/send: False
 * /mavros/local_position/tf/send_fcu: False
 * /mavros/mission/pull_after_gcs: True
 * /mavros/mission/use_mission_item_int: True
 * /mavros/mocap/use_pose: True
 * /mavros/mocap/use_tf: False
 * /mavros/mount/debounce_s: 4.0
 * /mavros/mount/err_threshold_deg: 10.0
 * /mavros/mount/negate_measured_pitch: False
 * /mavros/mount/negate_measured_roll: False
 * /mavros/mount/negate_measured_yaw: False
 * /mavros/odometry/fcu/map_id_des: map
 * /mavros/odometry/fcu/odom_child_id_des: base_link
 * /mavros/odometry/fcu/odom_parent_id_des: odom
 * /mavros/plugin_blacklist: ['safety_area', '...
 * /mavros/plugin_whitelist: []
 * /mavros/px4flow/frame_id: px4flow
 * /mavros/px4flow/ranger_fov: 0.118682
 * /mavros/px4flow/ranger_max_range: 5.0
 * /mavros/px4flow/ranger_min_range: 0.3
 * /mavros/safety_area/p1/x: 1.0
 * /mavros/safety_area/p1/y: 1.0
 * /mavros/safety_area/p1/z: 1.0
 * /mavros/safety_area/p2/x: -1.0
 * /mavros/safety_area/p2/y: -1.0
 * /mavros/safety_area/p2/z: -1.0
 * /mavros/setpoint_accel/send_force: False
 * /mavros/setpoint_attitude/reverse_thrust: False
 * /mavros/setpoint_attitude/tf/child_frame_id: target_attitude
 * /mavros/setpoint_attitude/tf/frame_id: map
 * /mavros/setpoint_attitude/tf/listen: False
 * /mavros/setpoint_attitude/tf/rate_limit: 50.0
 * /mavros/setpoint_attitude/use_quaternion: False
 * /mavros/setpoint_position/mav_frame: LOCAL_NED
 * /mavros/setpoint_position/tf/child_frame_id: target_position
 * /mavros/setpoint_position/tf/frame_id: map
 * /mavros/setpoint_position/tf/listen: False
 * /mavros/setpoint_position/tf/rate_limit: 50.0
 * /mavros/setpoint_raw/thrust_scaling: 1.0
 * /mavros/setpoint_velocity/mav_frame: LOCAL_NED
 * /mavros/startup_px4_usb_quirk: False
 * /mavros/sys/disable_diag: False
 * /mavros/sys/min_voltage: 10.0
 * /mavros/target_component_id: 1
 * /mavros/target_system_id: 1
 * /mavros/tdr_radio/low_rssi: 40
 * /mavros/time/time_ref_source: fcu
 * /mavros/time/timesync_avg_alpha: 0.6
 * /mavros/time/timesync_mode: MAVLINK
 * /mavros/vibration/frame_id: base_link
 * /mavros/vision_pose/tf/child_frame_id: vision_estimate
 * /mavros/vision_pose/tf/frame_id: odom
 * /mavros/vision_pose/tf/listen: False
 * /mavros/vision_pose/tf/rate_limit: 10.0
 * /mavros/vision_speed/listen_twist: True
 * /mavros/vision_speed/twist_cov: True
 * /mavros/wheel_odometry/child_frame_id: base_link
 * /mavros/wheel_odometry/count: 2
 * /mavros/wheel_odometry/frame_id: odom
 * /mavros/wheel_odometry/send_raw: True
 * /mavros/wheel_odometry/send_twist: False
 * /mavros/wheel_odometry/tf/child_frame_id: base_link
 * /mavros/wheel_odometry/tf/frame_id: odom
 * /mavros/wheel_odometry/tf/send: False
 * /mavros/wheel_odometry/use_rpm: False
 * /mavros/wheel_odometry/vel_error: 0.1
 * /mavros/wheel_odometry/wheel0/radius: 0.05
 * /mavros/wheel_odometry/wheel0/x: 0.0
 * /mavros/wheel_odometry/wheel0/y: -0.15
 * /mavros/wheel_odometry/wheel1/radius: 0.05
 * /mavros/wheel_odometry/wheel1/x: 0.0
 * /mavros/wheel_odometry/wheel1/y: 0.15
 * /rosdistro: noetic
 * /rosversion: 1.17.4

NODES
  /
    mavros (mavros/mavros_node)

[1mROS_MASTER_URI=http://localhost:11311[0m
]2;/opt/ros/noetic/share/mavros/launch/px4.launch http://localhost:11311
[1mprocess[mavros-1]: started with pid [67749][0m
[mavros-1] killing on exit
shutting down processing monitor...
... shutting down processing monitor complete
[1mdone[0m
