[0/4] Performing build step for 'sitl_gazebo-classic'
ninja: no work to do.
[2/4] No install step for 'sitl_gazebo-classic'
[3/4] Completed 'sitl_gazebo-classic'
[3/4] cd /home/uav/PX4-Autopilot/build/px4_sitl_default/src/modules/simulation/simulator_mavlink && /home/uav/PX4-Autopilot/Tools/simulation/gazebo-classic/sitl_run.sh /home/uav/PX4-Autopilot/build/px4_sitl_default/bin/px4 none iris_stereo_vins none /home/uav/PX4-Autopilot /home/uav/PX4-Autopilot/build/px4_sitl_default
SITL ARGS
sitl_bin: /home/uav/PX4-Autopilot/build/px4_sitl_default/bin/px4
debugger: none
model: iris_stereo_vins
world: none
src_path: /home/uav/PX4-Autopilot
build_path: /home/uav/PX4-Autopilot/build/px4_sitl_default
GAZEBO_PLUGIN_PATH /usr/lib/x86_64-linux-gnu/gazebo-11/plugins::/home/uav/PX4-Autopilot/build/px4_sitl_default/build_gazebo-classic
GAZEBO_MODEL_PATH /usr/share/gazebo-11/models::/home/uav/PX4-Autopilot/Tools/simulation/gazebo-classic/sitl_gazebo-classic/models
LD_LIBRARY_PATH /opt/ros/noetic/lib:/opt/ros/noetic/lib/x86_64-linux-gnu:/usr/lib/x86_64-linux-gnu/gazebo-11/plugins::/home/uav/PX4-Autopilot/build/px4_sitl_default/build_gazebo-classic
Using: /home/uav/PX4-Autopilot/Tools/simulation/gazebo-classic/sitl_gazebo-classic/models/iris_stereo_vins/iris_stereo_vins.sdf
Gazebo multi-robot simulator, version 11.15.1
Copyright (C) 2012 Open Source Robotics Foundation.
Released under the Apache 2 License.
http://gazebosim.org

[1;33m
#     # ####### ####### ###  #####  #######
##    # #     #    #     #  #     # #
# #   # #     #    #     #  #       #
#  #  # #     #    #     #  #       #####
#   # # #     #    #     #  #       #
#    ## #     #    #     #  #     # #
#     # #######    #    ###  #####  #######

This version of Gazebo, now called Gazebo classic, reaches end-of-life
in January 2025. Users are highly encouraged to migrate to the new Gazebo
using our migration guides (https://gazebosim.org/docs/latest/gazebo_classic_migration/)


[0mgzserver not ready yet, trying again!
not running gazebo gui
SITL COMMAND: "/home/uav/PX4-Autopilot/build/px4_sitl_default/bin/px4" "/home/uav/PX4-Autopilot/build/px4_sitl_default"/etc

______  __   __    ___ 
| ___ \ \ \ / /   /   |
| |_/ /  \ V /   / /| |
|  __/   /   \  / /_| |
| |     / /^\ \ \___  |
\_|     \/   \/     |_/

px4 starting.

INFO  [px4] startup script: /bin/sh etc/init.d-posix/rcS 0
INFO  [init] found model autostart file as SYS_AUTOSTART=1090
INFO  [param] selected parameter default file parameters.bson
INFO  [param] importing from 'parameters.bson'
INFO  [parameters] BSON document size 547 bytes, decoded 547 bytes (INT32:19, FLOAT:8)
INFO  [param] selected parameter backup file parameters_backup.bson
INFO  [dataman] data manager file './dataman' size is 1208528 bytes
INFO  [init] PX4_SIM_HOSTNAME: localhost
INFO  [simulator_mavlink] Waiting for simulator to accept connection on TCP port 4560
[0m[INFO] [1790601076.487251076]: Finished loading Gazebo ROS API Plugin.[0m
[0m[INFO] [1790601076.488093864]: waitForService: Service [/gazebo/set_physics_properties] has not been advertised, waiting...[0m
[1;32m[Msg] [0m[1;32mWaiting for master.[0m[1;32m
[0m[1;32m[0m[1;32m[Msg] [0m[1;32mConnected to gazebo master @ [0m[1;32mhttp://127.0.0.1:11345[0m[1;32m
[0m[1;32m[0m[1;32m[Msg] [0m[1;32mPublicized address: [0m[1;32m192.168.0.5[0m[1;32m
[0m[1;32m[0m[1;32m[Msg] [0m[1;32mLoading world file [[0m[1;32m/home/uav/PX4-Autopilot/Tools/simulation/gazebo-classic/sitl_gazebo-classic/worlds/sitl_world_obstacles.world[0m[1;32m][0m[1;32m
[0m[1;32m[0m[0m[INFO] [1790601076.775529405, 0.008000000]: waitForService: Service [/gazebo/set_physics_properties] is now available.[0m
[0m[INFO] [1790601076.786910248, 0.020000000]: Physics dynamic reconfigure ready.[0m
[1;33mWarning [parser.cc:833][0m XML Attribute[version] in element[sdf] not defined in SDF, ignoring.
[1;33mWarning [parser.cc:833][0m XML Attribute[version] in element[sdf] not defined in SDF, ignoring.
[1;33mWarning [parser.cc:833][0m XML Attribute[version] in element[sdf] not defined in SDF, ignoring.
[1;33mWarning [parser.cc:833][0m XML Attribute[version] in element[sdf] not defined in SDF, ignoring.
[1;33m[Wrn] [gazebo_gps_plugin.cpp:77] [0m[1;33m[gazebo_gps_plugin]: iris_stereo_vins::gps0 using gps topic "[0m[1;33mgps0[0m[1;33m"
[0m[1;33m[Wrn] [gazebo_gps_plugin.cpp:202] [0m[1;33m[gazebo_gps_plugin] Using default update rate of [0m[1;33m5[0m[1;33mhz 
[0mINFO  [simulator_mavlink] Simulator connected on TCP port 4560.
INFO  [lockstep_scheduler] setting initial absolute time to 1400000 us
INFO  [commander] LED: open /dev/led0 failed (22)
INFO  [uxrce_dds_client] init UDP agent IP:127.0.0.1, port:8888
INFO  [mavlink] mode: Normal, data rate: 4000000 B/s on udp port 18570 remote port 14550
INFO  [mavlink] mode: Onboard, data rate: 4000000 B/s on udp port 14580 remote port 14540
INFO  [mavlink] mode: Onboard, data rate: 4000 B/s on udp port 14280 remote port 14030
INFO  [mavlink] mode: Gimbal, data rate: 400000 B/s on udp port 13030 remote port 13280
INFO  [logger] logger started (mode=all)
INFO  [logger] Start file log (type: full)
INFO  [logger] [logger] ./log/2026-09-28/13_11_19.ulg	
INFO  [logger] Opened full log file: ./log/2026-09-28/13_11_19.ulg
INFO  [mavlink] MAVLink only on localhost (set param MAV_{i}_BROADCAST = 1 to enable network)
INFO  [mavlink] MAVLink only on localhost (set param MAV_{i}_BROADCAST = 1 to enable network)
INFO  [px4] Startup script returned successfully
pxh> INFO  [tone_alarm] home set
WARN  [health_and_arming_checks] Preflight Fail: ekf2 missing data
INFO  [mavlink] partner IP: 127.0.0.1
INFO  [commander] [32mReady for takeoff![0m
[0m[INFO] [1790601078.721222797, 1.388000000]: Camera Plugin: The 'robotNamespace' param was empty[0m
[0m[INFO] [1790601078.737484181, 1.388000000]: Camera Plugin: The 'robotNamespace' param was empty[0m
[0m[INFO] [1790601078.737775034, 1.388000000]: Camera Plugin (ns = iris_stereo_vins)  <tf_prefix_>, set to ""[0m
[0m[INFO] [1790601078.738843101, 1.388000000]: Camera Plugin (ns = iris_stereo_vins)  <tf_prefix_>, set to ""[0m
[0m[INFO] [1790601078.740258685, 1.388000000]: Camera Plugin: The 'robotNamespace' param was empty[0m
[0m[INFO] [1790601078.742105744, 1.388000000]: Camera Plugin (ns = iris_stereo_vins)  <tf_prefix_>, set to ""[0m
[1;32m[Msg] [0m[1;32mConnecting to PX4 SITL using [0m[1;32mTCP[0m[1;32m
[0m[1;32m[Msg] [0m[1;32mLockstep is [0m[1;32menabled[0m[1;32m
[0m[1;32m[Msg] [0m[1;32mSpeed factor set to: [0m[1;32m1[0m[1;32m
[0m[1;32m[Msg] [0m[1;32mUsing MAVLink protocol v2.0
[0mFailed sending mavlink message: Broken pipe
Closing connection.
Connection closed by client.
FAILED: src/modules/simulation/simulator_mavlink/CMakeFiles/gazebo-classic_iris_stereo_vins 
cd /home/uav/PX4-Autopilot/build/px4_sitl_default/src/modules/simulation/simulator_mavlink && /home/uav/PX4-Autopilot/Tools/simulation/gazebo-classic/sitl_run.sh /home/uav/PX4-Autopilot/build/px4_sitl_default/bin/px4 none iris_stereo_vins none /home/uav/PX4-Autopilot /home/uav/PX4-Autopilot/build/px4_sitl_default
ninja: build stopped: subcommand failed.
make: *** [Makefile:227: px4_sitl] Error 1
